Archive member included to satisfy reference by file (symbol)

/home/szy/gcc-arm-none-eabi-7-2017-q4-major/bin/../lib/gcc/arm-none-eabi/7.2.1/../../../../arm-none-eabi/lib/thumb/v7e-m/fpv4-sp/hard/libstdc++.a(class_type_info.o)
                              CMakeFiles/BMI_088_SPI_Clion.elf.dir/Algorithms/PID/pid.cpp.obj (vtable for __cxxabiv1::__class_type_info)
/home/szy/gcc-arm-none-eabi-7-2017-q4-major/bin/../lib/gcc/arm-none-eabi/7.2.1/../../../../arm-none-eabi/lib/thumb/v7e-m/fpv4-sp/hard/libstdc++.a(del_ops.o)
                              /home/szy/gcc-arm-none-eabi-7-2017-q4-major/bin/../lib/gcc/arm-none-eabi/7.2.1/../../../../arm-none-eabi/lib/thumb/v7e-m/fpv4-sp/hard/libstdc++.a(class_type_info.o) (operator delete(void*, unsigned int))
/home/szy/gcc-arm-none-eabi-7-2017-q4-major/bin/../lib/gcc/arm-none-eabi/7.2.1/../../../../arm-none-eabi/lib/thumb/v7e-m/fpv4-sp/hard/libstdc++.a(si_class_type_info.o)
                              /home/szy/gcc-arm-none-eabi-7-2017-q4-major/bin/../lib/gcc/arm-none-eabi/7.2.1/../../../../arm-none-eabi/lib/thumb/v7e-m/fpv4-sp/hard/libstdc++.a(class_type_info.o) (vtable for __cxxabiv1::__si_class_type_info)
/home/szy/gcc-arm-none-eabi-7-2017-q4-major/bin/../lib/gcc/arm-none-eabi/7.2.1/../../../../arm-none-eabi/lib/thumb/v7e-m/fpv4-sp/hard/libstdc++.a(tinfo.o)
                              /home/szy/gcc-arm-none-eabi-7-2017-q4-major/bin/../lib/gcc/arm-none-eabi/7.2.1/../../../../arm-none-eabi/lib/thumb/v7e-m/fpv4-sp/hard/libstdc++.a(class_type_info.o) (std::type_info::~type_info())
/home/szy/gcc-arm-none-eabi-7-2017-q4-major/bin/../lib/gcc/arm-none-eabi/7.2.1/../../../../arm-none-eabi/lib/thumb/v7e-m/fpv4-sp/hard/libstdc++.a(del_op.o)
                              /home/szy/gcc-arm-none-eabi-7-2017-q4-major/bin/../lib/gcc/arm-none-eabi/7.2.1/../../../../arm-none-eabi/lib/thumb/v7e-m/fpv4-sp/hard/libstdc++.a(del_ops.o) (operator delete(void*))
/home/szy/gcc-arm-none-eabi-7-2017-q4-major/bin/../lib/gcc/arm-none-eabi/7.2.1/../../../../arm-none-eabi/lib/thumb/v7e-m/fpv4-sp/hard/libm.a(lib_a-sf_cos.o)
                              CMakeFiles/BMI_088_SPI_Clion.elf.dir/Algorithms/Fusion/FusionAhrs.c.obj (cosf)
/home/szy/gcc-arm-none-eabi-7-2017-q4-major/bin/../lib/gcc/arm-none-eabi/7.2.1/../../../../arm-none-eabi/lib/thumb/v7e-m/fpv4-sp/hard/libm.a(lib_a-sf_sin.o)
                              CMakeFiles/BMI_088_SPI_Clion.elf.dir/Algorithms/Fusion/FusionAhrs.c.obj (sinf)
/home/szy/gcc-arm-none-eabi-7-2017-q4-major/bin/../lib/gcc/arm-none-eabi/7.2.1/../../../../arm-none-eabi/lib/thumb/v7e-m/fpv4-sp/hard/libm.a(lib_a-w_sqrt.o)
                              CMakeFiles/BMI_088_SPI_Clion.elf.dir/Algorithms/Fusion_sample/MahonyAHRS.c.obj (sqrt)
/home/szy/gcc-arm-none-eabi-7-2017-q4-major/bin/../lib/gcc/arm-none-eabi/7.2.1/../../../../arm-none-eabi/lib/thumb/v7e-m/fpv4-sp/hard/libm.a(lib_a-wf_asin.o)
                              CMakeFiles/BMI_088_SPI_Clion.elf.dir/applications/INS_Task.cpp.obj (asinf)
/home/szy/gcc-arm-none-eabi-7-2017-q4-major/bin/../lib/gcc/arm-none-eabi/7.2.1/../../../../arm-none-eabi/lib/thumb/v7e-m/fpv4-sp/hard/libm.a(lib_a-wf_atan2.o)
                              CMakeFiles/BMI_088_SPI_Clion.elf.dir/Algorithms/Fusion/FusionAhrs.c.obj (atan2f)
/home/szy/gcc-arm-none-eabi-7-2017-q4-major/bin/../lib/gcc/arm-none-eabi/7.2.1/../../../../arm-none-eabi/lib/thumb/v7e-m/fpv4-sp/hard/libm.a(lib_a-wf_sqrt.o)
                              CMakeFiles/BMI_088_SPI_Clion.elf.dir/Algorithms/Fusion/FusionAhrs.c.obj (sqrtf)
/home/szy/gcc-arm-none-eabi-7-2017-q4-major/bin/../lib/gcc/arm-none-eabi/7.2.1/../../../../arm-none-eabi/lib/thumb/v7e-m/fpv4-sp/hard/libm.a(lib_a-e_sqrt.o)
                              /home/szy/gcc-arm-none-eabi-7-2017-q4-major/bin/../lib/gcc/arm-none-eabi/7.2.1/../../../../arm-none-eabi/lib/thumb/v7e-m/fpv4-sp/hard/libm.a(lib_a-w_sqrt.o) (__ieee754_sqrt)
/home/szy/gcc-arm-none-eabi-7-2017-q4-major/bin/../lib/gcc/arm-none-eabi/7.2.1/../../../../arm-none-eabi/lib/thumb/v7e-m/fpv4-sp/hard/libm.a(lib_a-ef_asin.o)
                              /home/szy/gcc-arm-none-eabi-7-2017-q4-major/bin/../lib/gcc/arm-none-eabi/7.2.1/../../../../arm-none-eabi/lib/thumb/v7e-m/fpv4-sp/hard/libm.a(lib_a-wf_asin.o) (__ieee754_asinf)
/home/szy/gcc-arm-none-eabi-7-2017-q4-major/bin/../lib/gcc/arm-none-eabi/7.2.1/../../../../arm-none-eabi/lib/thumb/v7e-m/fpv4-sp/hard/libm.a(lib_a-ef_atan2.o)
                              /home/szy/gcc-arm-none-eabi-7-2017-q4-major/bin/../lib/gcc/arm-none-eabi/7.2.1/../../../../arm-none-eabi/lib/thumb/v7e-m/fpv4-sp/hard/libm.a(lib_a-wf_atan2.o) (__ieee754_atan2f)
/home/szy/gcc-arm-none-eabi-7-2017-q4-major/bin/../lib/gcc/arm-none-eabi/7.2.1/../../../../arm-none-eabi/lib/thumb/v7e-m/fpv4-sp/hard/libm.a(lib_a-ef_rem_pio2.o)
                              /home/szy/gcc-arm-none-eabi-7-2017-q4-major/bin/../lib/gcc/arm-none-eabi/7.2.1/../../../../arm-none-eabi/lib/thumb/v7e-m/fpv4-sp/hard/libm.a(lib_a-sf_cos.o) (__ieee754_rem_pio2f)
[...]
Memory Configuration

Name             Origin             Length             Attributes
CCMRAM           0x0000000010000000 0x0000000000010000 xrw
RAM              0x0000000020000000 0x0000000000020000 xrw
FLASH            0x0000000008000000 0x0000000000100000 xr
*default*        0x0000000000000000 0xffffffffffffffff

Linker script and memory map

LOAD /home/szy/gcc-arm-none-eabi-7-2017-q4-major/bin/../lib/gcc/arm-none-eabi/7.2.1/thumb/v7e-m/fpv4-sp/hard/crti.o
LOAD /home/szy/gcc-arm-none-eabi-7-2017-q4-major/bin/../lib/gcc/arm-none-eabi/7.2.1/thumb/v7e-m/fpv4-sp/hard/crtbegin.o
LOAD /home/szy/gcc-arm-none-eabi-7-2017-q4-major/bin/../lib/gcc/arm-none-eabi/7.2.1/../../../../arm-none-eabi/lib/thumb/v7e-m/fpv4-sp/hard/crt0.o
LOAD CMakeFiles/BMI_088_SPI_Clion.elf.dir/Algorithms/Fusion/FusionAhrs.c.obj
LOAD CMakeFiles/BMI_088_SPI_Clion.elf.dir/Algorithms/Fusion/FusionBias.c.obj
LOAD CMakeFiles/BMI_088_SPI_Clion.elf.dir/Algorithms/Fusion/FusionCompass.c.obj
LOAD CMakeFiles/BMI_088_SPI_Clion.elf.dir/Algorithms/Fusion_sample/MahonyAHRS.c.obj
LOAD CMakeFiles/BMI_088_SPI_Clion.elf.dir/Algorithms/Fusion_sample/user_lib.c.obj
LOAD CMakeFiles/BMI_088_SPI_Clion.elf.dir/Algorithms/PID/pid.cpp.obj
LOAD CMakeFiles/BMI_088_SPI_Clion.elf.dir/Core/Src/dma.c.obj
LOAD CMakeFiles/BMI_088_SPI_Clion.elf.dir/Core/Src/freertos.c.obj
LOAD CMakeFiles/BMI_088_SPI_Clion.elf.dir/Core/Src/gpio.c.obj
LOAD CMakeFiles/BMI_088_SPI_Clion.elf.dir/Core/Src/i2c.c.obj
LOAD CMakeFiles/BMI_088_SPI_Clion.elf.dir/Core/Src/main.c.obj
LOAD CMakeFiles/BMI_088_SPI_Clion.elf.dir/Core/Src/spi.c.obj
LOAD CMakeFiles/BMI_088_SPI_Clion.elf.dir/Core/Src/stm32f4xx_hal_msp.c.obj
LOAD CMakeFiles/BMI_088_SPI_Clion.elf.dir/Core/Src/stm32f4xx_hal_timebase_tim.c.obj
LOAD CMakeFiles/BMI_088_SPI_Clion.elf.dir/Core/Src/stm32f4xx_it.c.obj
LOAD CMakeFiles/BMI_088_SPI_Clion.elf.dir/Core/Src/syscalls.c.obj
LOAD CMakeFiles/BMI_088_SPI_Clion.elf.dir/Core/Src/sysmem.c.obj
LOAD CMakeFiles/BMI_088_SPI_Clion.elf.dir/Core/Src/system_stm32f4xx.c.obj
LOAD CMakeFiles/BMI_088_SPI_Clion.elf.dir/Core/Src/tim.c.obj
LOAD CMakeFiles/BMI_088_SPI_Clion.elf.dir/Core/Src/usart.c.obj
LOAD CMakeFiles/BMI_088_SPI_Clion.elf.dir/Core/Startup/startup_stm32f407ighx.s.obj
LOAD CMakeFiles/BMI_088_SPI_Clion.elf.dir/Drivers/STM32F4xx_HAL_Driver/Src/stm32f4xx_hal.c.obj
LOAD CMakeFiles/BMI_088_SPI_Clion.elf.dir/Drivers/STM32F4xx_HAL_Driver/Src/stm32f4xx_hal_cortex.c.obj
LOAD CMakeFiles/BMI_088_SPI_Clion.elf.dir/Drivers/STM32F4xx_HAL_Driver/Src/stm32f4xx_hal_dma.c.obj
LOAD CMakeFiles/BMI_088_SPI_Clion.elf.dir/Drivers/STM32F4xx_HAL_Driver/Src/stm32f4xx_hal_dma_ex.c.obj
LOAD CMakeFiles/BMI_088_SPI_Clion.elf.dir/Drivers/STM32F4xx_HAL_Driver/Src/stm32f4xx_hal_exti.c.obj
LOAD CMakeFiles/BMI_088_SPI_Clion.elf.dir/Drivers/STM32F4xx_HAL_Driver/Src/stm32f4xx_hal_flash.c.obj
LOAD CMakeFiles/BMI_088_SPI_Clion.elf.dir/Drivers/STM32F4xx_HAL_Driver/Src/stm32f4xx_hal_flash_ex.c.obj
LOAD CMakeFiles/BMI_088_SPI_Clion.elf.dir/Drivers/STM32F4xx_HAL_Driver/Src/stm32f4xx_hal_flash_ramfunc.c.obj
LOAD CMakeFiles/BMI_088_SPI_Clion.elf.dir/Drivers/STM32F4xx_HAL_Driver/Src/stm32f4xx_hal_gpio.c.obj
LOAD CMakeFiles/BMI_088_SPI_Clion.elf.dir/Drivers/STM32F4xx_HAL_Driver/Src/stm32f4xx_hal_i2c.c.obj
LOAD CMakeFiles/BMI_088_SPI_Clion.elf.dir/Drivers/STM32F4xx_HAL_Driver/Src/stm32f4xx_hal_i2c_ex.c.obj
LOAD CMakeFiles/BMI_088_SPI_Clion.elf.dir/Drivers/STM32F4xx_HAL_Driver/Src/stm32f4xx_hal_pwr.c.obj
LOAD CMakeFiles/BMI_088_SPI_Clion.elf.dir/Drivers/STM32F4xx_HAL_Driver/Src/stm32f4xx_hal_pwr_ex.c.obj
LOAD CMakeFiles/BMI_088_SPI_Clion.elf.dir/Drivers/STM32F4xx_HAL_Driver/Src/stm32f4xx_hal_rcc.c.obj
LOAD CMakeFiles/BMI_088_SPI_Clion.elf.dir/Drivers/STM32F4xx_HAL_Driver/Src/stm32f4xx_hal_rcc_ex.c.obj
LOAD CMakeFiles/BMI_088_SPI_Clion.elf.dir/Drivers/STM32F4xx_HAL_Driver/Src/stm32f4xx_hal_spi.c.obj
LOAD CMakeFiles/BMI_088_SPI_Clion.elf.dir/Drivers/STM32F4xx_HAL_Driver/Src/stm32f4xx_hal_tim.c.obj
LOAD CMakeFiles/BMI_088_SPI_Clion.elf.dir/Drivers/STM32F4xx_HAL_Driver/Src/stm32f4xx_hal_tim_ex.c.obj
LOAD CMakeFiles/BMI_088_SPI_Clion.elf.dir/Drivers/STM32F4xx_HAL_Driver/Src/stm32f4xx_hal_uart.c.obj
LOAD CMakeFiles/BMI_088_SPI_Clion.elf.dir/Middlewares/Third_Party/FreeRTOS/Source/CMSIS_RTOS/cmsis_os.c.obj
LOAD CMakeFiles/BMI_088_SPI_Clion.elf.dir/Middlewares/Third_Party/FreeRTOS/Source/croutine.c.obj
LOAD CMakeFiles/BMI_088_SPI_Clion.elf.dir/Middlewares/Third_Party/FreeRTOS/Source/event_groups.c.obj
LOAD CMakeFiles/BMI_088_SPI_Clion.elf.dir/Middlewares/Third_Party/FreeRTOS/Source/list.c.obj
LOAD CMakeFiles/BMI_088_SPI_Clion.elf.dir/Middlewares/Third_Party/FreeRTOS/Source/portable/GCC/ARM_CM4F/port.c.obj
LOAD CMakeFiles/BMI_088_SPI_Clion.elf.dir/Middlewares/Third_Party/FreeRTOS/Source/portable/MemMang/heap_4.c.obj
LOAD CMakeFiles/BMI_088_SPI_Clion.elf.dir/Middlewares/Third_Party/FreeRTOS/Source/queue.c.obj
LOAD CMakeFiles/BMI_088_SPI_Clion.elf.dir/Middlewares/Third_Party/FreeRTOS/Source/stream_buffer.c.obj
LOAD CMakeFiles/BMI_088_SPI_Clion.elf.dir/Middlewares/Third_Party/FreeRTOS/Source/tasks.c.obj
LOAD CMakeFiles/BMI_088_SPI_Clion.elf.dir/Middlewares/Third_Party/FreeRTOS/Source/timers.c.obj
LOAD CMakeFiles/BMI_088_SPI_Clion.elf.dir/applications/INS_Task.cpp.obj
LOAD CMakeFiles/BMI_088_SPI_Clion.elf.dir/bsp/boards/bsp_delay.c.obj
LOAD CMakeFiles/BMI_088_SPI_Clion.elf.dir/bsp/boards/bsp_imu_pwm.c.obj
LOAD CMakeFiles/BMI_088_SPI_Clion.elf.dir/bsp/boards/bsp_spi.c.obj
LOAD CMakeFiles/BMI_088_SPI_Clion.elf.dir/component/BMI088/BMI088Middleware.c.obj
LOAD CMakeFiles/BMI_088_SPI_Clion.elf.dir/component/BMI088/BMI088driver.c.obj
LOAD CMakeFiles/BMI_088_SPI_Clion.elf.dir/component/IST8310/ist8310driver.c.obj
LOAD CMakeFiles/BMI_088_SPI_Clion.elf.dir/component/IST8310/ist8310driver_middleware.c.obj
LOAD /home/szy/gcc-arm-none-eabi-7-2017-q4-major/bin/../lib/gcc/arm-none-eabi/7.2.1/../../../../arm-none-eabi/lib/thumb/v7e-m/fpv4-sp/hard/libstdc++.a
LOAD /home/szy/gcc-arm-none-eabi-7-2017-q4-major/bin/../lib/gcc/arm-none-eabi/7.2.1/../../../../arm-none-eabi/lib/thumb/v7e-m/fpv4-sp/hard/libm.a
START GROUP
LOAD /home/szy/gcc-arm-none-eabi-7-2017-q4-major/bin/../lib/gcc/arm-none-eabi/7.2.1/thumb/v7e-m/fpv4-sp/hard/libgcc.a
LOAD /home/szy/gcc-arm-none-eabi-7-2017-q4-major/bin/../lib/gcc/arm-none-eabi/7.2.1/../../../../arm-none-eabi/lib/thumb/v7e-m/fpv4-sp/hard/libg.a
LOAD /home/szy/gcc-arm-none-eabi-7-2017-q4-major/bin/../lib/gcc/arm-none-eabi/7.2.1/../../../../arm-none-eabi/lib/thumb/v7e-m/fpv4-sp/hard/libc.a
END GROUP
LOAD /home/szy/gcc-arm-none-eabi-7-2017-q4-major/bin/../lib/gcc/arm-none-eabi/7.2.1/thumb/v7e-m/fpv4-sp/hard/crtend.o
LOAD /home/szy/gcc-arm-none-eabi-7-2017-q4-major/bin/../lib/gcc/arm-none-eabi/7.2.1/thumb/v7e-m/fpv4-sp/hard/crtn.o
                0x0000000020020000                _estack = (ORIGIN (RAM) + LENGTH (RAM))
                0x0000000000000200                _Min_Heap_Size = 0x200
                0x0000000000000400                _Min_Stack_Size = 0x400

.isr_vector     0x0000000008000000      0x188
                0x0000000008000000                . = ALIGN (0x4)
 *(.isr_vector)
 .isr_vector    0x0000000008000000      0x188 CMakeFiles/BMI_088_SPI_Clion.elf.dir/Core/Startup/startup_stm32f407ighx.s.obj
                0x0000000008000000                g_pfnVectors
                0x0000000008000188                . = ALIGN (0x4)

.text           0x00000000080001c0     0xb250
                0x00000000080001c0                . = ALIGN (0x4)
 *(.text)
 .text          0x00000000080001c0       0x40 /home/szy/gcc-arm-none-eabi-7-2017-q4-major/bin/../lib/gcc/arm-none-eabi/7.2.1/thumb/v7e-m/fpv4-sp/hard/crtbegin.o
 .text          0x0000000008000200      0x378 /home/szy/gcc-arm-none-eabi-7-2017-q4-major/bin/../lib/gcc/arm-none-eabi/7.2.1/thumb/v7e-m/fpv4-sp/hard/libgcc.a(_arm_addsubdf3.o)
                0x0000000008000200                __aeabi_drsub
                0x0000000008000208                __aeabi_dsub
                0x0000000008000208                __subdf3
                0x000000000800020c                __adddf3
                0x000000000800020c                __aeabi_dadd
                0x0000000008000484                __aeabi_ui2d
                0x0000000008000484                __floatunsidf
                0x00000000080004a4                __floatsidf
                0x00000000080004a4                __aeabi_i2d
                0x00000000080004c8                __extendsfdf2
                0x00000000080004c8                __aeabi_f2d
                0x000000000800050c                __aeabi_ul2d
                0x000000000800050c                __floatundidf
                0x000000000800051c                __floatdidf
                0x000000000800051c                __aeabi_l2d
 .text          0x0000000008000578      0x424 /home/szy/gcc-arm-none-eabi-7-2017-q4-major/bin/../lib/gcc/arm-none-eabi/7.2.1/thumb/v7e-m/fpv4-sp/hard/libgcc.a(_arm_muldivdf3.o)
                0x0000000008000578                __aeabi_dmul
                0x0000000008000578                __muldf3
                0x00000000080007cc                __aeabi_ddiv
                0x00000000080007cc                __divdf3
 .text          0x000000000800099c      0x110 /home/szy/gcc-arm-none-eabi-7-2017-q4-major/bin/../lib/gcc/arm-none-eabi/7.2.1/thumb/v7e-m/fpv4-sp/hard/libgcc.a(_arm_cmpdf2.o)
                0x000000000800099c                __gtdf2
                0x000000000800099c                __gedf2
                0x00000000080009a4                __ltdf2
                0x00000000080009a4                __ledf2
                0x00000000080009ac                __cmpdf2
                0x00000000080009ac                __eqdf2
                0x00000000080009ac                __nedf2
                0x0000000008000a28                __aeabi_cdrcmple
                0x0000000008000a38                __aeabi_cdcmple
                0x0000000008000a38                __aeabi_cdcmpeq
                0x0000000008000a48                __aeabi_dcmpeq
                0x0000000008000a5c                __aeabi_dcmplt
                0x0000000008000a70                __aeabi_dcmple
                0x0000000008000a84                __aeabi_dcmpge
                0x0000000008000a98                __aeabi_dcmpgt
 .text          0x0000000008000aac       0x2c /home/szy/gcc-arm-none-eabi-7-2017-q4-major/bin/../lib/gcc/arm-none-eabi/7.2.1/thumb/v7e-m/fpv4-sp/hard/libgcc.a(_arm_unorddf2.o)
                0x0000000008000aac                __aeabi_dcmpun
                0x0000000008000aac                __unorddf2
 .text          0x0000000008000ad8       0xa0 /home/szy/gcc-arm-none-eabi-7-2017-q4-major/bin/../lib/gcc/arm-none-eabi/7.2.1/thumb/v7e-m/fpv4-sp/hard/libgcc.a(_arm_truncdfsf2.o)
                0x0000000008000ad8                __aeabi_d2f
                0x0000000008000ad8                __truncdfsf2
 .text          0x0000000008000b78       0x30 /home/szy/gcc-arm-none-eabi-7-2017-q4-major/bin/../lib/gcc/arm-none-eabi/7.2.1/thumb/v7e-m/fpv4-sp/hard/libgcc.a(_aeabi_uldivmod.o)
                0x0000000008000b78                __aeabi_uldivmod
 .text          0x0000000008000ba8      0x2cc /home/szy/gcc-arm-none-eabi-7-2017-q4-major/bin/../lib/gcc/arm-none-eabi/7.2.1/thumb/v7e-m/fpv4-sp/hard/libgcc.a(_udivmoddi4.o)
                0x0000000008000ba8                __udivmoddi4
 .text          0x0000000008000e74      0x9ec /home/szy/gcc-arm-none-eabi-7-2017-q4-major/bin/../lib/gcc/arm-none-eabi/7.2.1/thumb/v7e-m/fpv4-sp/hard/libgcc.a(unwind-arm.o)
                0x0000000008001128                _Unwind_GetCFA
                0x000000000800112c                __gnu_Unwind_RaiseException
                0x000000000800118c                __gnu_Unwind_ForcedUnwind
                0x00000000080011a0                __gnu_Unwind_Resume
                0x00000000080011e4                __gnu_Unwind_Resume_or_Rethrow
                0x00000000080011f4                _Unwind_Complete
                0x00000000080011f8                _Unwind_DeleteException
                0x0000000008001204                _Unwind_VRS_Get
                0x0000000008001248                _Unwind_VRS_Set
                0x0000000008001290                __gnu_Unwind_Backtrace
                0x00000000080015d4                __aeabi_unwind_cpp_pr0
                0x00000000080015d8                __aeabi_unwind_cpp_pr1
                0x00000000080015dc                __aeabi_unwind_cpp_pr2
                0x00000000080015e0                _Unwind_VRS_Pop
 .text          0x0000000008001860      0x1ac /home/szy/gcc-arm-none-eabi-7-2017-q4-major/bin/../lib/gcc/arm-none-eabi/7.2.1/thumb/v7e-m/fpv4-sp/hard/libgcc.a(libunwind.o)
                0x0000000008001860                __restore_core_regs
                0x0000000008001860                restore_core_regs
                0x0000000008001878                __gnu_Unwind_Restore_VFP
                0x0000000008001880                __gnu_Unwind_Save_VFP
                0x0000000008001888                __gnu_Unwind_Restore_VFP_D
                0x0000000008001890                __gnu_Unwind_Save_VFP_D
                0x0000000008001898                __gnu_Unwind_Restore_VFP_D_16_to_31
                0x00000000080018a0                __gnu_Unwind_Save_VFP_D_16_to_31
                0x00000000080018a8                __gnu_Unwind_Restore_WMMXD
                0x00000000080018ec                __gnu_Unwind_Save_WMMXD
                0x0000000008001930                __gnu_Unwind_Restore_WMMXC
                0x0000000008001944                __gnu_Unwind_Save_WMMXC
                0x0000000008001958                ___Unwind_RaiseException
                0x0000000008001958                _Unwind_RaiseException
                0x000000000800197c                ___Unwind_Resume
                0x000000000800197c                _Unwind_Resume
                0x00000000080019a0                _Unwind_Resume_or_Rethrow
                0x00000000080019a0                ___Unwind_Resume_or_Rethrow
                0x00000000080019c4                ___Unwind_ForcedUnwind
                0x00000000080019c4                _Unwind_ForcedUnwind
                0x00000000080019e8                _Unwind_Backtrace
                0x00000000080019e8                ___Unwind_Backtrace
 .text          0x0000000008001a0c      0x374 /home/szy/gcc-arm-none-eabi-7-2017-q4-major/bin/../lib/gcc/arm-none-eabi/7.2.1/thumb/v7e-m/fpv4-sp/hard/libgcc.a(pr-support.o)
                0x0000000008001a64                __gnu_unwind_execute
                0x0000000008001d28                __gnu_unwind_frame
                0x0000000008001d50                _Unwind_GetRegionStart
                0x0000000008001d5c                _Unwind_GetLanguageSpecificData
                0x0000000008001d70                _Unwind_GetDataRelBase
                0x0000000008001d78                _Unwind_GetTextRelBase
 .text          0x0000000008001d80        0x4 /home/szy/gcc-arm-none-eabi-7-2017-q4-major/bin/../lib/gcc/arm-none-eabi/7.2.1/thumb/v7e-m/fpv4-sp/hard/libgcc.a(_dvmd_tls.o)
                0x0000000008001d80                __aeabi_ldiv0
                0x0000000008001d80                __aeabi_idiv0
 .text          0x0000000008001d84      0x134 /home/szy/gcc-arm-none-eabi-7-2017-q4-major/bin/../lib/gcc/arm-none-eabi/7.2.1/../../../../arm-none-eabi/lib/thumb/v7e-m/fpv4-sp/hard/libg.a(lib_a-memcpy.o)
                0x0000000008001d84                memcpy
 *fill*         0x0000000008001eb8        0x8 
 .text          0x0000000008001ec0       0xdc /home/szy/gcc-arm-none-eabi-7-2017-q4-major/bin/../lib/gcc/arm-none-eabi/7.2.1/../../../../arm-none-eabi/lib/thumb/v7e-m/fpv4-sp/hard/libg.a(lib_a-strlen.o)
                0x0000000008001ec0                strlen
 *(.text*)
 .text.invSqrt  0x0000000008001f9c       0x30 CMakeFiles/BMI_088_SPI_Clion.elf.dir/Algorithms/Fusion_sample/MahonyAHRS.c.obj
                0x0000000008001f9c                invSqrt
 .text.MahonyAHRSupdateIMU
                0x0000000008001fcc      0x258 CMakeFiles/BMI_088_SPI_Clion.elf.dir/Algorithms/Fusion_sample/MahonyAHRS.c.obj
                0x0000000008001fcc                MahonyAHRSupdateIMU
 .text.MahonyAHRSupdate
                0x0000000008002224      0x3d4 CMakeFiles/BMI_088_SPI_Clion.elf.dir/Algorithms/Fusion_sample/MahonyAHRS.c.obj
                0x0000000008002224                MahonyAHRSupdate
 .text.MX_DMA_Init
                0x00000000080025f8       0x54 CMakeFiles/BMI_088_SPI_Clion.elf.dir/Core/Src/dma.c.obj
                0x00000000080025f8                MX_DMA_Init
 .text.StartDefaultTask
                0x000000000800264c        0xa CMakeFiles/BMI_088_SPI_Clion.elf.dir/Core/Src/freertos.c.obj
                0x000000000800264c                StartDefaultTask
 .text.BMI088Manage
                0x0000000008002656        0xa CMakeFiles/BMI_088_SPI_Clion.elf.dir/Core/Src/freertos.c.obj
                0x0000000008002656                BMI088Manage
 .text.vApplicationGetIdleTaskMemory
                0x0000000008002660       0x18 CMakeFiles/BMI_088_SPI_Clion.elf.dir/Core/Src/freertos.c.obj
                0x0000000008002660                vApplicationGetIdleTaskMemory
 .text.MX_FREERTOS_Init
                0x0000000008002678       0x9c CMakeFiles/BMI_088_SPI_Clion.elf.dir/Core/Src/freertos.c.obj
                0x0000000008002678                MX_FREERTOS_Init
 .text.MX_GPIO_Init
                0x0000000008002714      0x198 CMakeFiles/BMI_088_SPI_Clion.elf.dir/Core/Src/gpio.c.obj
                0x0000000008002714                MX_GPIO_Init
 .text.MX_I2C3_Init
                0x00000000080028ac       0x3c CMakeFiles/BMI_088_SPI_Clion.elf.dir/Core/Src/i2c.c.obj
                0x00000000080028ac                MX_I2C3_Init
 .text.HAL_I2C_MspInit
                0x00000000080028e8       0xb4 CMakeFiles/BMI_088_SPI_Clion.elf.dir/Core/Src/i2c.c.obj
                0x00000000080028e8                HAL_I2C_MspInit
 .text.HAL_TIM_PeriodElapsedCallback
                0x000000000800299c       0x54 CMakeFiles/BMI_088_SPI_Clion.elf.dir/Core/Src/main.c.obj
                0x000000000800299c                HAL_TIM_PeriodElapsedCallback
 .text.Error_Handler
                0x00000000080029f0        0x4 CMakeFiles/BMI_088_SPI_Clion.elf.dir/Core/Src/main.c.obj
                0x00000000080029f0                Error_Handler
 .text.SystemClock_Config
                0x00000000080029f4       0xa8 CMakeFiles/BMI_088_SPI_Clion.elf.dir/Core/Src/main.c.obj
                0x00000000080029f4                SystemClock_Config
 .text.main     0x0000000008002a9c       0x30 CMakeFiles/BMI_088_SPI_Clion.elf.dir/Core/Src/main.c.obj
                0x0000000008002a9c                main
 .text.MX_SPI1_Init
                0x0000000008002acc       0x48 CMakeFiles/BMI_088_SPI_Clion.elf.dir/Core/Src/spi.c.obj
                0x0000000008002acc                MX_SPI1_Init
 .text.HAL_SPI_MspInit
                0x0000000008002b14      0x124 CMakeFiles/BMI_088_SPI_Clion.elf.dir/Core/Src/spi.c.obj
                0x0000000008002b14                HAL_SPI_MspInit
 .text.HAL_MspInit
                0x0000000008002c38       0x44 CMakeFiles/BMI_088_SPI_Clion.elf.dir/Core/Src/stm32f4xx_hal_msp.c.obj
                0x0000000008002c38                HAL_MspInit
 .text.HAL_InitTick
                0x0000000008002c7c       0x7c CMakeFiles/BMI_088_SPI_Clion.elf.dir/Core/Src/stm32f4xx_hal_timebase_tim.c.obj
                0x0000000008002c7c                HAL_InitTick
 .text.NMI_Handler
                0x0000000008002cf8        0x2 CMakeFiles/BMI_088_SPI_Clion.elf.dir/Core/Src/stm32f4xx_it.c.obj
                0x0000000008002cf8                NMI_Handler
 .text.HardFault_Handler
                0x0000000008002cfa        0x2 CMakeFiles/BMI_088_SPI_Clion.elf.dir/Core/Src/stm32f4xx_it.c.obj
                0x0000000008002cfa                HardFault_Handler
 .text.MemManage_Handler
                0x0000000008002cfc        0x2 CMakeFiles/BMI_088_SPI_Clion.elf.dir/Core/Src/stm32f4xx_it.c.obj
                0x0000000008002cfc                MemManage_Handler
 .text.BusFault_Handler
                0x0000000008002cfe        0x2 CMakeFiles/BMI_088_SPI_Clion.elf.dir/Core/Src/stm32f4xx_it.c.obj
                0x0000000008002cfe                BusFault_Handler
 .text.UsageFault_Handler
                0x0000000008002d00        0x2 CMakeFiles/BMI_088_SPI_Clion.elf.dir/Core/Src/stm32f4xx_it.c.obj
                0x0000000008002d00                UsageFault_Handler
 .text.DebugMon_Handler
                0x0000000008002d02        0x2 CMakeFiles/BMI_088_SPI_Clion.elf.dir/Core/Src/stm32f4xx_it.c.obj
                0x0000000008002d02                DebugMon_Handler
 .text.EXTI0_IRQHandler
                0x0000000008002d04        0xa CMakeFiles/BMI_088_SPI_Clion.elf.dir/Core/Src/stm32f4xx_it.c.obj
                0x0000000008002d04                EXTI0_IRQHandler
 .text.EXTI3_IRQHandler
                0x0000000008002d0e        0xa CMakeFiles/BMI_088_SPI_Clion.elf.dir/Core/Src/stm32f4xx_it.c.obj
                0x0000000008002d0e                EXTI3_IRQHandler
 .text.EXTI4_IRQHandler
                0x0000000008002d18        0xa CMakeFiles/BMI_088_SPI_Clion.elf.dir/Core/Src/stm32f4xx_it.c.obj
                0x0000000008002d18                EXTI4_IRQHandler
 .text.EXTI9_5_IRQHandler
                0x0000000008002d22        0xa CMakeFiles/BMI_088_SPI_Clion.elf.dir/Core/Src/stm32f4xx_it.c.obj
                0x0000000008002d22                EXTI9_5_IRQHandler
 .text.TIM3_IRQHandler
                0x0000000008002d2c       0x10 CMakeFiles/BMI_088_SPI_Clion.elf.dir/Core/Src/stm32f4xx_it.c.obj
                0x0000000008002d2c                TIM3_IRQHandler
 .text.USART1_IRQHandler
                0x0000000008002d3c       0x10 CMakeFiles/BMI_088_SPI_Clion.elf.dir/Core/Src/stm32f4xx_it.c.obj
                0x0000000008002d3c                USART1_IRQHandler
 .text.TIM7_IRQHandler
                0x0000000008002d4c       0x10 CMakeFiles/BMI_088_SPI_Clion.elf.dir/Core/Src/stm32f4xx_it.c.obj
                0x0000000008002d4c                TIM7_IRQHandler
 .text.DMA2_Stream2_IRQHandler
                0x0000000008002d5c       0x10 CMakeFiles/BMI_088_SPI_Clion.elf.dir/Core/Src/stm32f4xx_it.c.obj
                0x0000000008002d5c                DMA2_Stream2_IRQHandler
 .text.DMA2_Stream3_IRQHandler
                0x0000000008002d6c       0x10 CMakeFiles/BMI_088_SPI_Clion.elf.dir/Core/Src/stm32f4xx_it.c.obj
                0x0000000008002d6c                DMA2_Stream3_IRQHandler
 .text.DMA2_Stream7_IRQHandler
                0x0000000008002d7c       0x10 CMakeFiles/BMI_088_SPI_Clion.elf.dir/Core/Src/stm32f4xx_it.c.obj
                0x0000000008002d7c                DMA2_Stream7_IRQHandler
 .text._getpid  0x0000000008002d8c        0x4 CMakeFiles/BMI_088_SPI_Clion.elf.dir/Core/Src/syscalls.c.obj
                0x0000000008002d8c                _getpid
 .text._kill    0x0000000008002d90       0x10 CMakeFiles/BMI_088_SPI_Clion.elf.dir/Core/Src/syscalls.c.obj
                0x0000000008002d90                _kill
 .text._exit    0x0000000008002da0        0xc CMakeFiles/BMI_088_SPI_Clion.elf.dir/Core/Src/syscalls.c.obj
                0x0000000008002da0                _exit
 .text._sbrk    0x0000000008002dac       0x48 CMakeFiles/BMI_088_SPI_Clion.elf.dir/Core/Src/sysmem.c.obj
                0x0000000008002dac                _sbrk
 .text.SystemInit
                0x0000000008002df4       0x14 CMakeFiles/BMI_088_SPI_Clion.elf.dir/Core/Src/system_stm32f4xx.c.obj
                0x0000000008002df4                SystemInit
 .text.MX_TIM3_Init
                0x0000000008002e08       0x70 CMakeFiles/BMI_088_SPI_Clion.elf.dir/Core/Src/tim.c.obj
                0x0000000008002e08                MX_TIM3_Init
 .text.HAL_TIM_Base_MspInit
                0x0000000008002e78       0x68 CMakeFiles/BMI_088_SPI_Clion.elf.dir/Core/Src/tim.c.obj
                0x0000000008002e78                HAL_TIM_Base_MspInit
 .text.HAL_TIM_MspPostInit
                0x0000000008002ee0       0x60 CMakeFiles/BMI_088_SPI_Clion.elf.dir/Core/Src/tim.c.obj
                0x0000000008002ee0                HAL_TIM_MspPostInit
 .text.MX_TIM10_Init
                0x0000000008002f40       0x74 CMakeFiles/BMI_088_SPI_Clion.elf.dir/Core/Src/tim.c.obj
                0x0000000008002f40                MX_TIM10_Init
 .text.MX_USART1_UART_Init
                0x0000000008002fb4       0x34 CMakeFiles/BMI_088_SPI_Clion.elf.dir/Core/Src/usart.c.obj
                0x0000000008002fb4                MX_USART1_UART_Init
 .text.HAL_UART_MspInit
                0x0000000008002fe8       0xbc CMakeFiles/BMI_088_SPI_Clion.elf.dir/Core/Src/usart.c.obj
                0x0000000008002fe8                HAL_UART_MspInit
 .text.Reset_Handler
                0x00000000080030a4       0x50 CMakeFiles/BMI_088_SPI_Clion.elf.dir/Core/Startup/startup_stm32f407ighx.s.obj
                0x00000000080030a4                Reset_Handler
 .text.Default_Handler
                0x00000000080030f4        0x2 CMakeFiles/BMI_088_SPI_Clion.elf.dir/Core/Startup/startup_stm32f407ighx.s.obj
                0x00000000080030f4                RTC_Alarm_IRQHandler
                0x00000000080030f4                HASH_RNG_IRQHandler
                0x00000000080030f4                EXTI2_IRQHandler
                0x00000000080030f4                TIM8_CC_IRQHandler
                0x00000000080030f4                TIM1_CC_IRQHandler
                0x00000000080030f4                DMA2_Stream5_IRQHandler
                0x00000000080030f4                DMA1_Stream5_IRQHandler
                0x00000000080030f4                PVD_IRQHandler
                0x00000000080030f4                SDIO_IRQHandler
                0x00000000080030f4                TAMP_STAMP_IRQHandler
                0x00000000080030f4                CAN2_RX1_IRQHandler
                0x00000000080030f4                TIM8_TRG_COM_TIM14_IRQHandler
                0x00000000080030f4                TIM1_UP_TIM10_IRQHandler
                0x00000000080030f4                TIM8_UP_TIM13_IRQHandler
                0x00000000080030f4                I2C3_ER_IRQHandler
                0x00000000080030f4                I2C2_EV_IRQHandler
                0x00000000080030f4                DMA1_Stream2_IRQHandler
                0x00000000080030f4                CAN1_RX0_IRQHandler
                0x00000000080030f4                FPU_IRQHandler
                0x00000000080030f4                OTG_HS_WKUP_IRQHandler
                0x00000000080030f4                CAN2_SCE_IRQHandler
                0x00000000080030f4                SPI1_IRQHandler
                0x00000000080030f4                TIM6_DAC_IRQHandler
                0x00000000080030f4                TIM1_BRK_TIM9_IRQHandler
                0x00000000080030f4                DCMI_IRQHandler
                0x00000000080030f4                CAN2_RX0_IRQHandler
                0x00000000080030f4                USART6_IRQHandler
                0x00000000080030f4                USART3_IRQHandler
                0x00000000080030f4                CAN1_RX1_IRQHandler
                0x00000000080030f4                UART5_IRQHandler
                0x00000000080030f4                DMA2_Stream0_IRQHandler
                0x00000000080030f4                TIM4_IRQHandler
                0x00000000080030f4                I2C1_EV_IRQHandler
                0x00000000080030f4                DMA1_Stream6_IRQHandler
                0x00000000080030f4                DMA1_Stream1_IRQHandler
                0x00000000080030f4                UART4_IRQHandler
                0x00000000080030f4                RCC_IRQHandler
                0x00000000080030f4                TIM8_BRK_TIM12_IRQHandler
                0x00000000080030f4                Default_Handler
                0x00000000080030f4                EXTI15_10_IRQHandler
                0x00000000080030f4                ADC_IRQHandler
                0x00000000080030f4                DMA1_Stream7_IRQHandler
                0x00000000080030f4                CAN2_TX_IRQHandler
                0x00000000080030f4                TIM5_IRQHandler
                0x00000000080030f4                I2C3_EV_IRQHandler
                0x00000000080030f4                RTC_WKUP_IRQHandler
                0x00000000080030f4                ETH_WKUP_IRQHandler
                0x00000000080030f4                SPI2_IRQHandler
                0x00000000080030f4                OTG_HS_EP1_IN_IRQHandler
                0x00000000080030f4                DMA1_Stream0_IRQHandler
                0x00000000080030f4                CAN1_TX_IRQHandler
                0x00000000080030f4                FSMC_IRQHandler
                0x00000000080030f4                ETH_IRQHandler
                0x00000000080030f4                OTG_HS_EP1_OUT_IRQHandler
                0x00000000080030f4                WWDG_IRQHandler
                0x00000000080030f4                TIM2_IRQHandler
                0x00000000080030f4                OTG_FS_WKUP_IRQHandler
                0x00000000080030f4                TIM1_TRG_COM_TIM11_IRQHandler
                0x00000000080030f4                OTG_HS_IRQHandler
                0x00000000080030f4                EXTI1_IRQHandler
                0x00000000080030f4                USART2_IRQHandler
                0x00000000080030f4                I2C2_ER_IRQHandler
                0x00000000080030f4                DMA2_Stream1_IRQHandler
                0x00000000080030f4                CAN1_SCE_IRQHandler
                0x00000000080030f4                FLASH_IRQHandler
                0x00000000080030f4                DMA2_Stream4_IRQHandler
                0x00000000080030f4                OTG_FS_IRQHandler
                0x00000000080030f4                SPI3_IRQHandler
                0x00000000080030f4                DMA1_Stream4_IRQHandler
                0x00000000080030f4                I2C1_ER_IRQHandler
                0x00000000080030f4                DMA2_Stream6_IRQHandler
                0x00000000080030f4                DMA1_Stream3_IRQHandler
 *fill*         0x00000000080030f6        0x2 
 .text.HAL_Init
                0x00000000080030f8       0x34 CMakeFiles/BMI_088_SPI_Clion.elf.dir/Drivers/STM32F4xx_HAL_Driver/Src/stm32f4xx_hal.c.obj
                0x00000000080030f8                HAL_Init
 .text.HAL_IncTick
                0x000000000800312c       0x18 CMakeFiles/BMI_088_SPI_Clion.elf.dir/Drivers/STM32F4xx_HAL_Driver/Src/stm32f4xx_hal.c.obj
                0x000000000800312c                HAL_IncTick
 .text.HAL_GetTick
                0x0000000008003144        0xc CMakeFiles/BMI_088_SPI_Clion.elf.dir/Drivers/STM32F4xx_HAL_Driver/Src/stm32f4xx_hal.c.obj
                0x0000000008003144                HAL_GetTick
 .text.HAL_Delay
                0x0000000008003150       0x28 CMakeFiles/BMI_088_SPI_Clion.elf.dir/Drivers/STM32F4xx_HAL_Driver/Src/stm32f4xx_hal.c.obj
                0x0000000008003150                HAL_Delay
 .text.HAL_NVIC_SetPriorityGrouping
                0x0000000008003178       0x24 CMakeFiles/BMI_088_SPI_Clion.elf.dir/Drivers/STM32F4xx_HAL_Driver/Src/stm32f4xx_hal_cortex.c.obj
                0x0000000008003178                HAL_NVIC_SetPriorityGrouping
 .text.HAL_NVIC_SetPriority
                0x000000000800319c       0x68 CMakeFiles/BMI_088_SPI_Clion.elf.dir/Drivers/STM32F4xx_HAL_Driver/Src/stm32f4xx_hal_cortex.c.obj
                0x000000000800319c                HAL_NVIC_SetPriority
 .text.HAL_NVIC_EnableIRQ
                0x0000000008003204       0x1c CMakeFiles/BMI_088_SPI_Clion.elf.dir/Drivers/STM32F4xx_HAL_Driver/Src/stm32f4xx_hal_cortex.c.obj
                0x0000000008003204                HAL_NVIC_EnableIRQ
 .text.DMA_CalcBaseAndBitshift
                0x0000000008003220       0x3c CMakeFiles/BMI_088_SPI_Clion.elf.dir/Drivers/STM32F4xx_HAL_Driver/Src/stm32f4xx_hal_dma.c.obj
 .text.DMA_CheckFifoParam
                0x000000000800325c       0x8e CMakeFiles/BMI_088_SPI_Clion.elf.dir/Drivers/STM32F4xx_HAL_Driver/Src/stm32f4xx_hal_dma.c.obj
 *fill*         0x00000000080032ea        0x2 
 .text.HAL_DMA_Init
                0x00000000080032ec       0xcc CMakeFiles/BMI_088_SPI_Clion.elf.dir/Drivers/STM32F4xx_HAL_Driver/Src/stm32f4xx_hal_dma.c.obj
                0x00000000080032ec                HAL_DMA_Init
 .text.HAL_DMA_Abort
                0x00000000080033b8       0x94 CMakeFiles/BMI_088_SPI_Clion.elf.dir/Drivers/STM32F4xx_HAL_Driver/Src/stm32f4xx_hal_dma.c.obj
                0x00000000080033b8                HAL_DMA_Abort
 .text.HAL_DMA_Abort_IT
                0x000000000800344c       0x26 CMakeFiles/BMI_088_SPI_Clion.elf.dir/Drivers/STM32F4xx_HAL_Driver/Src/stm32f4xx_hal_dma.c.obj
                0x000000000800344c                HAL_DMA_Abort_IT
 *fill*         0x0000000008003472        0x2 
 .text.HAL_DMA_IRQHandler
                0x0000000008003474      0x1dc CMakeFiles/BMI_088_SPI_Clion.elf.dir/Drivers/STM32F4xx_HAL_Driver/Src/stm32f4xx_hal_dma.c.obj
                0x0000000008003474                HAL_DMA_IRQHandler
 .text.HAL_GPIO_Init
                0x0000000008003650      0x1d4 CMakeFiles/BMI_088_SPI_Clion.elf.dir/Drivers/STM32F4xx_HAL_Driver/Src/stm32f4xx_hal_gpio.c.obj
                0x0000000008003650                HAL_GPIO_Init
 .text.HAL_GPIO_WritePin
                0x0000000008003824        0xc CMakeFiles/BMI_088_SPI_Clion.elf.dir/Drivers/STM32F4xx_HAL_Driver/Src/stm32f4xx_hal_gpio.c.obj
                0x0000000008003824                HAL_GPIO_WritePin
 .text.HAL_GPIO_TogglePin
                0x0000000008003830       0x12 CMakeFiles/BMI_088_SPI_Clion.elf.dir/Drivers/STM32F4xx_HAL_Driver/Src/stm32f4xx_hal_gpio.c.obj
                0x0000000008003830                HAL_GPIO_TogglePin
 *fill*         0x0000000008003842        0x2 
 .text.HAL_GPIO_EXTI_IRQHandler
                0x0000000008003844       0x1c CMakeFiles/BMI_088_SPI_Clion.elf.dir/Drivers/STM32F4xx_HAL_Driver/Src/stm32f4xx_hal_gpio.c.obj
                0x0000000008003844                HAL_GPIO_EXTI_IRQHandler
 .text.I2C_IsAcknowledgeFailed
                0x0000000008003860       0x32 CMakeFiles/BMI_088_SPI_Clion.elf.dir/Drivers/STM32F4xx_HAL_Driver/Src/stm32f4xx_hal_i2c.c.obj
 .text.I2C_WaitOnFlagUntilTimeout
                0x0000000008003892       0x70 CMakeFiles/BMI_088_SPI_Clion.elf.dir/Drivers/STM32F4xx_HAL_Driver/Src/stm32f4xx_hal_i2c.c.obj
 .text.I2C_WaitOnMasterAddressFlagUntilTimeout
                0x0000000008003902       0xa4 CMakeFiles/BMI_088_SPI_Clion.elf.dir/Drivers/STM32F4xx_HAL_Driver/Src/stm32f4xx_hal_i2c.c.obj
 .text.I2C_WaitOnTXEFlagUntilTimeout
                0x00000000080039a6       0x54 CMakeFiles/BMI_088_SPI_Clion.elf.dir/Drivers/STM32F4xx_HAL_Driver/Src/stm32f4xx_hal_i2c.c.obj
 *fill*         0x00000000080039fa        0x2 
 .text.I2C_RequestMemoryWrite
                0x00000000080039fc       0xdc CMakeFiles/BMI_088_SPI_Clion.elf.dir/Drivers/STM32F4xx_HAL_Driver/Src/stm32f4xx_hal_i2c.c.obj
 .text.I2C_RequestMemoryRead
                0x0000000008003ad8      0x160 CMakeFiles/BMI_088_SPI_Clion.elf.dir/Drivers/STM32F4xx_HAL_Driver/Src/stm32f4xx_hal_i2c.c.obj
 .text.I2C_WaitOnBTFFlagUntilTimeout
                0x0000000008003c38       0x54 CMakeFiles/BMI_088_SPI_Clion.elf.dir/Drivers/STM32F4xx_HAL_Driver/Src/stm32f4xx_hal_i2c.c.obj
 .text.I2C_WaitOnRXNEFlagUntilTimeout
                0x0000000008003c8c       0x6a CMakeFiles/BMI_088_SPI_Clion.elf.dir/Drivers/STM32F4xx_HAL_Driver/Src/stm32f4xx_hal_i2c.c.obj
 *fill*         0x0000000008003cf6        0x2 
 .text.HAL_I2C_Init
                0x0000000008003cf8      0x1b4 CMakeFiles/BMI_088_SPI_Clion.elf.dir/Drivers/STM32F4xx_HAL_Driver/Src/stm32f4xx_hal_i2c.c.obj
                0x0000000008003cf8                HAL_I2C_Init
 .text.HAL_I2C_Mem_Write
                0x0000000008003eac      0x168 CMakeFiles/BMI_088_SPI_Clion.elf.dir/Drivers/STM32F4xx_HAL_Driver/Src/stm32f4xx_hal_i2c.c.obj
                0x0000000008003eac                HAL_I2C_Mem_Write
 .text.HAL_I2C_Mem_Read
                0x0000000008004014      0x2d0 CMakeFiles/BMI_088_SPI_Clion.elf.dir/Drivers/STM32F4xx_HAL_Driver/Src/stm32f4xx_hal_i2c.c.obj
                0x0000000008004014                HAL_I2C_Mem_Read
 .text.HAL_RCC_OscConfig
                0x00000000080042e4      0x3f8 CMakeFiles/BMI_088_SPI_Clion.elf.dir/Drivers/STM32F4xx_HAL_Driver/Src/stm32f4xx_hal_rcc.c.obj
                0x00000000080042e4                HAL_RCC_OscConfig
 .text.HAL_RCC_GetSysClockFreq
                0x00000000080046dc       0xa8 CMakeFiles/BMI_088_SPI_Clion.elf.dir/Drivers/STM32F4xx_HAL_Driver/Src/stm32f4xx_hal_rcc.c.obj
                0x00000000080046dc                HAL_RCC_GetSysClockFreq
 .text.HAL_RCC_ClockConfig
                0x0000000008004784      0x160 CMakeFiles/BMI_088_SPI_Clion.elf.dir/Drivers/STM32F4xx_HAL_Driver/Src/stm32f4xx_hal_rcc.c.obj
                0x0000000008004784                HAL_RCC_ClockConfig
 .text.HAL_RCC_GetHCLKFreq
                0x00000000080048e4        0xc CMakeFiles/BMI_088_SPI_Clion.elf.dir/Drivers/STM32F4xx_HAL_Driver/Src/stm32f4xx_hal_rcc.c.obj
                0x00000000080048e4                HAL_RCC_GetHCLKFreq
 .text.HAL_RCC_GetPCLK1Freq
                0x00000000080048f0       0x20 CMakeFiles/BMI_088_SPI_Clion.elf.dir/Drivers/STM32F4xx_HAL_Driver/Src/stm32f4xx_hal_rcc.c.obj
                0x00000000080048f0                HAL_RCC_GetPCLK1Freq
 .text.HAL_RCC_GetPCLK2Freq
                0x0000000008004910       0x20 CMakeFiles/BMI_088_SPI_Clion.elf.dir/Drivers/STM32F4xx_HAL_Driver/Src/stm32f4xx_hal_rcc.c.obj
                0x0000000008004910                HAL_RCC_GetPCLK2Freq
 .text.HAL_RCC_GetClockConfig
                0x0000000008004930       0x3c CMakeFiles/BMI_088_SPI_Clion.elf.dir/Drivers/STM32F4xx_HAL_Driver/Src/stm32f4xx_hal_rcc.c.obj
                0x0000000008004930                HAL_RCC_GetClockConfig
 .text.SPI_WaitFlagStateUntilTimeout
                0x000000000800496c       0xd0 CMakeFiles/BMI_088_SPI_Clion.elf.dir/Drivers/STM32F4xx_HAL_Driver/Src/stm32f4xx_hal_spi.c.obj
 .text.SPI_EndRxTxTransaction
                0x0000000008004a3c       0x68 CMakeFiles/BMI_088_SPI_Clion.elf.dir/Drivers/STM32F4xx_HAL_Driver/Src/stm32f4xx_hal_spi.c.obj
 .text.HAL_SPI_Init
                0x0000000008004aa4       0xbe CMakeFiles/BMI_088_SPI_Clion.elf.dir/Drivers/STM32F4xx_HAL_Driver/Src/stm32f4xx_hal_spi.c.obj
                0x0000000008004aa4                HAL_SPI_Init
 .text.HAL_SPI_TransmitReceive
                0x0000000008004b62      0x22e CMakeFiles/BMI_088_SPI_Clion.elf.dir/Drivers/STM32F4xx_HAL_Driver/Src/stm32f4xx_hal_spi.c.obj
                0x0000000008004b62                HAL_SPI_TransmitReceive
 .text.TIM_OC1_SetConfig
                0x0000000008004d90       0x68 CMakeFiles/BMI_088_SPI_Clion.elf.dir/Drivers/STM32F4xx_HAL_Driver/Src/stm32f4xx_hal_tim.c.obj
 .text.TIM_OC3_SetConfig
                0x0000000008004df8       0x70 CMakeFiles/BMI_088_SPI_Clion.elf.dir/Drivers/STM32F4xx_HAL_Driver/Src/stm32f4xx_hal_tim.c.obj
 .text.TIM_OC4_SetConfig
                0x0000000008004e68       0x50 CMakeFiles/BMI_088_SPI_Clion.elf.dir/Drivers/STM32F4xx_HAL_Driver/Src/stm32f4xx_hal_tim.c.obj
 .text.TIM_TI1_ConfigInputStage
                0x0000000008004eb8       0x26 CMakeFiles/BMI_088_SPI_Clion.elf.dir/Drivers/STM32F4xx_HAL_Driver/Src/stm32f4xx_hal_tim.c.obj
 .text.TIM_TI2_ConfigInputStage
                0x0000000008004ede       0x28 CMakeFiles/BMI_088_SPI_Clion.elf.dir/Drivers/STM32F4xx_HAL_Driver/Src/stm32f4xx_hal_tim.c.obj
 .text.TIM_ITRx_SetConfig
                0x0000000008004f06       0x10 CMakeFiles/BMI_088_SPI_Clion.elf.dir/Drivers/STM32F4xx_HAL_Driver/Src/stm32f4xx_hal_tim.c.obj
 *fill*         0x0000000008004f16        0x2 
 .text.HAL_TIM_Base_Start_IT
                0x0000000008004f18       0x88 CMakeFiles/BMI_088_SPI_Clion.elf.dir/Drivers/STM32F4xx_HAL_Driver/Src/stm32f4xx_hal_tim.c.obj
                0x0000000008004f18                HAL_TIM_Base_Start_IT
 .text.HAL_TIM_PWM_MspInit
                0x0000000008004fa0        0x2 CMakeFiles/BMI_088_SPI_Clion.elf.dir/Drivers/STM32F4xx_HAL_Driver/Src/stm32f4xx_hal_tim.c.obj
                0x0000000008004fa0                HAL_TIM_PWM_MspInit
 .text.HAL_TIM_OC_DelayElapsedCallback
                0x0000000008004fa2        0x2 CMakeFiles/BMI_088_SPI_Clion.elf.dir/Drivers/STM32F4xx_HAL_Driver/Src/stm32f4xx_hal_tim.c.obj
                0x0000000008004fa2                HAL_TIM_OC_DelayElapsedCallback
 .text.HAL_TIM_IC_CaptureCallback
                0x0000000008004fa4        0x2 CMakeFiles/BMI_088_SPI_Clion.elf.dir/Drivers/STM32F4xx_HAL_Driver/Src/stm32f4xx_hal_tim.c.obj
                0x0000000008004fa4                HAL_TIM_IC_CaptureCallback
 .text.HAL_TIM_PWM_PulseFinishedCallback
                0x0000000008004fa6        0x2 CMakeFiles/BMI_088_SPI_Clion.elf.dir/Drivers/STM32F4xx_HAL_Driver/Src/stm32f4xx_hal_tim.c.obj
                0x0000000008004fa6                HAL_TIM_PWM_PulseFinishedCallback
 .text.HAL_TIM_TriggerCallback
                0x0000000008004fa8        0x2 CMakeFiles/BMI_088_SPI_Clion.elf.dir/Drivers/STM32F4xx_HAL_Driver/Src/stm32f4xx_hal_tim.c.obj
                0x0000000008004fa8                HAL_TIM_TriggerCallback
 .text.HAL_TIM_IRQHandler
                0x0000000008004faa      0x17a CMakeFiles/BMI_088_SPI_Clion.elf.dir/Drivers/STM32F4xx_HAL_Driver/Src/stm32f4xx_hal_tim.c.obj
                0x0000000008004faa                HAL_TIM_IRQHandler
 .text.TIM_Base_SetConfig
                0x0000000008005124       0xc8 CMakeFiles/BMI_088_SPI_Clion.elf.dir/Drivers/STM32F4xx_HAL_Driver/Src/stm32f4xx_hal_tim.c.obj
                0x0000000008005124                TIM_Base_SetConfig
 .text.HAL_TIM_Base_Init
                0x00000000080051ec       0x56 CMakeFiles/BMI_088_SPI_Clion.elf.dir/Drivers/STM32F4xx_HAL_Driver/Src/stm32f4xx_hal_tim.c.obj
                0x00000000080051ec                HAL_TIM_Base_Init
 .text.HAL_TIM_PWM_Init
                0x0000000008005242       0x56 CMakeFiles/BMI_088_SPI_Clion.elf.dir/Drivers/STM32F4xx_HAL_Driver/Src/stm32f4xx_hal_tim.c.obj
                0x0000000008005242                HAL_TIM_PWM_Init
 .text.TIM_OC2_SetConfig
                0x0000000008005298       0x70 CMakeFiles/BMI_088_SPI_Clion.elf.dir/Drivers/STM32F4xx_HAL_Driver/Src/stm32f4xx_hal_tim.c.obj
                0x0000000008005298                TIM_OC2_SetConfig
 .text.HAL_TIM_PWM_ConfigChannel
                0x0000000008005308       0xd0 CMakeFiles/BMI_088_SPI_Clion.elf.dir/Drivers/STM32F4xx_HAL_Driver/Src/stm32f4xx_hal_tim.c.obj
                0x0000000008005308                HAL_TIM_PWM_ConfigChannel
 .text.TIM_ETR_SetConfig
                0x00000000080053d8       0x18 CMakeFiles/BMI_088_SPI_Clion.elf.dir/Drivers/STM32F4xx_HAL_Driver/Src/stm32f4xx_hal_tim.c.obj
                0x00000000080053d8                TIM_ETR_SetConfig
 .text.HAL_TIM_ConfigClockSource
                0x00000000080053f0       0xda CMakeFiles/BMI_088_SPI_Clion.elf.dir/Drivers/STM32F4xx_HAL_Driver/Src/stm32f4xx_hal_tim.c.obj
                0x00000000080053f0                HAL_TIM_ConfigClockSource
 *fill*         0x00000000080054ca        0x2 
 .text.HAL_TIMEx_MasterConfigSynchronization
                0x00000000080054cc       0x88 CMakeFiles/BMI_088_SPI_Clion.elf.dir/Drivers/STM32F4xx_HAL_Driver/Src/stm32f4xx_hal_tim_ex.c.obj
                0x00000000080054cc                HAL_TIMEx_MasterConfigSynchronization
 .text.HAL_TIMEx_CommutCallback
                0x0000000008005554        0x2 CMakeFiles/BMI_088_SPI_Clion.elf.dir/Drivers/STM32F4xx_HAL_Driver/Src/stm32f4xx_hal_tim_ex.c.obj
                0x0000000008005554                HAL_TIMEx_CommutCallback
 .text.HAL_TIMEx_BreakCallback
                0x0000000008005556        0x2 CMakeFiles/BMI_088_SPI_Clion.elf.dir/Drivers/STM32F4xx_HAL_Driver/Src/stm32f4xx_hal_tim_ex.c.obj
                0x0000000008005556                HAL_TIMEx_BreakCallback
 .text.UART_EndRxTransfer
                0x0000000008005558       0x32 CMakeFiles/BMI_088_SPI_Clion.elf.dir/Drivers/STM32F4xx_HAL_Driver/Src/stm32f4xx_hal_uart.c.obj
 .text.UART_Transmit_IT
                0x000000000800558a       0x62 CMakeFiles/BMI_088_SPI_Clion.elf.dir/Drivers/STM32F4xx_HAL_Driver/Src/stm32f4xx_hal_uart.c.obj
 .text.UART_SetConfig
                0x00000000080055ec      0x134 CMakeFiles/BMI_088_SPI_Clion.elf.dir/Drivers/STM32F4xx_HAL_Driver/Src/stm32f4xx_hal_uart.c.obj
 .text.HAL_UART_Init
                0x0000000008005720       0x5e CMakeFiles/BMI_088_SPI_Clion.elf.dir/Drivers/STM32F4xx_HAL_Driver/Src/stm32f4xx_hal_uart.c.obj
                0x0000000008005720                HAL_UART_Init
 .text.HAL_UART_TxCpltCallback
                0x000000000800577e        0x2 CMakeFiles/BMI_088_SPI_Clion.elf.dir/Drivers/STM32F4xx_HAL_Driver/Src/stm32f4xx_hal_uart.c.obj
                0x000000000800577e                HAL_UART_TxCpltCallback
 .text.UART_EndTransmit_IT
                0x0000000008005780       0x1a CMakeFiles/BMI_088_SPI_Clion.elf.dir/Drivers/STM32F4xx_HAL_Driver/Src/stm32f4xx_hal_uart.c.obj
 .text.HAL_UART_RxCpltCallback
                0x000000000800579a        0x2 CMakeFiles/BMI_088_SPI_Clion.elf.dir/Drivers/STM32F4xx_HAL_Driver/Src/stm32f4xx_hal_uart.c.obj
                0x000000000800579a                HAL_UART_RxCpltCallback
 .text.HAL_UART_ErrorCallback
                0x000000000800579c        0x2 CMakeFiles/BMI_088_SPI_Clion.elf.dir/Drivers/STM32F4xx_HAL_Driver/Src/stm32f4xx_hal_uart.c.obj
                0x000000000800579c                HAL_UART_ErrorCallback
 .text.UART_DMAAbortOnError
                0x000000000800579e       0x10 CMakeFiles/BMI_088_SPI_Clion.elf.dir/Drivers/STM32F4xx_HAL_Driver/Src/stm32f4xx_hal_uart.c.obj
 .text.HAL_UARTEx_RxEventCallback
                0x00000000080057ae        0x2 CMakeFiles/BMI_088_SPI_Clion.elf.dir/Drivers/STM32F4xx_HAL_Driver/Src/stm32f4xx_hal_uart.c.obj
                0x00000000080057ae                HAL_UARTEx_RxEventCallback
 .text.UART_Receive_IT
                0x00000000080057b0       0xb4 CMakeFiles/BMI_088_SPI_Clion.elf.dir/Drivers/STM32F4xx_HAL_Driver/Src/stm32f4xx_hal_uart.c.obj
 .text.HAL_UART_IRQHandler
                0x0000000008005864      0x1f8 CMakeFiles/BMI_088_SPI_Clion.elf.dir/Drivers/STM32F4xx_HAL_Driver/Src/stm32f4xx_hal_uart.c.obj
                0x0000000008005864                HAL_UART_IRQHandler
 .text.makeFreeRtosPriority
                0x0000000008005a5c        0xc CMakeFiles/BMI_088_SPI_Clion.elf.dir/Middlewares/Third_Party/FreeRTOS/Source/CMSIS_RTOS/cmsis_os.c.obj
 .text.osKernelStart
                0x0000000008005a68        0xa CMakeFiles/BMI_088_SPI_Clion.elf.dir/Middlewares/Third_Party/FreeRTOS/Source/CMSIS_RTOS/cmsis_os.c.obj
                0x0000000008005a68                osKernelStart
 .text.osThreadCreate
                0x0000000008005a72       0x6c CMakeFiles/BMI_088_SPI_Clion.elf.dir/Middlewares/Third_Party/FreeRTOS/Source/CMSIS_RTOS/cmsis_os.c.obj
                0x0000000008005a72                osThreadCreate
 .text.osDelay  0x0000000008005ade       0x12 CMakeFiles/BMI_088_SPI_Clion.elf.dir/Middlewares/Third_Party/FreeRTOS/Source/CMSIS_RTOS/cmsis_os.c.obj
                0x0000000008005ade                osDelay
 .text.osSemaphoreCreate
                0x0000000008005af0       0x4a CMakeFiles/BMI_088_SPI_Clion.elf.dir/Middlewares/Third_Party/FreeRTOS/Source/CMSIS_RTOS/cmsis_os.c.obj
                0x0000000008005af0                osSemaphoreCreate
 .text.vListInitialise
                0x0000000008005b3a       0x16 CMakeFiles/BMI_088_SPI_Clion.elf.dir/Middlewares/Third_Party/FreeRTOS/Source/list.c.obj
                0x0000000008005b3a                vListInitialise
 .text.vListInitialiseItem
                0x0000000008005b50        0x6 CMakeFiles/BMI_088_SPI_Clion.elf.dir/Middlewares/Third_Party/FreeRTOS/Source/list.c.obj
                0x0000000008005b50                vListInitialiseItem
 .text.vListInsertEnd
                0x0000000008005b56       0x18 CMakeFiles/BMI_088_SPI_Clion.elf.dir/Middlewares/Third_Party/FreeRTOS/Source/list.c.obj
                0x0000000008005b56                vListInsertEnd
 .text.vListInsert
                0x0000000008005b6e       0x34 CMakeFiles/BMI_088_SPI_Clion.elf.dir/Middlewares/Third_Party/FreeRTOS/Source/list.c.obj
                0x0000000008005b6e                vListInsert
 .text.uxListRemove
                0x0000000008005ba2       0x28 CMakeFiles/BMI_088_SPI_Clion.elf.dir/Middlewares/Third_Party/FreeRTOS/Source/list.c.obj
                0x0000000008005ba2                uxListRemove
 *fill*         0x0000000008005bca        0x2 
 .text.prvTaskExitError
                0x0000000008005bcc       0x40 CMakeFiles/BMI_088_SPI_Clion.elf.dir/Middlewares/Third_Party/FreeRTOS/Source/portable/GCC/ARM_CM4F/port.c.obj
 .text.prvPortStartFirstTask
                0x0000000008005c0c       0x28 CMakeFiles/BMI_088_SPI_Clion.elf.dir/Middlewares/Third_Party/FreeRTOS/Source/portable/GCC/ARM_CM4F/port.c.obj
 .text.vPortEnableVFP
                0x0000000008005c34       0x14 CMakeFiles/BMI_088_SPI_Clion.elf.dir/Middlewares/Third_Party/FreeRTOS/Source/portable/GCC/ARM_CM4F/port.c.obj
 .text.pxPortInitialiseStack
                0x0000000008005c48       0x2c CMakeFiles/BMI_088_SPI_Clion.elf.dir/Middlewares/Third_Party/FreeRTOS/Source/portable/GCC/ARM_CM4F/port.c.obj
                0x0000000008005c48                pxPortInitialiseStack
 *fill*         0x0000000008005c74        0xc 
 .text.SVC_Handler
                0x0000000008005c80       0x24 CMakeFiles/BMI_088_SPI_Clion.elf.dir/Middlewares/Third_Party/FreeRTOS/Source/portable/GCC/ARM_CM4F/port.c.obj
                0x0000000008005c80                SVC_Handler
 .text.vPortEnterCritical
                0x0000000008005ca4       0x44 CMakeFiles/BMI_088_SPI_Clion.elf.dir/Middlewares/Third_Party/FreeRTOS/Source/portable/GCC/ARM_CM4F/port.c.obj
                0x0000000008005ca4                vPortEnterCritical
 .text.vPortExitCritical
                0x0000000008005ce8       0x2c CMakeFiles/BMI_088_SPI_Clion.elf.dir/Middlewares/Third_Party/FreeRTOS/Source/portable/GCC/ARM_CM4F/port.c.obj
                0x0000000008005ce8                vPortExitCritical
 *fill*         0x0000000008005d14        0xc 
 .text.PendSV_Handler
                0x0000000008005d20       0x64 CMakeFiles/BMI_088_SPI_Clion.elf.dir/Middlewares/Third_Party/FreeRTOS/Source/portable/GCC/ARM_CM4F/port.c.obj
                0x0000000008005d20                PendSV_Handler
 .text.SysTick_Handler
                0x0000000008005d84       0x2c CMakeFiles/BMI_088_SPI_Clion.elf.dir/Middlewares/Third_Party/FreeRTOS/Source/portable/GCC/ARM_CM4F/port.c.obj
                0x0000000008005d84                SysTick_Handler
 .text.vPortSetupTimerInterrupt
                0x0000000008005db0       0x38 CMakeFiles/BMI_088_SPI_Clion.elf.dir/Middlewares/Third_Party/FreeRTOS/Source/portable/GCC/ARM_CM4F/port.c.obj
                0x0000000008005db0                vPortSetupTimerInterrupt
 .text.xPortStartScheduler
                0x0000000008005de8      0x110 CMakeFiles/BMI_088_SPI_Clion.elf.dir/Middlewares/Third_Party/FreeRTOS/Source/portable/GCC/ARM_CM4F/port.c.obj
                0x0000000008005de8                xPortStartScheduler
 .text.vPortValidateInterruptPriority
                0x0000000008005ef8       0x5c CMakeFiles/BMI_088_SPI_Clion.elf.dir/Middlewares/Third_Party/FreeRTOS/Source/portable/GCC/ARM_CM4F/port.c.obj
                0x0000000008005ef8                vPortValidateInterruptPriority
 .text.prvHeapInit
                0x0000000008005f54       0x64 CMakeFiles/BMI_088_SPI_Clion.elf.dir/Middlewares/Third_Party/FreeRTOS/Source/portable/MemMang/heap_4.c.obj
 .text.prvInsertBlockIntoFreeList
                0x0000000008005fb8       0x58 CMakeFiles/BMI_088_SPI_Clion.elf.dir/Middlewares/Third_Party/FreeRTOS/Source/portable/MemMang/heap_4.c.obj
 .text.pvPortMalloc
                0x0000000008006010      0x114 CMakeFiles/BMI_088_SPI_Clion.elf.dir/Middlewares/Third_Party/FreeRTOS/Source/portable/MemMang/heap_4.c.obj
                0x0000000008006010                pvPortMalloc
 .text.vPortFree
                0x0000000008006124       0x7c CMakeFiles/BMI_088_SPI_Clion.elf.dir/Middlewares/Third_Party/FreeRTOS/Source/portable/MemMang/heap_4.c.obj
                0x0000000008006124                vPortFree
 .text.prvIsQueueFull
                0x00000000080061a0       0x1e CMakeFiles/BMI_088_SPI_Clion.elf.dir/Middlewares/Third_Party/FreeRTOS/Source/queue.c.obj
 .text.prvCopyDataToQueue
                0x00000000080061be       0x76 CMakeFiles/BMI_088_SPI_Clion.elf.dir/Middlewares/Third_Party/FreeRTOS/Source/queue.c.obj
 .text.prvUnlockQueue
                0x0000000008006234       0x6e CMakeFiles/BMI_088_SPI_Clion.elf.dir/Middlewares/Third_Party/FreeRTOS/Source/queue.c.obj
 *fill*         0x00000000080062a2        0x2 
 .text.xQueueGenericReset
                0x00000000080062a4       0x84 CMakeFiles/BMI_088_SPI_Clion.elf.dir/Middlewares/Third_Party/FreeRTOS/Source/queue.c.obj
                0x00000000080062a4                xQueueGenericReset
 .text.prvInitialiseNewQueue
                0x0000000008006328       0x1c CMakeFiles/BMI_088_SPI_Clion.elf.dir/Middlewares/Third_Party/FreeRTOS/Source/queue.c.obj
 .text.xQueueGenericCreateStatic
                0x0000000008006344       0x92 CMakeFiles/BMI_088_SPI_Clion.elf.dir/Middlewares/Third_Party/FreeRTOS/Source/queue.c.obj
                0x0000000008006344                xQueueGenericCreateStatic
 .text.xQueueGenericCreate
                0x00000000080063d6       0x48 CMakeFiles/BMI_088_SPI_Clion.elf.dir/Middlewares/Third_Party/FreeRTOS/Source/queue.c.obj
                0x00000000080063d6                xQueueGenericCreate
 *fill*         0x000000000800641e        0x2 
 .text.xQueueGenericSend
                0x0000000008006420      0x17c CMakeFiles/BMI_088_SPI_Clion.elf.dir/Middlewares/Third_Party/FreeRTOS/Source/queue.c.obj
                0x0000000008006420                xQueueGenericSend
 .text.xQueueGiveFromISR
                0x000000000800659c       0xb2 CMakeFiles/BMI_088_SPI_Clion.elf.dir/Middlewares/Third_Party/FreeRTOS/Source/queue.c.obj
                0x000000000800659c                xQueueGiveFromISR
 .text.prvSearchForNameWithinSingleList
                0x000000000800664e       0x62 CMakeFiles/BMI_088_SPI_Clion.elf.dir/Middlewares/Third_Party/FreeRTOS/Source/tasks.c.obj
 .text.prvResetNextTaskUnblockTime
                0x00000000080066b0       0x2c CMakeFiles/BMI_088_SPI_Clion.elf.dir/Middlewares/Third_Party/FreeRTOS/Source/tasks.c.obj
 .text.prvInitialiseNewTask
                0x00000000080066dc       0x8c CMakeFiles/BMI_088_SPI_Clion.elf.dir/Middlewares/Third_Party/FreeRTOS/Source/tasks.c.obj
 .text.prvInitialiseTaskLists
                0x0000000008006768       0x68 CMakeFiles/BMI_088_SPI_Clion.elf.dir/Middlewares/Third_Party/FreeRTOS/Source/tasks.c.obj
 .text.prvAddNewTaskToReadyList
                0x00000000080067d0       0xa8 CMakeFiles/BMI_088_SPI_Clion.elf.dir/Middlewares/Third_Party/FreeRTOS/Source/tasks.c.obj
 .text.prvDeleteTCB
                0x0000000008006878       0x38 CMakeFiles/BMI_088_SPI_Clion.elf.dir/Middlewares/Third_Party/FreeRTOS/Source/tasks.c.obj
 .text.prvCheckTasksWaitingTermination
                0x00000000080068b0       0x4c CMakeFiles/BMI_088_SPI_Clion.elf.dir/Middlewares/Third_Party/FreeRTOS/Source/tasks.c.obj
 .text.prvIdleTask
                0x00000000080068fc       0x28 CMakeFiles/BMI_088_SPI_Clion.elf.dir/Middlewares/Third_Party/FreeRTOS/Source/tasks.c.obj
 .text.prvAddCurrentTaskToDelayedList
                0x0000000008006924       0x98 CMakeFiles/BMI_088_SPI_Clion.elf.dir/Middlewares/Third_Party/FreeRTOS/Source/tasks.c.obj
 .text.xTaskCreateStatic
                0x00000000080069bc       0x74 CMakeFiles/BMI_088_SPI_Clion.elf.dir/Middlewares/Third_Party/FreeRTOS/Source/tasks.c.obj
                0x00000000080069bc                xTaskCreateStatic
 .text.xTaskCreate
                0x0000000008006a30       0x66 CMakeFiles/BMI_088_SPI_Clion.elf.dir/Middlewares/Third_Party/FreeRTOS/Source/tasks.c.obj
                0x0000000008006a30                xTaskCreate
 *fill*         0x0000000008006a96        0x2 
 .text.vTaskStartScheduler
                0x0000000008006a98       0x6c CMakeFiles/BMI_088_SPI_Clion.elf.dir/Middlewares/Third_Party/FreeRTOS/Source/tasks.c.obj
                0x0000000008006a98                vTaskStartScheduler
 .text.vTaskSuspendAll
                0x0000000008006b04       0x10 CMakeFiles/BMI_088_SPI_Clion.elf.dir/Middlewares/Third_Party/FreeRTOS/Source/tasks.c.obj
                0x0000000008006b04                vTaskSuspendAll
 .text.pcTaskGetName
                0x0000000008006b14       0x28 CMakeFiles/BMI_088_SPI_Clion.elf.dir/Middlewares/Third_Party/FreeRTOS/Source/tasks.c.obj
                0x0000000008006b14                pcTaskGetName
 .text.xTaskIncrementTick
                0x0000000008006b3c      0x118 CMakeFiles/BMI_088_SPI_Clion.elf.dir/Middlewares/Third_Party/FreeRTOS/Source/tasks.c.obj
                0x0000000008006b3c                xTaskIncrementTick
 .text.xTaskResumeAll
                0x0000000008006c54       0xf4 CMakeFiles/BMI_088_SPI_Clion.elf.dir/Middlewares/Third_Party/FreeRTOS/Source/tasks.c.obj
                0x0000000008006c54                xTaskResumeAll
 .text.vTaskDelay
                0x0000000008006d48       0x4c CMakeFiles/BMI_088_SPI_Clion.elf.dir/Middlewares/Third_Party/FreeRTOS/Source/tasks.c.obj
                0x0000000008006d48                vTaskDelay
 .text.xTaskGetHandle
                0x0000000008006d94       0x90 CMakeFiles/BMI_088_SPI_Clion.elf.dir/Middlewares/Third_Party/FreeRTOS/Source/tasks.c.obj
                0x0000000008006d94                xTaskGetHandle
 .text.vTaskSwitchContext
                0x0000000008006e24       0x98 CMakeFiles/BMI_088_SPI_Clion.elf.dir/Middlewares/Third_Party/FreeRTOS/Source/tasks.c.obj
                0x0000000008006e24                vTaskSwitchContext
 .text.vTaskPlaceOnEventList
                0x0000000008006ebc       0x30 CMakeFiles/BMI_088_SPI_Clion.elf.dir/Middlewares/Third_Party/FreeRTOS/Source/tasks.c.obj
                0x0000000008006ebc                vTaskPlaceOnEventList
 .text.xTaskRemoveFromEventList
                0x0000000008006eec       0x8c CMakeFiles/BMI_088_SPI_Clion.elf.dir/Middlewares/Third_Party/FreeRTOS/Source/tasks.c.obj
                0x0000000008006eec                xTaskRemoveFromEventList
 .text.vTaskInternalSetTimeOutState
                0x0000000008006f78       0x18 CMakeFiles/BMI_088_SPI_Clion.elf.dir/Middlewares/Third_Party/FreeRTOS/Source/tasks.c.obj
                0x0000000008006f78                vTaskInternalSetTimeOutState
 .text.xTaskCheckForTimeOut
                0x0000000008006f90       0x80 CMakeFiles/BMI_088_SPI_Clion.elf.dir/Middlewares/Third_Party/FreeRTOS/Source/tasks.c.obj
                0x0000000008006f90                xTaskCheckForTimeOut
 .text.vTaskMissedYield
                0x0000000008007010        0xc CMakeFiles/BMI_088_SPI_Clion.elf.dir/Middlewares/Third_Party/FreeRTOS/Source/tasks.c.obj
                0x0000000008007010                vTaskMissedYield
 .text.xTaskGetSchedulerState
                0x000000000800701c       0x20 CMakeFiles/BMI_088_SPI_Clion.elf.dir/Middlewares/Third_Party/FreeRTOS/Source/tasks.c.obj
                0x000000000800701c                xTaskGetSchedulerState
 .text.xTaskPriorityDisinherit
                0x000000000800703c       0xb0 CMakeFiles/BMI_088_SPI_Clion.elf.dir/Middlewares/Third_Party/FreeRTOS/Source/tasks.c.obj
                0x000000000800703c                xTaskPriorityDisinherit
 .text.ulTaskNotifyTake
                0x00000000080070ec       0x78 CMakeFiles/BMI_088_SPI_Clion.elf.dir/Middlewares/Third_Party/FreeRTOS/Source/tasks.c.obj
                0x00000000080070ec                ulTaskNotifyTake
 .text.vTaskNotifyGiveFromISR
                0x0000000008007164       0xcc CMakeFiles/BMI_088_SPI_Clion.elf.dir/Middlewares/Third_Party/FreeRTOS/Source/tasks.c.obj
                0x0000000008007164                vTaskNotifyGiveFromISR
 .text._ZL15imu_cmd_spi_dmav
                0x0000000008007230      0x15c CMakeFiles/BMI_088_SPI_Clion.elf.dir/applications/INS_Task.cpp.obj
 .text._Z9AHRS_initPfS_S_
                0x000000000800738c       0x10 CMakeFiles/BMI_088_SPI_Clion.elf.dir/applications/INS_Task.cpp.obj
                0x000000000800738c                AHRS_init(float*, float*, float*)
 .text._Z11AHRS_updatePffS_S_S_
                0x000000000800739c       0x2c CMakeFiles/BMI_088_SPI_Clion.elf.dir/applications/INS_Task.cpp.obj
                0x000000000800739c                AHRS_update(float*, float, float*, float*, float*)
 .text._Z9get_anglePfS_S_S_
                0x00000000080073c8       0xbc CMakeFiles/BMI_088_SPI_Clion.elf.dir/applications/INS_Task.cpp.obj
                0x00000000080073c8                get_angle(float*, float*, float*, float*)
 .text.INS_Task
                0x0000000008007484      0x164 CMakeFiles/BMI_088_SPI_Clion.elf.dir/applications/INS_Task.cpp.obj
                0x0000000008007484                INS_Task
 .text.HAL_GPIO_EXTI_Callback
                0x00000000080075e8       0xdc CMakeFiles/BMI_088_SPI_Clion.elf.dir/applications/INS_Task.cpp.obj
                0x00000000080075e8                HAL_GPIO_EXTI_Callback
 .text.SPI1_DMA_init
                0x00000000080076c4      0x11c CMakeFiles/BMI_088_SPI_Clion.elf.dir/bsp/boards/bsp_spi.c.obj
                0x00000000080076c4                SPI1_DMA_init
 .text.SPI1_DMA_enable
                0x00000000080077e0     0x1d78 CMakeFiles/BMI_088_SPI_Clion.elf.dir/bsp/boards/bsp_spi.c.obj
                0x00000000080077e0                SPI1_DMA_enable
 .text.BMI088_GPIO_init
                0x0000000008009558        0x2 CMakeFiles/BMI_088_SPI_Clion.elf.dir/component/BMI088/BMI088Middleware.c.obj
                0x0000000008009558                BMI088_GPIO_init
 .text.BMI088_com_init
                0x000000000800955a        0x2 CMakeFiles/BMI_088_SPI_Clion.elf.dir/component/BMI088/BMI088Middleware.c.obj
                0x000000000800955a                BMI088_com_init
 .text.BMI088_delay_us
                0x000000000800955c       0x38 CMakeFiles/BMI_088_SPI_Clion.elf.dir/component/BMI088/BMI088Middleware.c.obj
                0x000000000800955c                BMI088_delay_us
 .text.BMI088_delay_ms
                0x0000000008009594       0x18 CMakeFiles/BMI_088_SPI_Clion.elf.dir/component/BMI088/BMI088Middleware.c.obj
                0x0000000008009594                BMI088_delay_ms
 .text.BMI088_ACCEL_NS_L
                0x00000000080095ac       0x14 CMakeFiles/BMI_088_SPI_Clion.elf.dir/component/BMI088/BMI088Middleware.c.obj
                0x00000000080095ac                BMI088_ACCEL_NS_L
 .text.BMI088_ACCEL_NS_H
                0x00000000080095c0       0x14 CMakeFiles/BMI_088_SPI_Clion.elf.dir/component/BMI088/BMI088Middleware.c.obj
                0x00000000080095c0                BMI088_ACCEL_NS_H
 .text.BMI088_GYRO_NS_L
                0x00000000080095d4       0x14 CMakeFiles/BMI_088_SPI_Clion.elf.dir/component/BMI088/BMI088Middleware.c.obj
                0x00000000080095d4                BMI088_GYRO_NS_L
 .text.BMI088_GYRO_NS_H
                0x00000000080095e8       0x14 CMakeFiles/BMI_088_SPI_Clion.elf.dir/component/BMI088/BMI088Middleware.c.obj
                0x00000000080095e8                BMI088_GYRO_NS_H
 .text.BMI088_read_write_byte
                0x00000000080095fc       0x2c CMakeFiles/BMI_088_SPI_Clion.elf.dir/component/BMI088/BMI088Middleware.c.obj
                0x00000000080095fc                BMI088_read_write_byte
 .text.BMI088_write_single_reg
                0x0000000008009628       0x10 CMakeFiles/BMI_088_SPI_Clion.elf.dir/component/BMI088/BMI088driver.c.obj
 .text.BMI088_read_single_reg
                0x0000000008009638       0x16 CMakeFiles/BMI_088_SPI_Clion.elf.dir/component/BMI088/BMI088driver.c.obj
 .text.BMI088_read_muli_reg
                0x000000000800964e       0x24 CMakeFiles/BMI_088_SPI_Clion.elf.dir/component/BMI088/BMI088driver.c.obj
 *fill*         0x0000000008009672        0x2 
 .text.bmi088_accel_init
                0x0000000008009674      0x134 CMakeFiles/BMI_088_SPI_Clion.elf.dir/component/BMI088/BMI088driver.c.obj
                0x0000000008009674                bmi088_accel_init
 .text.bmi088_gyro_init
                0x00000000080097a8       0xec CMakeFiles/BMI_088_SPI_Clion.elf.dir/component/BMI088/BMI088driver.c.obj
                0x00000000080097a8                bmi088_gyro_init
 .text.bmi088_accel_self_test
                0x0000000008009894      0x2f8 CMakeFiles/BMI_088_SPI_Clion.elf.dir/component/BMI088/BMI088driver.c.obj
                0x0000000008009894                bmi088_accel_self_test
 .text.bmi088_gyro_self_test
                0x0000000008009b8c       0xd2 CMakeFiles/BMI_088_SPI_Clion.elf.dir/component/BMI088/BMI088driver.c.obj
                0x0000000008009b8c                bmi088_gyro_self_test
 .text.BMI088_init
                0x0000000008009c5e       0x32 CMakeFiles/BMI_088_SPI_Clion.elf.dir/component/BMI088/BMI088driver.c.obj
                0x0000000008009c5e                BMI088_init
 .text.BMI088_temperature_read_over
                0x0000000008009c90       0x32 CMakeFiles/BMI_088_SPI_Clion.elf.dir/component/BMI088/BMI088driver.c.obj
                0x0000000008009c90                BMI088_temperature_read_over
 *fill*         0x0000000008009cc2        0x2 
 .text.BMI088_accel_read_over
                0x0000000008009cc4       0x88 CMakeFiles/BMI_088_SPI_Clion.elf.dir/component/BMI088/BMI088driver.c.obj
                0x0000000008009cc4                BMI088_accel_read_over
 .text.BMI088_gyro_read_over
                0x0000000008009d4c       0x64 CMakeFiles/BMI_088_SPI_Clion.elf.dir/component/BMI088/BMI088driver.c.obj
                0x0000000008009d4c                BMI088_gyro_read_over
 .text.BMI088_read
                0x0000000008009db0      0x164 CMakeFiles/BMI_088_SPI_Clion.elf.dir/component/BMI088/BMI088driver.c.obj
                0x0000000008009db0                BMI088_read
 .text.ist8310_init
                0x0000000008009f14       0x78 CMakeFiles/BMI_088_SPI_Clion.elf.dir/component/IST8310/ist8310driver.c.obj
                0x0000000008009f14                ist8310_init
 .text.ist8310_read_mag
                0x0000000008009f8c       0x78 CMakeFiles/BMI_088_SPI_Clion.elf.dir/component/IST8310/ist8310driver.c.obj
                0x0000000008009f8c                ist8310_read_mag
 .text.ist8310_GPIO_init
                0x000000000800a004        0x2 CMakeFiles/BMI_088_SPI_Clion.elf.dir/component/IST8310/ist8310driver_middleware.c.obj
                0x000000000800a004                ist8310_GPIO_init
 .text.ist8310_com_init
                0x000000000800a006        0x2 CMakeFiles/BMI_088_SPI_Clion.elf.dir/component/IST8310/ist8310driver_middleware.c.obj
                0x000000000800a006                ist8310_com_init
 .text.ist8310_IIC_read_single_reg
                0x000000000800a008       0x30 CMakeFiles/BMI_088_SPI_Clion.elf.dir/component/IST8310/ist8310driver_middleware.c.obj
                0x000000000800a008                ist8310_IIC_read_single_reg
 .text.ist8310_IIC_write_single_reg
                0x000000000800a038       0x28 CMakeFiles/BMI_088_SPI_Clion.elf.dir/component/IST8310/ist8310driver_middleware.c.obj
                0x000000000800a038                ist8310_IIC_write_single_reg
 .text.ist8310_IIC_read_muli_reg
                0x000000000800a060       0x24 CMakeFiles/BMI_088_SPI_Clion.elf.dir/component/IST8310/ist8310driver_middleware.c.obj
                0x000000000800a060                ist8310_IIC_read_muli_reg
 .text.ist8310_delay_ms
                0x000000000800a084        0x8 CMakeFiles/BMI_088_SPI_Clion.elf.dir/component/IST8310/ist8310driver_middleware.c.obj
                0x000000000800a084                ist8310_delay_ms
 .text.ist8310_delay_us
                0x000000000800a08c       0x38 CMakeFiles/BMI_088_SPI_Clion.elf.dir/component/IST8310/ist8310driver_middleware.c.obj
                0x000000000800a08c                ist8310_delay_us
 .text.ist8310_RST_H
                0x000000000800a0c4       0x14 CMakeFiles/BMI_088_SPI_Clion.elf.dir/component/IST8310/ist8310driver_middleware.c.obj
                0x000000000800a0c4                ist8310_RST_H
 .text.ist8310_RST_L
                0x000000000800a0d8       0x14 CMakeFiles/BMI_088_SPI_Clion.elf.dir/component/IST8310/ist8310driver_middleware.c.obj
                0x000000000800a0d8                ist8310_RST_L
 .text.sqrt     0x000000000800a0ec       0xb8 /home/szy/gcc-arm-none-eabi-7-2017-q4-major/bin/../lib/gcc/arm-none-eabi/7.2.1/../../../../arm-none-eabi/lib/thumb/v7e-m/fpv4-sp/hard/libm.a(lib_a-w_sqrt.o)
                0x000000000800a0ec                sqrt
 .text.asinf    0x000000000800a1a4       0xb4 /home/szy/gcc-arm-none-eabi-7-2017-q4-major/bin/../lib/gcc/arm-none-eabi/7.2.1/../../../../arm-none-eabi/lib/thumb/v7e-m/fpv4-sp/hard/libm.a(lib_a-wf_asin.o)
                0x000000000800a1a4                asinf
 .text.atan2f   0x000000000800a258        0x4 /home/szy/gcc-arm-none-eabi-7-2017-q4-major/bin/../lib/gcc/arm-none-eabi/7.2.1/../../../../arm-none-eabi/lib/thumb/v7e-m/fpv4-sp/hard/libm.a(lib_a-wf_atan2.o)
                0x000000000800a258                atan2f
 .text.__ieee754_sqrt
                0x000000000800a25c      0x194 /home/szy/gcc-arm-none-eabi-7-2017-q4-major/bin/../lib/gcc/arm-none-eabi/7.2.1/../../../../arm-none-eabi/lib/thumb/v7e-m/fpv4-sp/hard/libm.a(lib_a-e_sqrt.o)
                0x000000000800a25c                __ieee754_sqrt
 .text.__ieee754_asinf
                0x000000000800a3f0      0x1f4 /home/szy/gcc-arm-none-eabi-7-2017-q4-major/bin/../lib/gcc/arm-none-eabi/7.2.1/../../../../arm-none-eabi/lib/thumb/v7e-m/fpv4-sp/hard/libm.a(lib_a-ef_asin.o)
                0x000000000800a3f0                __ieee754_asinf
 .text.__ieee754_atan2f
                0x000000000800a5e4      0x17c /home/szy/gcc-arm-none-eabi-7-2017-q4-major/bin/../lib/gcc/arm-none-eabi/7.2.1/../../../../arm-none-eabi/lib/thumb/v7e-m/fpv4-sp/hard/libm.a(lib_a-ef_atan2.o)
                0x000000000800a5e4                __ieee754_atan2f
 .text.__ieee754_sqrtf
                0x000000000800a760        0x8 /home/szy/gcc-arm-none-eabi-7-2017-q4-major/bin/../lib/gcc/arm-none-eabi/7.2.1/../../../../arm-none-eabi/lib/thumb/v7e-m/fpv4-sp/hard/libm.a(lib_a-ef_sqrt.o)
                0x000000000800a760                __ieee754_sqrtf
 .text.matherr  0x000000000800a768        0x4 /home/szy/gcc-arm-none-eabi-7-2017-q4-major/bin/../lib/gcc/arm-none-eabi/7.2.1/../../../../arm-none-eabi/lib/thumb/v7e-m/fpv4-sp/hard/libm.a(lib_a-s_matherr.o)
                0x000000000800a768                matherr
 *fill*         0x000000000800a76c        0x4 
 .text.nan      0x000000000800a770       0x10 /home/szy/gcc-arm-none-eabi-7-2017-q4-major/bin/../lib/gcc/arm-none-eabi/7.2.1/../../../../arm-none-eabi/lib/thumb/v7e-m/fpv4-sp/hard/libm.a(lib_a-s_nan.o)
                0x000000000800a770                nan
 .text.atanf    0x000000000800a780      0x1a4 /home/szy/gcc-arm-none-eabi-7-2017-q4-major/bin/../lib/gcc/arm-none-eabi/7.2.1/../../../../arm-none-eabi/lib/thumb/v7e-m/fpv4-sp/hard/libm.a(lib_a-sf_atan.o)
                0x000000000800a780                atanf
 .text.fabsf    0x000000000800a924       0x10 /home/szy/gcc-arm-none-eabi-7-2017-q4-major/bin/../lib/gcc/arm-none-eabi/7.2.1/../../../../arm-none-eabi/lib/thumb/v7e-m/fpv4-sp/hard/libm.a(lib_a-sf_fabs.o)
                0x000000000800a924                fabsf
 .text.abort    0x000000000800a934       0x10 /home/szy/gcc-arm-none-eabi-7-2017-q4-major/bin/../lib/gcc/arm-none-eabi/7.2.1/../../../../arm-none-eabi/lib/thumb/v7e-m/fpv4-sp/hard/libg.a(lib_a-abort.o)
                0x000000000800a934                abort
 .text.__errno  0x000000000800a944        0xc /home/szy/gcc-arm-none-eabi-7-2017-q4-major/bin/../lib/gcc/arm-none-eabi/7.2.1/../../../../arm-none-eabi/lib/thumb/v7e-m/fpv4-sp/hard/libg.a(lib_a-errno.o)
                0x000000000800a944                __errno
 .text.__libc_init_array
                0x000000000800a950       0x48 /home/szy/gcc-arm-none-eabi-7-2017-q4-major/bin/../lib/gcc/arm-none-eabi/7.2.1/../../../../arm-none-eabi/lib/thumb/v7e-m/fpv4-sp/hard/libg.a(lib_a-init.o)
                0x000000000800a950                __libc_init_array
 .text.malloc   0x000000000800a998       0x10 /home/szy/gcc-arm-none-eabi-7-2017-q4-major/bin/../lib/gcc/arm-none-eabi/7.2.1/../../../../arm-none-eabi/lib/thumb/v7e-m/fpv4-sp/hard/libg.a(lib_a-malloc.o)
                0x000000000800a998                malloc
 .text._malloc_r
                0x000000000800a9a8      0x548 /home/szy/gcc-arm-none-eabi-7-2017-q4-major/bin/../lib/gcc/arm-none-eabi/7.2.1/../../../../arm-none-eabi/lib/thumb/v7e-m/fpv4-sp/hard/libg.a(lib_a-mallocr.o)
                0x000000000800a9a8                _malloc_r
 .text.memset   0x000000000800aef0       0x94 /home/szy/gcc-arm-none-eabi-7-2017-q4-major/bin/../lib/gcc/arm-none-eabi/7.2.1/../../../../arm-none-eabi/lib/thumb/v7e-m/fpv4-sp/hard/libg.a(lib_a-memset.o)
                0x000000000800aef0                memset
 .text.__malloc_lock
                0x000000000800af84        0xc /home/szy/gcc-arm-none-eabi-7-2017-q4-major/bin/../lib/gcc/arm-none-eabi/7.2.1/../../../../arm-none-eabi/lib/thumb/v7e-m/fpv4-sp/hard/libg.a(lib_a-mlock.o)
                0x000000000800af84                __malloc_lock
 .text.__malloc_unlock
                0x000000000800af90        0xc /home/szy/gcc-arm-none-eabi-7-2017-q4-major/bin/../lib/gcc/arm-none-eabi/7.2.1/../../../../arm-none-eabi/lib/thumb/v7e-m/fpv4-sp/hard/libg.a(lib_a-mlock.o)
                0x000000000800af90                __malloc_unlock
 .text._sbrk_r  0x000000000800af9c       0x24 /home/szy/gcc-arm-none-eabi-7-2017-q4-major/bin/../lib/gcc/arm-none-eabi/7.2.1/../../../../arm-none-eabi/lib/thumb/v7e-m/fpv4-sp/hard/libg.a(lib_a-sbrkr.o)
                0x000000000800af9c                _sbrk_r
 .text._raise_r
                0x000000000800afc0       0x58 /home/szy/gcc-arm-none-eabi-7-2017-q4-major/bin/../lib/gcc/arm-none-eabi/7.2.1/../../../../arm-none-eabi/lib/thumb/v7e-m/fpv4-sp/hard/libg.a(lib_a-signal.o)
                0x000000000800afc0                _raise_r
 .text.raise    0x000000000800b018       0x10 /home/szy/gcc-arm-none-eabi-7-2017-q4-major/bin/../lib/gcc/arm-none-eabi/7.2.1/../../../../arm-none-eabi/lib/thumb/v7e-m/fpv4-sp/hard/libg.a(lib_a-signal.o)
                0x000000000800b018                raise
 .text._kill_r  0x000000000800b028       0x28 /home/szy/gcc-arm-none-eabi-7-2017-q4-major/bin/../lib/gcc/arm-none-eabi/7.2.1/../../../../arm-none-eabi/lib/thumb/v7e-m/fpv4-sp/hard/libg.a(lib_a-signalr.o)
                0x000000000800b028                _kill_r
 .text._getpid_r
                0x000000000800b050        0x4 /home/szy/gcc-arm-none-eabi-7-2017-q4-major/bin/../lib/gcc/arm-none-eabi/7.2.1/../../../../arm-none-eabi/lib/thumb/v7e-m/fpv4-sp/hard/libg.a(lib_a-signalr.o)
                0x000000000800b050                _getpid_r
 .text.startup.register_fini
                0x000000000800b054       0x14 /home/szy/gcc-arm-none-eabi-7-2017-q4-major/bin/../lib/gcc/arm-none-eabi/7.2.1/../../../../arm-none-eabi/lib/thumb/v7e-m/fpv4-sp/hard/libg.a(lib_a-__call_atexit.o)
 .text.atexit   0x000000000800b068        0xc /home/szy/gcc-arm-none-eabi-7-2017-q4-major/bin/../lib/gcc/arm-none-eabi/7.2.1/../../../../arm-none-eabi/lib/thumb/v7e-m/fpv4-sp/hard/libg.a(lib_a-atexit.o)
                0x000000000800b068                atexit
 .text.__libc_fini_array
                0x000000000800b074       0x34 /home/szy/gcc-arm-none-eabi-7-2017-q4-major/bin/../lib/gcc/arm-none-eabi/7.2.1/../../../../arm-none-eabi/lib/thumb/v7e-m/fpv4-sp/hard/libg.a(lib_a-fini.o)
                0x000000000800b074                __libc_fini_array
 .text._malloc_trim_r
                0x000000000800b0a8       0xa0 /home/szy/gcc-arm-none-eabi-7-2017-q4-major/bin/../lib/gcc/arm-none-eabi/7.2.1/../../../../arm-none-eabi/lib/thumb/v7e-m/fpv4-sp/hard/libg.a(lib_a-freer.o)
                0x000000000800b0a8                _malloc_trim_r
 .text._free_r  0x000000000800b148      0x1e8 /home/szy/gcc-arm-none-eabi-7-2017-q4-major/bin/../lib/gcc/arm-none-eabi/7.2.1/../../../../arm-none-eabi/lib/thumb/v7e-m/fpv4-sp/hard/libg.a(lib_a-freer.o)
                0x000000000800b148                _free_r
 .text.__retarget_lock_acquire_recursive
                0x000000000800b330        0x4 /home/szy/gcc-arm-none-eabi-7-2017-q4-major/bin/../lib/gcc/arm-none-eabi/7.2.1/../../../../arm-none-eabi/lib/thumb/v7e-m/fpv4-sp/hard/libg.a(lib_a-lock.o)
                0x000000000800b330                __retarget_lock_acquire_recursive
 .text.__retarget_lock_release_recursive
                0x000000000800b334        0x4 /home/szy/gcc-arm-none-eabi-7-2017-q4-major/bin/../lib/gcc/arm-none-eabi/7.2.1/../../../../arm-none-eabi/lib/thumb/v7e-m/fpv4-sp/hard/libg.a(lib_a-lock.o)
                0x000000000800b334                __retarget_lock_release_recursive
 .text.__register_exitproc
                0x000000000800b338       0xc0 /home/szy/gcc-arm-none-eabi-7-2017-q4-major/bin/../lib/gcc/arm-none-eabi/7.2.1/../../../../arm-none-eabi/lib/thumb/v7e-m/fpv4-sp/hard/libg.a(lib_a-__atexit.o)
                0x000000000800b338                __register_exitproc
 *(.glue_7)
 .glue_7        0x000000000800b3f8        0x0 linker stubs
 *(.glue_7t)
 .glue_7t       0x000000000800b3f8        0x0 linker stubs
 *(.eh_frame)
 .eh_frame      0x000000000800b3f8        0x0 /home/szy/gcc-arm-none-eabi-7-2017-q4-major/bin/../lib/gcc/arm-none-eabi/7.2.1/thumb/v7e-m/fpv4-sp/hard/crtbegin.o
 *(.init)
 .init          0x000000000800b3f8        0x4 /home/szy/gcc-arm-none-eabi-7-2017-q4-major/bin/../lib/gcc/arm-none-eabi/7.2.1/thumb/v7e-m/fpv4-sp/hard/crti.o
                0x000000000800b3f8                _init
 .init          0x000000000800b3fc        0x8 /home/szy/gcc-arm-none-eabi-7-2017-q4-major/bin/../lib/gcc/arm-none-eabi/7.2.1/thumb/v7e-m/fpv4-sp/hard/crtn.o
 *(.fini)
 .fini          0x000000000800b404        0x4 /home/szy/gcc-arm-none-eabi-7-2017-q4-major/bin/../lib/gcc/arm-none-eabi/7.2.1/thumb/v7e-m/fpv4-sp/hard/crti.o
                0x000000000800b404                _fini
 .fini          0x000000000800b408        0x8 /home/szy/gcc-arm-none-eabi-7-2017-q4-major/bin/../lib/gcc/arm-none-eabi/7.2.1/thumb/v7e-m/fpv4-sp/hard/crtn.o
                0x000000000800b410                . = ALIGN (0x4)
                0x000000000800b410                _etext = .

.vfp11_veneer   0x000000000800b410        0x0
 .vfp11_veneer  0x000000000800b410        0x0 linker stubs

.v4_bx          0x000000000800b410        0x0
 .v4_bx         0x000000000800b410        0x0 linker stubs

.iplt           0x000000000800b410        0x0
 .iplt          0x000000000800b410        0x0 /home/szy/gcc-arm-none-eabi-7-2017-q4-major/bin/../lib/gcc/arm-none-eabi/7.2.1/thumb/v7e-m/fpv4-sp/hard/crtbegin.o

.rodata         0x000000000800b410      0x114
                0x000000000800b410                . = ALIGN (0x4)
 *(.rodata)
 .rodata        0x000000000800b410       0x54 CMakeFiles/BMI_088_SPI_Clion.elf.dir/Core/Src/freertos.c.obj
 *(.rodata*)
 .rodata.str1.4
                0x000000000800b464       0x1c CMakeFiles/BMI_088_SPI_Clion.elf.dir/Core/Src/freertos.c.obj
 .rodata.AHBPrescTable
                0x000000000800b480       0x10 CMakeFiles/BMI_088_SPI_Clion.elf.dir/Core/Src/system_stm32f4xx.c.obj
                0x000000000800b480                AHBPrescTable
 .rodata.APBPrescTable
                0x000000000800b490        0x8 CMakeFiles/BMI_088_SPI_Clion.elf.dir/Core/Src/system_stm32f4xx.c.obj
                0x000000000800b490                APBPrescTable
 .rodata.flagBitshiftOffset.8551
                0x000000000800b498        0x8 CMakeFiles/BMI_088_SPI_Clion.elf.dir/Drivers/STM32F4xx_HAL_Driver/Src/stm32f4xx_hal_dma.c.obj
 .rodata.vTaskStartScheduler.str1.4
                0x000000000800b4a0        0x5 CMakeFiles/BMI_088_SPI_Clion.elf.dir/Middlewares/Third_Party/FreeRTOS/Source/tasks.c.obj
 *fill*         0x000000000800b4a5        0x3 
 .rodata.write_BMI088_ACCEL_self_test_Reg_Data_Error.8565
                0x000000000800b4a8       0x12 CMakeFiles/BMI_088_SPI_Clion.elf.dir/component/BMI088/BMI088driver.c.obj
 *fill*         0x000000000800b4ba        0x2 
 .rodata.write_BMI088_accel_reg_data_error
                0x000000000800b4bc       0x12 CMakeFiles/BMI_088_SPI_Clion.elf.dir/component/BMI088/BMI088driver.c.obj
 *fill*         0x000000000800b4ce        0x2 
 .rodata.write_BMI088_gyro_reg_data_error
                0x000000000800b4d0       0x12 CMakeFiles/BMI_088_SPI_Clion.elf.dir/component/BMI088/BMI088driver.c.obj
 *fill*         0x000000000800b4e2        0x2 
 .rodata.ist8310_write_reg_data_error
                0x000000000800b4e4        0xc CMakeFiles/BMI_088_SPI_Clion.elf.dir/component/IST8310/ist8310driver.c.obj
 .rodata.sqrt.str1.4
                0x000000000800b4f0        0x5 /home/szy/gcc-arm-none-eabi-7-2017-q4-major/bin/../lib/gcc/arm-none-eabi/7.2.1/../../../../arm-none-eabi/lib/thumb/v7e-m/fpv4-sp/hard/libm.a(lib_a-w_sqrt.o)
 *fill*         0x000000000800b4f5        0x3 
 .rodata.asinf.str1.4
                0x000000000800b4f8        0x8 /home/szy/gcc-arm-none-eabi-7-2017-q4-major/bin/../lib/gcc/arm-none-eabi/7.2.1/../../../../arm-none-eabi/lib/thumb/v7e-m/fpv4-sp/hard/libm.a(lib_a-wf_asin.o)
                                          0x9 (size before relaxing)
 .rodata.atanhi
                0x000000000800b500       0x10 /home/szy/gcc-arm-none-eabi-7-2017-q4-major/bin/../lib/gcc/arm-none-eabi/7.2.1/../../../../arm-none-eabi/lib/thumb/v7e-m/fpv4-sp/hard/libm.a(lib_a-sf_atan.o)
 .rodata.atanlo
                0x000000000800b510       0x10 /home/szy/gcc-arm-none-eabi-7-2017-q4-major/bin/../lib/gcc/arm-none-eabi/7.2.1/../../../../arm-none-eabi/lib/thumb/v7e-m/fpv4-sp/hard/libm.a(lib_a-sf_atan.o)
 .rodata._global_impure_ptr
                0x000000000800b520        0x4 /home/szy/gcc-arm-none-eabi-7-2017-q4-major/bin/../lib/gcc/arm-none-eabi/7.2.1/../../../../arm-none-eabi/lib/thumb/v7e-m/fpv4-sp/hard/libg.a(lib_a-impure.o)
                0x000000000800b520                _global_impure_ptr
                0x000000000800b524                . = ALIGN (0x4)

.ARM.extab      0x000000000800b524       0x30
                0x000000000800b524                . = ALIGN (0x4)
 *(.ARM.extab* .gnu.linkonce.armextab.*)
 .ARM.extab.text._ZL15imu_cmd_spi_dmav
                0x000000000800b524        0xc CMakeFiles/BMI_088_SPI_Clion.elf.dir/applications/INS_Task.cpp.obj
 .ARM.extab.text._Z11AHRS_updatePffS_S_S_
                0x000000000800b530        0xc CMakeFiles/BMI_088_SPI_Clion.elf.dir/applications/INS_Task.cpp.obj
 .ARM.extab     0x000000000800b53c       0x18 /home/szy/gcc-arm-none-eabi-7-2017-q4-major/bin/../lib/gcc/arm-none-eabi/7.2.1/thumb/v7e-m/fpv4-sp/hard/libgcc.a(pr-support.o)
                0x000000000800b554                . = ALIGN (0x4)

.ARM            0x000000000800b554       0xe8
                0x000000000800b554                . = ALIGN (0x4)
                0x000000000800b554                __exidx_start = .
 *(.ARM.exidx*)
 .ARM.exidx.text._ZL15imu_cmd_spi_dmav
                0x000000000800b60c        0x8 CMakeFiles/BMI_088_SPI_Clion.elf.dir/applications/INS_Task.cpp.obj
 .ARM.exidx.text._Z9AHRS_initPfS_S_
                0x000000000800b614        0x8 CMakeFiles/BMI_088_SPI_Clion.elf.dir/applications/INS_Task.cpp.obj
 .ARM.exidx.text._Z11AHRS_updatePffS_S_S_
                0x000000000800b61c        0x8 CMakeFiles/BMI_088_SPI_Clion.elf.dir/applications/INS_Task.cpp.obj
 .ARM.exidx.text._Z9get_anglePfS_S_S_
                0x000000000800b624        0x8 CMakeFiles/BMI_088_SPI_Clion.elf.dir/applications/INS_Task.cpp.obj
 .ARM.exidx.text.INS_Task
                0x000000000800b62c        0x8 CMakeFiles/BMI_088_SPI_Clion.elf.dir/applications/INS_Task.cpp.obj
 .ARM.exidx.text.HAL_GPIO_EXTI_Callback
                0x000000000800b634        0x8 CMakeFiles/BMI_088_SPI_Clion.elf.dir/applications/INS_Task.cpp.obj
 .ARM.exidx     0x000000000800b554        0x8 /home/szy/gcc-arm-none-eabi-7-2017-q4-major/bin/../lib/gcc/arm-none-eabi/7.2.1/thumb/v7e-m/fpv4-sp/hard/libgcc.a(_udivmoddi4.o)
 .ARM.exidx     0x000000000800b55c       0x78 /home/szy/gcc-arm-none-eabi-7-2017-q4-major/bin/../lib/gcc/arm-none-eabi/7.2.1/thumb/v7e-m/fpv4-sp/hard/libgcc.a(unwind-arm.o)
                                         0xd8 (size before relaxing)
 .ARM.exidx     0x000000000800b5d4       0x38 /home/szy/gcc-arm-none-eabi-7-2017-q4-major/bin/../lib/gcc/arm-none-eabi/7.2.1/thumb/v7e-m/fpv4-sp/hard/libgcc.a(pr-support.o)
                                         0x48 (size before relaxing)
                0x000000000800b63c                __exidx_end = .
                0x000000000800b63c                . = ALIGN (0x4)

.rel.dyn        0x000000000800b63c        0x0
 .rel.iplt      0x000000000800b63c        0x0 /home/szy/gcc-arm-none-eabi-7-2017-q4-major/bin/../lib/gcc/arm-none-eabi/7.2.1/thumb/v7e-m/fpv4-sp/hard/crtbegin.o

.preinit_array  0x000000000800b63c        0x0
                0x000000000800b63c                . = ALIGN (0x4)
                0x000000000800b63c                PROVIDE (__preinit_array_start, .)
 *(.preinit_array*)
                0x000000000800b63c                PROVIDE (__preinit_array_end, .)
                0x000000000800b63c                . = ALIGN (0x4)

.init_array     0x000000000800b63c        0x8
                0x000000000800b63c                . = ALIGN (0x4)
                0x000000000800b63c                PROVIDE (__init_array_start, .)
 *(SORT_BY_NAME(.init_array.*))
 .init_array.00000
                0x000000000800b63c        0x4 /home/szy/gcc-arm-none-eabi-7-2017-q4-major/bin/../lib/gcc/arm-none-eabi/7.2.1/../../../../arm-none-eabi/lib/thumb/v7e-m/fpv4-sp/hard/libg.a(lib_a-__call_atexit.o)
 *(.init_array*)
 .init_array    0x000000000800b640        0x4 /home/szy/gcc-arm-none-eabi-7-2017-q4-major/bin/../lib/gcc/arm-none-eabi/7.2.1/thumb/v7e-m/fpv4-sp/hard/crtbegin.o
                0x000000000800b644                PROVIDE (__init_array_end, .)
                0x000000000800b644                . = ALIGN (0x4)

.fini_array     0x000000000800b644        0x4
                0x000000000800b644                . = ALIGN (0x4)
                0x000000000800b644                PROVIDE (__fini_array_start, .)
 *(SORT_BY_NAME(.fini_array.*))
 *(.fini_array*)
 .fini_array    0x000000000800b644        0x4 /home/szy/gcc-arm-none-eabi-7-2017-q4-major/bin/../lib/gcc/arm-none-eabi/7.2.1/thumb/v7e-m/fpv4-sp/hard/crtbegin.o
                0x000000000800b648                PROVIDE (__fini_array_end, .)
                0x000000000800b648                . = ALIGN (0x4)
                0x000000000800b648                _sidata = LOADADDR (.data)

.data           0x0000000020000000      0x87c load address 0x000000000800b648
                0x0000000020000000                . = ALIGN (0x4)
                0x0000000020000000                _sdata = .
 *(.data)
 *(.data*)
 .data.twoKp    0x0000000020000000        0x4 CMakeFiles/BMI_088_SPI_Clion.elf.dir/Algorithms/Fusion_sample/MahonyAHRS.c.obj
                0x0000000020000000                twoKp
 .data.SystemCoreClock
                0x0000000020000004        0x4 CMakeFiles/BMI_088_SPI_Clion.elf.dir/Core/Src/system_stm32f4xx.c.obj
                0x0000000020000004                SystemCoreClock
 .data.uwTickFreq
                0x0000000020000008        0x1 CMakeFiles/BMI_088_SPI_Clion.elf.dir/Drivers/STM32F4xx_HAL_Driver/Src/stm32f4xx_hal.c.obj
                0x0000000020000008                uwTickFreq
 *fill*         0x0000000020000009        0x3 
 .data.uwTickPrio
                0x000000002000000c        0x4 CMakeFiles/BMI_088_SPI_Clion.elf.dir/Drivers/STM32F4xx_HAL_Driver/Src/stm32f4xx_hal.c.obj
                0x000000002000000c                uwTickPrio
 .data.uxCriticalNesting
                0x0000000020000010        0x4 CMakeFiles/BMI_088_SPI_Clion.elf.dir/Middlewares/Third_Party/FreeRTOS/Source/portable/GCC/ARM_CM4F/port.c.obj
 .data.accel_dma_tx_buf
                0x0000000020000014        0x9 CMakeFiles/BMI_088_SPI_Clion.elf.dir/applications/INS_Task.cpp.obj
                0x0000000020000014                accel_dma_tx_buf
 *fill*         0x000000002000001d        0x3 
 .data.accel_temp_dma_tx_buf
                0x0000000020000020        0x4 CMakeFiles/BMI_088_SPI_Clion.elf.dir/applications/INS_Task.cpp.obj
                0x0000000020000020                accel_temp_dma_tx_buf
 .data.gyro_dma_tx_buf
                0x0000000020000024        0x8 CMakeFiles/BMI_088_SPI_Clion.elf.dir/applications/INS_Task.cpp.obj
                0x0000000020000024                gyro_dma_tx_buf
 .data.BMI088_ACCEL_SEN
                0x000000002000002c        0x4 CMakeFiles/BMI_088_SPI_Clion.elf.dir/component/BMI088/BMI088driver.c.obj
                0x000000002000002c                BMI088_ACCEL_SEN
 .data.BMI088_GYRO_SEN
                0x0000000020000030        0x4 CMakeFiles/BMI_088_SPI_Clion.elf.dir/component/BMI088/BMI088driver.c.obj
                0x0000000020000030                BMI088_GYRO_SEN
 .data.__fdlib_version
                0x0000000020000034        0x1 /home/szy/gcc-arm-none-eabi-7-2017-q4-major/bin/../lib/gcc/arm-none-eabi/7.2.1/../../../../arm-none-eabi/lib/thumb/v7e-m/fpv4-sp/hard/libm.a(lib_a-s_lib_ver.o)
                0x0000000020000034                __fdlib_version
 *fill*         0x0000000020000035        0x3 
 .data._impure_ptr
                0x0000000020000038        0x4 /home/szy/gcc-arm-none-eabi-7-2017-q4-major/bin/../lib/gcc/arm-none-eabi/7.2.1/../../../../arm-none-eabi/lib/thumb/v7e-m/fpv4-sp/hard/libg.a(lib_a-impure.o)
                0x0000000020000038                _impure_ptr
 *fill*         0x000000002000003c        0x4 
 .data.impure_data
                0x0000000020000040      0x428 /home/szy/gcc-arm-none-eabi-7-2017-q4-major/bin/../lib/gcc/arm-none-eabi/7.2.1/../../../../arm-none-eabi/lib/thumb/v7e-m/fpv4-sp/hard/libg.a(lib_a-impure.o)
 .data.__malloc_av_
                0x0000000020000468      0x408 /home/szy/gcc-arm-none-eabi-7-2017-q4-major/bin/../lib/gcc/arm-none-eabi/7.2.1/../../../../arm-none-eabi/lib/thumb/v7e-m/fpv4-sp/hard/libg.a(lib_a-mallocr.o)
                0x0000000020000468                __malloc_av_
 .data.__malloc_sbrk_base
                0x0000000020000870        0x4 /home/szy/gcc-arm-none-eabi-7-2017-q4-major/bin/../lib/gcc/arm-none-eabi/7.2.1/../../../../arm-none-eabi/lib/thumb/v7e-m/fpv4-sp/hard/libg.a(lib_a-mallocr.o)
                0x0000000020000870                __malloc_sbrk_base
 .data.__malloc_trim_threshold
                0x0000000020000874        0x4 /home/szy/gcc-arm-none-eabi-7-2017-q4-major/bin/../lib/gcc/arm-none-eabi/7.2.1/../../../../arm-none-eabi/lib/thumb/v7e-m/fpv4-sp/hard/libg.a(lib_a-mallocr.o)
                0x0000000020000874                __malloc_trim_threshold
 .data.__atexit_recursive_mutex
                0x0000000020000878        0x4 /home/szy/gcc-arm-none-eabi-7-2017-q4-major/bin/../lib/gcc/arm-none-eabi/7.2.1/../../../../arm-none-eabi/lib/thumb/v7e-m/fpv4-sp/hard/libg.a(lib_a-__call_atexit.o)
                0x0000000020000878                __atexit_recursive_mutex
 *(.RamFunc)
 *(.RamFunc*)
                0x000000002000087c                . = ALIGN (0x4)
                0x000000002000087c                _edata = .

.igot.plt       0x000000002000087c        0x0 load address 0x000000000800bec4
 .igot.plt      0x000000002000087c        0x0 /home/szy/gcc-arm-none-eabi-7-2017-q4-major/bin/../lib/gcc/arm-none-eabi/7.2.1/thumb/v7e-m/fpv4-sp/hard/crtbegin.o
                0x000000002000087c                . = ALIGN (0x4)

.bss            0x000000002000087c     0x43a8 load address 0x000000000800bec4
                0x000000002000087c                _sbss = .
                0x000000002000087c                __bss_start__ = _sbss
 *(.bss)
 .bss           0x000000002000087c       0x1c /home/szy/gcc-arm-none-eabi-7-2017-q4-major/bin/../lib/gcc/arm-none-eabi/7.2.1/thumb/v7e-m/fpv4-sp/hard/crtbegin.o
 *(.bss*)
 .bss.integralFBx
                0x0000000020000898        0x4 CMakeFiles/BMI_088_SPI_Clion.elf.dir/Algorithms/Fusion_sample/MahonyAHRS.c.obj
                0x0000000020000898                integralFBx
 .bss.integralFBy
                0x000000002000089c        0x4 CMakeFiles/BMI_088_SPI_Clion.elf.dir/Algorithms/Fusion_sample/MahonyAHRS.c.obj
                0x000000002000089c                integralFBy
 .bss.integralFBz
                0x00000000200008a0        0x4 CMakeFiles/BMI_088_SPI_Clion.elf.dir/Algorithms/Fusion_sample/MahonyAHRS.c.obj
                0x00000000200008a0                integralFBz
 .bss.twoKi     0x00000000200008a4        0x4 CMakeFiles/BMI_088_SPI_Clion.elf.dir/Algorithms/Fusion_sample/MahonyAHRS.c.obj
                0x00000000200008a4                twoKi
 .bss.BMI088_TaskHandle
                0x00000000200008a8        0x4 CMakeFiles/BMI_088_SPI_Clion.elf.dir/Core/Src/freertos.c.obj
                0x00000000200008a8                BMI088_TaskHandle
 .bss.Binary10msHandle
                0x00000000200008ac        0x4 CMakeFiles/BMI_088_SPI_Clion.elf.dir/Core/Src/freertos.c.obj
                0x00000000200008ac                Binary10msHandle
 .bss.BinaryNSLowHandle
                0x00000000200008b0        0x4 CMakeFiles/BMI_088_SPI_Clion.elf.dir/Core/Src/freertos.c.obj
                0x00000000200008b0                BinaryNSLowHandle
 .bss.INSHandle
                0x00000000200008b4        0x4 CMakeFiles/BMI_088_SPI_Clion.elf.dir/Core/Src/freertos.c.obj
                0x00000000200008b4                INSHandle
 .bss.defaultTaskHandle
                0x00000000200008b8        0x4 CMakeFiles/BMI_088_SPI_Clion.elf.dir/Core/Src/freertos.c.obj
                0x00000000200008b8                defaultTaskHandle
 .bss.xIdleStack
                0x00000000200008bc      0x200 CMakeFiles/BMI_088_SPI_Clion.elf.dir/Core/Src/freertos.c.obj
 .bss.xIdleTaskTCBBuffer
                0x0000000020000abc       0x54 CMakeFiles/BMI_088_SPI_Clion.elf.dir/Core/Src/freertos.c.obj
 .bss.hi2c3     0x0000000020000b10       0x54 CMakeFiles/BMI_088_SPI_Clion.elf.dir/Core/Src/i2c.c.obj
                0x0000000020000b10                hi2c3
 .bss.hdma_spi1_rx
                0x0000000020000b64       0x60 CMakeFiles/BMI_088_SPI_Clion.elf.dir/Core/Src/spi.c.obj
                0x0000000020000b64                hdma_spi1_rx