Archive member included to satisfy reference by file (symbol)

/home/szy/gcc-arm-none-eabi-7-2017-q4-major/bin/../lib/gcc/arm-none-eabi/7.2.1/thumb/v7e-m/fpv4-sp/hard/libgcc.a(_aeabi_uldivmod.o)
                              CMakeFiles/BMI_088_SPI_Clion.elf.dir/Drivers/STM32F4xx_HAL_Driver/Src/stm32f4xx_hal_rcc.c.obj (__aeabi_uldivmod)
/home/szy/gcc-arm-none-eabi-7-2017-q4-major/bin/../lib/gcc/arm-none-eabi/7.2.1/thumb/v7e-m/fpv4-sp/hard/libgcc.a(_udivmoddi4.o)
                              /home/szy/gcc-arm-none-eabi-7-2017-q4-major/bin/../lib/gcc/arm-none-eabi/7.2.1/thumb/v7e-m/fpv4-sp/hard/libgcc.a(_aeabi_uldivmod.o) (__udivmoddi4)
/home/szy/gcc-arm-none-eabi-7-2017-q4-major/bin/../lib/gcc/arm-none-eabi/7.2.1/thumb/v7e-m/fpv4-sp/hard/libgcc.a(_dvmd_tls.o)
                              /home/szy/gcc-arm-none-eabi-7-2017-q4-major/bin/../lib/gcc/arm-none-eabi/7.2.1/thumb/v7e-m/fpv4-sp/hard/libgcc.a(_aeabi_uldivmod.o) (__aeabi_ldiv0)
/home/szy/gcc-arm-none-eabi-7-2017-q4-major/bin/../lib/gcc/arm-none-eabi/7.2.1/../../../../arm-none-eabi/lib/thumb/v7e-m/fpv4-sp/hard/libg.a(lib_a-errno.o)
                              CMakeFiles/BMI_088_SPI_Clion.elf.dir/Core/Src/syscalls.c.obj (__errno)
/home/szy/gcc-arm-none-eabi-7-2017-q4-major/bin/../lib/gcc/arm-none-eabi/7.2.1/../../../../arm-none-eabi/lib/thumb/v7e-m/fpv4-sp/hard/libg.a(lib_a-exit.o)
                              /home/szy/gcc-arm-none-eabi-7-2017-q4-major/bin/../lib/gcc/arm-none-eabi/7.2.1/../../../../arm-none-eabi/lib/thumb/v7e-m/fpv4-sp/hard/crt0.o (exit)
/home/szy/gcc-arm-none-eabi-7-2017-q4-major/bin/../lib/gcc/arm-none-eabi/7.2.1/../../../../arm-none-eabi/lib/thumb/v7e-m/fpv4-sp/hard/libg.a(lib_a-impure.o)
                              /home/szy/gcc-arm-none-eabi-7-2017-q4-major/bin/../lib/gcc/arm-none-eabi/7.2.1/../../../../arm-none-eabi/lib/thumb/v7e-m/fpv4-sp/hard/libg.a(lib_a-exit.o) (_global_impure_ptr)
/home/szy/gcc-arm-none-eabi-7-2017-q4-major/bin/../lib/gcc/arm-none-eabi/7.2.1/../../../../arm-none-eabi/lib/thumb/v7e-m/fpv4-sp/hard/libg.a(lib_a-init.o)
                              /home/szy/gcc-arm-none-eabi-7-2017-q4-major/bin/../lib/gcc/arm-none-eabi/7.2.1/../../../../arm-none-eabi/lib/thumb/v7e-m/fpv4-sp/hard/crt0.o (__libc_init_array)
/home/szy/gcc-arm-none-eabi-7-2017-q4-major/bin/../lib/gcc/arm-none-eabi/7.2.1/../../../../arm-none-eabi/lib/thumb/v7e-m/fpv4-sp/hard/libg.a(lib_a-memset.o)
                              /home/szy/gcc-arm-none-eabi-7-2017-q4-major/bin/../lib/gcc/arm-none-eabi/7.2.1/../../../../arm-none-eabi/lib/thumb/v7e-m/fpv4-sp/hard/crt0.o (memset)
/home/szy/gcc-arm-none-eabi-7-2017-q4-major/bin/../lib/gcc/arm-none-eabi/7.2.1/../../../../arm-none-eabi/lib/thumb/v7e-m/fpv4-sp/hard/libg.a(lib_a-__call_atexit.o)
                              /home/szy/gcc-arm-none-eabi-7-2017-q4-major/bin/../lib/gcc/arm-none-eabi/7.2.1/../../../../arm-none-eabi/lib/thumb/v7e-m/fpv4-sp/hard/libg.a(lib_a-exit.o) (__call_exitprocs)
/home/szy/gcc-arm-none-eabi-7-2017-q4-major/bin/../lib/gcc/arm-none-eabi/7.2.1/../../../../arm-none-eabi/lib/thumb/v7e-m/fpv4-sp/hard/libg.a(lib_a-atexit.o)
                              /home/szy/gcc-arm-none-eabi-7-2017-q4-major/bin/../lib/gcc/arm-none-eabi/7.2.1/../../../../arm-none-eabi/lib/thumb/v7e-m/fpv4-sp/hard/libg.a(lib_a-__call_atexit.o) (atexit)
/home/szy/gcc-arm-none-eabi-7-2017-q4-major/bin/../lib/gcc/arm-none-eabi/7.2.1/../../../../arm-none-eabi/lib/thumb/v7e-m/fpv4-sp/hard/libg.a(lib_a-fini.o)
                              /home/szy/gcc-arm-none-eabi-7-2017-q4-major/bin/../lib/gcc/arm-none-eabi/7.2.1/../../../../arm-none-eabi/lib/thumb/v7e-m/fpv4-sp/hard/libg.a(lib_a-__call_atexit.o) (__libc_fini_array)
/home/szy/gcc-arm-none-eabi-7-2017-q4-major/bin/../lib/gcc/arm-none-eabi/7.2.1/../../../../arm-none-eabi/lib/thumb/v7e-m/fpv4-sp/hard/libg.a(lib_a-lock.o)
                              /home/szy/gcc-arm-none-eabi-7-2017-q4-major/bin/../lib/gcc/arm-none-eabi/7.2.1/../../../../arm-none-eabi/lib/thumb/v7e-m/fpv4-sp/hard/libg.a(lib_a-__call_atexit.o) (__retarget_lock_acquire_recursive)
/home/szy/gcc-arm-none-eabi-7-2017-q4-major/bin/../lib/gcc/arm-none-eabi/7.2.1/../../../../arm-none-eabi/lib/thumb/v7e-m/fpv4-sp/hard/libg.a(lib_a-__atexit.o)
                              /home/szy/gcc-arm-none-eabi-7-2017-q4-major/bin/../lib/gcc/arm-none-eabi/7.2.1/../../../../arm-none-eabi/lib/thumb/v7e-m/fpv4-sp/hard/libg.a(lib_a-atexit.o) (__register_exitproc)

Allocating common symbols
Common symbol       size              file

__lock___atexit_recursive_mutex
                    0x1               /home/szy/gcc-arm-none-eabi-7-2017-q4-major/bin/../lib/gcc/arm-none-eabi/7.2.1/../../../../arm-none-eabi/lib/thumb/v7e-m/fpv4-sp/hard/libg.a(lib_a-lock.o)
__lock___arc4random_mutex
                    0x1               /home/szy/gcc-arm-none-eabi-7-2017-q4-major/bin/../lib/gcc/arm-none-eabi/7.2.1/../../../../arm-none-eabi/lib/thumb/v7e-m/fpv4-sp/hard/libg.a(lib_a-lock.o)
__lock___env_recursive_mutex
[...]
Memory Configuration

Name             Origin             Length             Attributes
CCMRAM           0x0000000010000000 0x0000000000010000 xrw
RAM              0x0000000020000000 0x0000000000020000 xrw
FLASH            0x0000000008000000 0x0000000000100000 xr
*default*        0x0000000000000000 0xffffffffffffffff

Linker script and memory map

LOAD /home/szy/gcc-arm-none-eabi-7-2017-q4-major/bin/../lib/gcc/arm-none-eabi/7.2.1/thumb/v7e-m/fpv4-sp/hard/crti.o
LOAD /home/szy/gcc-arm-none-eabi-7-2017-q4-major/bin/../lib/gcc/arm-none-eabi/7.2.1/thumb/v7e-m/fpv4-sp/hard/crtbegin.o
LOAD /home/szy/gcc-arm-none-eabi-7-2017-q4-major/bin/../lib/gcc/arm-none-eabi/7.2.1/../../../../arm-none-eabi/lib/thumb/v7e-m/fpv4-sp/hard/crt0.o
LOAD CMakeFiles/BMI_088_SPI_Clion.elf.dir/Core/Src/dma.c.obj
LOAD CMakeFiles/BMI_088_SPI_Clion.elf.dir/Core/Src/gpio.c.obj
LOAD CMakeFiles/BMI_088_SPI_Clion.elf.dir/Core/Src/main.c.obj
LOAD CMakeFiles/BMI_088_SPI_Clion.elf.dir/Core/Src/spi.c.obj
LOAD CMakeFiles/BMI_088_SPI_Clion.elf.dir/Core/Src/stm32f4xx_hal_msp.c.obj
LOAD CMakeFiles/BMI_088_SPI_Clion.elf.dir/Core/Src/stm32f4xx_it.c.obj
LOAD CMakeFiles/BMI_088_SPI_Clion.elf.dir/Core/Src/syscalls.c.obj
LOAD CMakeFiles/BMI_088_SPI_Clion.elf.dir/Core/Src/sysmem.c.obj
LOAD CMakeFiles/BMI_088_SPI_Clion.elf.dir/Core/Src/system_stm32f4xx.c.obj
LOAD CMakeFiles/BMI_088_SPI_Clion.elf.dir/Core/Src/tim.c.obj
LOAD CMakeFiles/BMI_088_SPI_Clion.elf.dir/Core/Src/usart.c.obj
LOAD CMakeFiles/BMI_088_SPI_Clion.elf.dir/Core/Startup/startup_stm32f407ighx.s.obj
LOAD CMakeFiles/BMI_088_SPI_Clion.elf.dir/Drivers/STM32F4xx_HAL_Driver/Src/stm32f4xx_hal.c.obj
LOAD CMakeFiles/BMI_088_SPI_Clion.elf.dir/Drivers/STM32F4xx_HAL_Driver/Src/stm32f4xx_hal_cortex.c.obj
LOAD CMakeFiles/BMI_088_SPI_Clion.elf.dir/Drivers/STM32F4xx_HAL_Driver/Src/stm32f4xx_hal_dma.c.obj
LOAD CMakeFiles/BMI_088_SPI_Clion.elf.dir/Drivers/STM32F4xx_HAL_Driver/Src/stm32f4xx_hal_dma_ex.c.obj
LOAD CMakeFiles/BMI_088_SPI_Clion.elf.dir/Drivers/STM32F4xx_HAL_Driver/Src/stm32f4xx_hal_exti.c.obj
LOAD CMakeFiles/BMI_088_SPI_Clion.elf.dir/Drivers/STM32F4xx_HAL_Driver/Src/stm32f4xx_hal_flash.c.obj
LOAD CMakeFiles/BMI_088_SPI_Clion.elf.dir/Drivers/STM32F4xx_HAL_Driver/Src/stm32f4xx_hal_flash_ex.c.obj
LOAD CMakeFiles/BMI_088_SPI_Clion.elf.dir/Drivers/STM32F4xx_HAL_Driver/Src/stm32f4xx_hal_flash_ramfunc.c.obj
LOAD CMakeFiles/BMI_088_SPI_Clion.elf.dir/Drivers/STM32F4xx_HAL_Driver/Src/stm32f4xx_hal_gpio.c.obj
LOAD CMakeFiles/BMI_088_SPI_Clion.elf.dir/Drivers/STM32F4xx_HAL_Driver/Src/stm32f4xx_hal_pwr.c.obj
LOAD CMakeFiles/BMI_088_SPI_Clion.elf.dir/Drivers/STM32F4xx_HAL_Driver/Src/stm32f4xx_hal_pwr_ex.c.obj
LOAD CMakeFiles/BMI_088_SPI_Clion.elf.dir/Drivers/STM32F4xx_HAL_Driver/Src/stm32f4xx_hal_rcc.c.obj
LOAD CMakeFiles/BMI_088_SPI_Clion.elf.dir/Drivers/STM32F4xx_HAL_Driver/Src/stm32f4xx_hal_rcc_ex.c.obj
LOAD CMakeFiles/BMI_088_SPI_Clion.elf.dir/Drivers/STM32F4xx_HAL_Driver/Src/stm32f4xx_hal_spi.c.obj
LOAD CMakeFiles/BMI_088_SPI_Clion.elf.dir/Drivers/STM32F4xx_HAL_Driver/Src/stm32f4xx_hal_tim.c.obj
LOAD CMakeFiles/BMI_088_SPI_Clion.elf.dir/Drivers/STM32F4xx_HAL_Driver/Src/stm32f4xx_hal_tim_ex.c.obj
LOAD CMakeFiles/BMI_088_SPI_Clion.elf.dir/Drivers/STM32F4xx_HAL_Driver/Src/stm32f4xx_hal_uart.c.obj
LOAD CMakeFiles/BMI_088_SPI_Clion.elf.dir/component/BMI088/BMI088Middleware.c.obj
LOAD CMakeFiles/BMI_088_SPI_Clion.elf.dir/component/BMI088/BMI088driver.c.obj
START GROUP
LOAD /home/szy/gcc-arm-none-eabi-7-2017-q4-major/bin/../lib/gcc/arm-none-eabi/7.2.1/thumb/v7e-m/fpv4-sp/hard/libgcc.a
LOAD /home/szy/gcc-arm-none-eabi-7-2017-q4-major/bin/../lib/gcc/arm-none-eabi/7.2.1/../../../../arm-none-eabi/lib/thumb/v7e-m/fpv4-sp/hard/libg.a
LOAD /home/szy/gcc-arm-none-eabi-7-2017-q4-major/bin/../lib/gcc/arm-none-eabi/7.2.1/../../../../arm-none-eabi/lib/thumb/v7e-m/fpv4-sp/hard/libc.a
END GROUP
LOAD /home/szy/gcc-arm-none-eabi-7-2017-q4-major/bin/../lib/gcc/arm-none-eabi/7.2.1/thumb/v7e-m/fpv4-sp/hard/crtend.o
LOAD /home/szy/gcc-arm-none-eabi-7-2017-q4-major/bin/../lib/gcc/arm-none-eabi/7.2.1/thumb/v7e-m/fpv4-sp/hard/crtn.o
                0x0000000020020000                _estack = (ORIGIN (RAM) + LENGTH (RAM))
                0x0000000000000200                _Min_Heap_Size = 0x200
                0x0000000000000400                _Min_Stack_Size = 0x400

.isr_vector     0x0000000008000000      0x188
                0x0000000008000000                . = ALIGN (0x4)
 *(.isr_vector)
 .isr_vector    0x0000000008000000      0x188 CMakeFiles/BMI_088_SPI_Clion.elf.dir/Core/Startup/startup_stm32f407ighx.s.obj
                0x0000000008000000                g_pfnVectors
                0x0000000008000188                . = ALIGN (0x4)

.text           0x0000000008000188     0x2bb0
                0x0000000008000188                . = ALIGN (0x4)
 *(.text)
 .text          0x0000000008000188       0x40 /home/szy/gcc-arm-none-eabi-7-2017-q4-major/bin/../lib/gcc/arm-none-eabi/7.2.1/thumb/v7e-m/fpv4-sp/hard/crtbegin.o
 .text          0x00000000080001c8       0x30 /home/szy/gcc-arm-none-eabi-7-2017-q4-major/bin/../lib/gcc/arm-none-eabi/7.2.1/thumb/v7e-m/fpv4-sp/hard/libgcc.a(_aeabi_uldivmod.o)
                0x00000000080001c8                __aeabi_uldivmod
 .text          0x00000000080001f8      0x2cc /home/szy/gcc-arm-none-eabi-7-2017-q4-major/bin/../lib/gcc/arm-none-eabi/7.2.1/thumb/v7e-m/fpv4-sp/hard/libgcc.a(_udivmoddi4.o)
                0x00000000080001f8                __udivmoddi4
 .text          0x00000000080004c4        0x4 /home/szy/gcc-arm-none-eabi-7-2017-q4-major/bin/../lib/gcc/arm-none-eabi/7.2.1/thumb/v7e-m/fpv4-sp/hard/libgcc.a(_dvmd_tls.o)
                0x00000000080004c4                __aeabi_ldiv0
                0x00000000080004c4                __aeabi_idiv0
 *(.text*)
 .text.MX_DMA_Init
                0x00000000080004c8       0x54 CMakeFiles/BMI_088_SPI_Clion.elf.dir/Core/Src/dma.c.obj
                0x00000000080004c8                MX_DMA_Init
 .text.MX_GPIO_Init
                0x000000000800051c      0x10c CMakeFiles/BMI_088_SPI_Clion.elf.dir/Core/Src/gpio.c.obj
                0x000000000800051c                MX_GPIO_Init
 .text.Error_Handler
                0x0000000008000628        0x4 CMakeFiles/BMI_088_SPI_Clion.elf.dir/Core/Src/main.c.obj
                0x0000000008000628                Error_Handler
 .text.SystemClock_Config
                0x000000000800062c       0xa8 CMakeFiles/BMI_088_SPI_Clion.elf.dir/Core/Src/main.c.obj
                0x000000000800062c                SystemClock_Config
 .text.main     0x00000000080006d4       0x64 CMakeFiles/BMI_088_SPI_Clion.elf.dir/Core/Src/main.c.obj
                0x00000000080006d4                main
 .text.MX_SPI1_Init
                0x0000000008000738       0x48 CMakeFiles/BMI_088_SPI_Clion.elf.dir/Core/Src/spi.c.obj
                0x0000000008000738                MX_SPI1_Init
 .text.HAL_SPI_MspInit
                0x0000000008000780      0x124 CMakeFiles/BMI_088_SPI_Clion.elf.dir/Core/Src/spi.c.obj
                0x0000000008000780                HAL_SPI_MspInit
 .text.HAL_MspInit
                0x00000000080008a4       0x38 CMakeFiles/BMI_088_SPI_Clion.elf.dir/Core/Src/stm32f4xx_hal_msp.c.obj
                0x00000000080008a4                HAL_MspInit
 .text.NMI_Handler
                0x00000000080008dc        0x2 CMakeFiles/BMI_088_SPI_Clion.elf.dir/Core/Src/stm32f4xx_it.c.obj
                0x00000000080008dc                NMI_Handler
 .text.HardFault_Handler
                0x00000000080008de        0x2 CMakeFiles/BMI_088_SPI_Clion.elf.dir/Core/Src/stm32f4xx_it.c.obj
                0x00000000080008de                HardFault_Handler
 .text.MemManage_Handler
                0x00000000080008e0        0x2 CMakeFiles/BMI_088_SPI_Clion.elf.dir/Core/Src/stm32f4xx_it.c.obj
                0x00000000080008e0                MemManage_Handler
 .text.BusFault_Handler
                0x00000000080008e2        0x2 CMakeFiles/BMI_088_SPI_Clion.elf.dir/Core/Src/stm32f4xx_it.c.obj
                0x00000000080008e2                BusFault_Handler
 .text.UsageFault_Handler
                0x00000000080008e4        0x2 CMakeFiles/BMI_088_SPI_Clion.elf.dir/Core/Src/stm32f4xx_it.c.obj
                0x00000000080008e4                UsageFault_Handler
 .text.SVC_Handler
                0x00000000080008e6        0x2 CMakeFiles/BMI_088_SPI_Clion.elf.dir/Core/Src/stm32f4xx_it.c.obj
                0x00000000080008e6                SVC_Handler
 .text.DebugMon_Handler
                0x00000000080008e8        0x2 CMakeFiles/BMI_088_SPI_Clion.elf.dir/Core/Src/stm32f4xx_it.c.obj
                0x00000000080008e8                DebugMon_Handler
 .text.PendSV_Handler
                0x00000000080008ea        0x2 CMakeFiles/BMI_088_SPI_Clion.elf.dir/Core/Src/stm32f4xx_it.c.obj
                0x00000000080008ea                PendSV_Handler
 .text.SysTick_Handler
                0x00000000080008ec        0x8 CMakeFiles/BMI_088_SPI_Clion.elf.dir/Core/Src/stm32f4xx_it.c.obj
                0x00000000080008ec                SysTick_Handler
 .text.USART1_IRQHandler
                0x00000000080008f4       0x10 CMakeFiles/BMI_088_SPI_Clion.elf.dir/Core/Src/stm32f4xx_it.c.obj
                0x00000000080008f4                USART1_IRQHandler
 .text.DMA2_Stream2_IRQHandler
                0x0000000008000904       0x10 CMakeFiles/BMI_088_SPI_Clion.elf.dir/Core/Src/stm32f4xx_it.c.obj
                0x0000000008000904                DMA2_Stream2_IRQHandler
 .text.DMA2_Stream3_IRQHandler
                0x0000000008000914       0x10 CMakeFiles/BMI_088_SPI_Clion.elf.dir/Core/Src/stm32f4xx_it.c.obj
                0x0000000008000914                DMA2_Stream3_IRQHandler
 .text.DMA2_Stream7_IRQHandler
                0x0000000008000924       0x10 CMakeFiles/BMI_088_SPI_Clion.elf.dir/Core/Src/stm32f4xx_it.c.obj
                0x0000000008000924                DMA2_Stream7_IRQHandler
 .text.SystemInit
                0x0000000008000934       0x14 CMakeFiles/BMI_088_SPI_Clion.elf.dir/Core/Src/system_stm32f4xx.c.obj
                0x0000000008000934                SystemInit
 .text.HAL_TIM_Base_MspInit
                0x0000000008000948       0x30 CMakeFiles/BMI_088_SPI_Clion.elf.dir/Core/Src/tim.c.obj
                0x0000000008000948                HAL_TIM_Base_MspInit
 .text.HAL_TIM_MspPostInit
                0x0000000008000978       0x60 CMakeFiles/BMI_088_SPI_Clion.elf.dir/Core/Src/tim.c.obj
                0x0000000008000978                HAL_TIM_MspPostInit
 .text.MX_TIM10_Init
                0x00000000080009d8       0x74 CMakeFiles/BMI_088_SPI_Clion.elf.dir/Core/Src/tim.c.obj
                0x00000000080009d8                MX_TIM10_Init
 .text.MX_USART1_UART_Init
                0x0000000008000a4c       0x34 CMakeFiles/BMI_088_SPI_Clion.elf.dir/Core/Src/usart.c.obj
                0x0000000008000a4c                MX_USART1_UART_Init
 .text.HAL_UART_MspInit
                0x0000000008000a80       0xbc CMakeFiles/BMI_088_SPI_Clion.elf.dir/Core/Src/usart.c.obj
                0x0000000008000a80                HAL_UART_MspInit
 .text.Reset_Handler
                0x0000000008000b3c       0x50 CMakeFiles/BMI_088_SPI_Clion.elf.dir/Core/Startup/startup_stm32f407ighx.s.obj
                0x0000000008000b3c                Reset_Handler
 .text.Default_Handler
                0x0000000008000b8c        0x2 CMakeFiles/BMI_088_SPI_Clion.elf.dir/Core/Startup/startup_stm32f407ighx.s.obj
                0x0000000008000b8c                RTC_Alarm_IRQHandler
                0x0000000008000b8c                HASH_RNG_IRQHandler
                0x0000000008000b8c                EXTI2_IRQHandler
                0x0000000008000b8c                TIM8_CC_IRQHandler
                0x0000000008000b8c                TIM1_CC_IRQHandler
                0x0000000008000b8c                DMA2_Stream5_IRQHandler
                0x0000000008000b8c                DMA1_Stream5_IRQHandler
                0x0000000008000b8c                PVD_IRQHandler
                0x0000000008000b8c                SDIO_IRQHandler
                0x0000000008000b8c                TAMP_STAMP_IRQHandler
                0x0000000008000b8c                CAN2_RX1_IRQHandler
                0x0000000008000b8c                EXTI3_IRQHandler
                0x0000000008000b8c                TIM8_TRG_COM_TIM14_IRQHandler
                0x0000000008000b8c                TIM1_UP_TIM10_IRQHandler
                0x0000000008000b8c                TIM8_UP_TIM13_IRQHandler
                0x0000000008000b8c                I2C3_ER_IRQHandler
                0x0000000008000b8c                EXTI0_IRQHandler
                0x0000000008000b8c                I2C2_EV_IRQHandler
                0x0000000008000b8c                DMA1_Stream2_IRQHandler
                0x0000000008000b8c                CAN1_RX0_IRQHandler
                0x0000000008000b8c                FPU_IRQHandler
                0x0000000008000b8c                OTG_HS_WKUP_IRQHandler
                0x0000000008000b8c                CAN2_SCE_IRQHandler
                0x0000000008000b8c                SPI1_IRQHandler
                0x0000000008000b8c                TIM6_DAC_IRQHandler
                0x0000000008000b8c                TIM1_BRK_TIM9_IRQHandler
                0x0000000008000b8c                DCMI_IRQHandler
                0x0000000008000b8c                CAN2_RX0_IRQHandler
                0x0000000008000b8c                USART6_IRQHandler
                0x0000000008000b8c                USART3_IRQHandler
                0x0000000008000b8c                CAN1_RX1_IRQHandler
                0x0000000008000b8c                UART5_IRQHandler
                0x0000000008000b8c                DMA2_Stream0_IRQHandler
                0x0000000008000b8c                TIM4_IRQHandler
                0x0000000008000b8c                I2C1_EV_IRQHandler
                0x0000000008000b8c                DMA1_Stream6_IRQHandler
                0x0000000008000b8c                DMA1_Stream1_IRQHandler
                0x0000000008000b8c                UART4_IRQHandler
                0x0000000008000b8c                TIM3_IRQHandler
                0x0000000008000b8c                RCC_IRQHandler
                0x0000000008000b8c                TIM8_BRK_TIM12_IRQHandler
                0x0000000008000b8c                Default_Handler
                0x0000000008000b8c                EXTI15_10_IRQHandler
                0x0000000008000b8c                ADC_IRQHandler
                0x0000000008000b8c                DMA1_Stream7_IRQHandler
                0x0000000008000b8c                TIM7_IRQHandler
                0x0000000008000b8c                CAN2_TX_IRQHandler
                0x0000000008000b8c                TIM5_IRQHandler
                0x0000000008000b8c                I2C3_EV_IRQHandler
                0x0000000008000b8c                EXTI9_5_IRQHandler
                0x0000000008000b8c                RTC_WKUP_IRQHandler
                0x0000000008000b8c                ETH_WKUP_IRQHandler
                0x0000000008000b8c                SPI2_IRQHandler
                0x0000000008000b8c                OTG_HS_EP1_IN_IRQHandler
                0x0000000008000b8c                DMA1_Stream0_IRQHandler
                0x0000000008000b8c                CAN1_TX_IRQHandler
                0x0000000008000b8c                EXTI4_IRQHandler
                0x0000000008000b8c                FSMC_IRQHandler
                0x0000000008000b8c                ETH_IRQHandler
                0x0000000008000b8c                OTG_HS_EP1_OUT_IRQHandler
                0x0000000008000b8c                WWDG_IRQHandler
                0x0000000008000b8c                TIM2_IRQHandler
                0x0000000008000b8c                OTG_FS_WKUP_IRQHandler
                0x0000000008000b8c                TIM1_TRG_COM_TIM11_IRQHandler
                0x0000000008000b8c                OTG_HS_IRQHandler
                0x0000000008000b8c                EXTI1_IRQHandler
                0x0000000008000b8c                USART2_IRQHandler
                0x0000000008000b8c                I2C2_ER_IRQHandler
                0x0000000008000b8c                DMA2_Stream1_IRQHandler
                0x0000000008000b8c                CAN1_SCE_IRQHandler
                0x0000000008000b8c                FLASH_IRQHandler
                0x0000000008000b8c                DMA2_Stream4_IRQHandler
                0x0000000008000b8c                OTG_FS_IRQHandler
                0x0000000008000b8c                SPI3_IRQHandler
                0x0000000008000b8c                DMA1_Stream4_IRQHandler
                0x0000000008000b8c                I2C1_ER_IRQHandler
                0x0000000008000b8c                DMA2_Stream6_IRQHandler
                0x0000000008000b8c                DMA1_Stream3_IRQHandler
 *fill*         0x0000000008000b8e        0x2 
 .text.HAL_InitTick
                0x0000000008000b90       0x4c CMakeFiles/BMI_088_SPI_Clion.elf.dir/Drivers/STM32F4xx_HAL_Driver/Src/stm32f4xx_hal.c.obj
                0x0000000008000b90                HAL_InitTick
 .text.HAL_Init
                0x0000000008000bdc       0x34 CMakeFiles/BMI_088_SPI_Clion.elf.dir/Drivers/STM32F4xx_HAL_Driver/Src/stm32f4xx_hal.c.obj
                0x0000000008000bdc                HAL_Init
 .text.HAL_IncTick
                0x0000000008000c10       0x18 CMakeFiles/BMI_088_SPI_Clion.elf.dir/Drivers/STM32F4xx_HAL_Driver/Src/stm32f4xx_hal.c.obj
                0x0000000008000c10                HAL_IncTick
 .text.HAL_GetTick
                0x0000000008000c28        0xc CMakeFiles/BMI_088_SPI_Clion.elf.dir/Drivers/STM32F4xx_HAL_Driver/Src/stm32f4xx_hal.c.obj
                0x0000000008000c28                HAL_GetTick
 .text.HAL_Delay
                0x0000000008000c34       0x28 CMakeFiles/BMI_088_SPI_Clion.elf.dir/Drivers/STM32F4xx_HAL_Driver/Src/stm32f4xx_hal.c.obj
                0x0000000008000c34                HAL_Delay
 .text.HAL_NVIC_SetPriorityGrouping
                0x0000000008000c5c       0x24 CMakeFiles/BMI_088_SPI_Clion.elf.dir/Drivers/STM32F4xx_HAL_Driver/Src/stm32f4xx_hal_cortex.c.obj
                0x0000000008000c5c                HAL_NVIC_SetPriorityGrouping
 .text.HAL_NVIC_SetPriority
                0x0000000008000c80       0x68 CMakeFiles/BMI_088_SPI_Clion.elf.dir/Drivers/STM32F4xx_HAL_Driver/Src/stm32f4xx_hal_cortex.c.obj
                0x0000000008000c80                HAL_NVIC_SetPriority
 .text.HAL_NVIC_EnableIRQ
                0x0000000008000ce8       0x1c CMakeFiles/BMI_088_SPI_Clion.elf.dir/Drivers/STM32F4xx_HAL_Driver/Src/stm32f4xx_hal_cortex.c.obj
                0x0000000008000ce8                HAL_NVIC_EnableIRQ
 .text.HAL_SYSTICK_Config
                0x0000000008000d04       0x2c CMakeFiles/BMI_088_SPI_Clion.elf.dir/Drivers/STM32F4xx_HAL_Driver/Src/stm32f4xx_hal_cortex.c.obj
                0x0000000008000d04                HAL_SYSTICK_Config
 .text.DMA_CalcBaseAndBitshift
                0x0000000008000d30       0x3c CMakeFiles/BMI_088_SPI_Clion.elf.dir/Drivers/STM32F4xx_HAL_Driver/Src/stm32f4xx_hal_dma.c.obj
 .text.DMA_CheckFifoParam
                0x0000000008000d6c       0x8e CMakeFiles/BMI_088_SPI_Clion.elf.dir/Drivers/STM32F4xx_HAL_Driver/Src/stm32f4xx_hal_dma.c.obj
 *fill*         0x0000000008000dfa        0x2 
 .text.HAL_DMA_Init
                0x0000000008000dfc       0xcc CMakeFiles/BMI_088_SPI_Clion.elf.dir/Drivers/STM32F4xx_HAL_Driver/Src/stm32f4xx_hal_dma.c.obj
                0x0000000008000dfc                HAL_DMA_Init
 .text.HAL_DMA_Abort
                0x0000000008000ec8       0x94 CMakeFiles/BMI_088_SPI_Clion.elf.dir/Drivers/STM32F4xx_HAL_Driver/Src/stm32f4xx_hal_dma.c.obj
                0x0000000008000ec8                HAL_DMA_Abort
 .text.HAL_DMA_Abort_IT
                0x0000000008000f5c       0x26 CMakeFiles/BMI_088_SPI_Clion.elf.dir/Drivers/STM32F4xx_HAL_Driver/Src/stm32f4xx_hal_dma.c.obj
                0x0000000008000f5c                HAL_DMA_Abort_IT
 *fill*         0x0000000008000f82        0x2 
 .text.HAL_DMA_IRQHandler
                0x0000000008000f84      0x1dc CMakeFiles/BMI_088_SPI_Clion.elf.dir/Drivers/STM32F4xx_HAL_Driver/Src/stm32f4xx_hal_dma.c.obj
                0x0000000008000f84                HAL_DMA_IRQHandler
 .text.HAL_GPIO_Init
                0x0000000008001160      0x1d4 CMakeFiles/BMI_088_SPI_Clion.elf.dir/Drivers/STM32F4xx_HAL_Driver/Src/stm32f4xx_hal_gpio.c.obj
                0x0000000008001160                HAL_GPIO_Init
 .text.HAL_GPIO_WritePin
                0x0000000008001334        0xc CMakeFiles/BMI_088_SPI_Clion.elf.dir/Drivers/STM32F4xx_HAL_Driver/Src/stm32f4xx_hal_gpio.c.obj
                0x0000000008001334                HAL_GPIO_WritePin
 .text.HAL_RCC_OscConfig
                0x0000000008001340      0x3f8 CMakeFiles/BMI_088_SPI_Clion.elf.dir/Drivers/STM32F4xx_HAL_Driver/Src/stm32f4xx_hal_rcc.c.obj
                0x0000000008001340                HAL_RCC_OscConfig
 .text.HAL_RCC_GetSysClockFreq
                0x0000000008001738       0xa8 CMakeFiles/BMI_088_SPI_Clion.elf.dir/Drivers/STM32F4xx_HAL_Driver/Src/stm32f4xx_hal_rcc.c.obj
                0x0000000008001738                HAL_RCC_GetSysClockFreq
 .text.HAL_RCC_ClockConfig
                0x00000000080017e0      0x160 CMakeFiles/BMI_088_SPI_Clion.elf.dir/Drivers/STM32F4xx_HAL_Driver/Src/stm32f4xx_hal_rcc.c.obj
                0x00000000080017e0                HAL_RCC_ClockConfig
 .text.HAL_RCC_GetHCLKFreq
                0x0000000008001940        0xc CMakeFiles/BMI_088_SPI_Clion.elf.dir/Drivers/STM32F4xx_HAL_Driver/Src/stm32f4xx_hal_rcc.c.obj
                0x0000000008001940                HAL_RCC_GetHCLKFreq
 .text.HAL_RCC_GetPCLK1Freq
                0x000000000800194c       0x20 CMakeFiles/BMI_088_SPI_Clion.elf.dir/Drivers/STM32F4xx_HAL_Driver/Src/stm32f4xx_hal_rcc.c.obj
                0x000000000800194c                HAL_RCC_GetPCLK1Freq
 .text.HAL_RCC_GetPCLK2Freq
                0x000000000800196c       0x20 CMakeFiles/BMI_088_SPI_Clion.elf.dir/Drivers/STM32F4xx_HAL_Driver/Src/stm32f4xx_hal_rcc.c.obj
                0x000000000800196c                HAL_RCC_GetPCLK2Freq
 .text.SPI_WaitFlagStateUntilTimeout
                0x000000000800198c       0xd0 CMakeFiles/BMI_088_SPI_Clion.elf.dir/Drivers/STM32F4xx_HAL_Driver/Src/stm32f4xx_hal_spi.c.obj
 .text.SPI_EndRxTxTransaction
                0x0000000008001a5c       0x68 CMakeFiles/BMI_088_SPI_Clion.elf.dir/Drivers/STM32F4xx_HAL_Driver/Src/stm32f4xx_hal_spi.c.obj
 .text.HAL_SPI_Init
                0x0000000008001ac4       0xbe CMakeFiles/BMI_088_SPI_Clion.elf.dir/Drivers/STM32F4xx_HAL_Driver/Src/stm32f4xx_hal_spi.c.obj
                0x0000000008001ac4                HAL_SPI_Init
 .text.HAL_SPI_TransmitReceive
                0x0000000008001b82      0x22e CMakeFiles/BMI_088_SPI_Clion.elf.dir/Drivers/STM32F4xx_HAL_Driver/Src/stm32f4xx_hal_spi.c.obj
                0x0000000008001b82                HAL_SPI_TransmitReceive
 .text.TIM_OC1_SetConfig
                0x0000000008001db0       0x68 CMakeFiles/BMI_088_SPI_Clion.elf.dir/Drivers/STM32F4xx_HAL_Driver/Src/stm32f4xx_hal_tim.c.obj
 .text.TIM_OC3_SetConfig
                0x0000000008001e18       0x70 CMakeFiles/BMI_088_SPI_Clion.elf.dir/Drivers/STM32F4xx_HAL_Driver/Src/stm32f4xx_hal_tim.c.obj
 .text.TIM_OC4_SetConfig
                0x0000000008001e88       0x50 CMakeFiles/BMI_088_SPI_Clion.elf.dir/Drivers/STM32F4xx_HAL_Driver/Src/stm32f4xx_hal_tim.c.obj
 .text.HAL_TIM_PWM_MspInit
                0x0000000008001ed8        0x2 CMakeFiles/BMI_088_SPI_Clion.elf.dir/Drivers/STM32F4xx_HAL_Driver/Src/stm32f4xx_hal_tim.c.obj
                0x0000000008001ed8                HAL_TIM_PWM_MspInit
 *fill*         0x0000000008001eda        0x2 
 .text.TIM_Base_SetConfig
                0x0000000008001edc       0xc8 CMakeFiles/BMI_088_SPI_Clion.elf.dir/Drivers/STM32F4xx_HAL_Driver/Src/stm32f4xx_hal_tim.c.obj
                0x0000000008001edc                TIM_Base_SetConfig
 .text.HAL_TIM_Base_Init
                0x0000000008001fa4       0x56 CMakeFiles/BMI_088_SPI_Clion.elf.dir/Drivers/STM32F4xx_HAL_Driver/Src/stm32f4xx_hal_tim.c.obj
                0x0000000008001fa4                HAL_TIM_Base_Init
 .text.HAL_TIM_PWM_Init
                0x0000000008001ffa       0x56 CMakeFiles/BMI_088_SPI_Clion.elf.dir/Drivers/STM32F4xx_HAL_Driver/Src/stm32f4xx_hal_tim.c.obj
                0x0000000008001ffa                HAL_TIM_PWM_Init
 .text.TIM_OC2_SetConfig
                0x0000000008002050       0x70 CMakeFiles/BMI_088_SPI_Clion.elf.dir/Drivers/STM32F4xx_HAL_Driver/Src/stm32f4xx_hal_tim.c.obj
                0x0000000008002050                TIM_OC2_SetConfig
 .text.HAL_TIM_PWM_ConfigChannel
                0x00000000080020c0       0xd0 CMakeFiles/BMI_088_SPI_Clion.elf.dir/Drivers/STM32F4xx_HAL_Driver/Src/stm32f4xx_hal_tim.c.obj
                0x00000000080020c0                HAL_TIM_PWM_ConfigChannel
 .text.UART_EndRxTransfer
                0x0000000008002190       0x32 CMakeFiles/BMI_088_SPI_Clion.elf.dir/Drivers/STM32F4xx_HAL_Driver/Src/stm32f4xx_hal_uart.c.obj
 .text.UART_Transmit_IT
                0x00000000080021c2       0x62 CMakeFiles/BMI_088_SPI_Clion.elf.dir/Drivers/STM32F4xx_HAL_Driver/Src/stm32f4xx_hal_uart.c.obj
 .text.UART_SetConfig
                0x0000000008002224      0x134 CMakeFiles/BMI_088_SPI_Clion.elf.dir/Drivers/STM32F4xx_HAL_Driver/Src/stm32f4xx_hal_uart.c.obj
 .text.HAL_UART_Init
                0x0000000008002358       0x5e CMakeFiles/BMI_088_SPI_Clion.elf.dir/Drivers/STM32F4xx_HAL_Driver/Src/stm32f4xx_hal_uart.c.obj
                0x0000000008002358                HAL_UART_Init
 .text.HAL_UART_TxCpltCallback
                0x00000000080023b6        0x2 CMakeFiles/BMI_088_SPI_Clion.elf.dir/Drivers/STM32F4xx_HAL_Driver/Src/stm32f4xx_hal_uart.c.obj
                0x00000000080023b6                HAL_UART_TxCpltCallback
 .text.UART_EndTransmit_IT
                0x00000000080023b8       0x1a CMakeFiles/BMI_088_SPI_Clion.elf.dir/Drivers/STM32F4xx_HAL_Driver/Src/stm32f4xx_hal_uart.c.obj
 .text.HAL_UART_RxCpltCallback
                0x00000000080023d2        0x2 CMakeFiles/BMI_088_SPI_Clion.elf.dir/Drivers/STM32F4xx_HAL_Driver/Src/stm32f4xx_hal_uart.c.obj
                0x00000000080023d2                HAL_UART_RxCpltCallback
 .text.HAL_UART_ErrorCallback
                0x00000000080023d4        0x2 CMakeFiles/BMI_088_SPI_Clion.elf.dir/Drivers/STM32F4xx_HAL_Driver/Src/stm32f4xx_hal_uart.c.obj
                0x00000000080023d4                HAL_UART_ErrorCallback
 .text.UART_DMAAbortOnError
                0x00000000080023d6       0x10 CMakeFiles/BMI_088_SPI_Clion.elf.dir/Drivers/STM32F4xx_HAL_Driver/Src/stm32f4xx_hal_uart.c.obj
 .text.HAL_UARTEx_RxEventCallback
                0x00000000080023e6        0x2 CMakeFiles/BMI_088_SPI_Clion.elf.dir/Drivers/STM32F4xx_HAL_Driver/Src/stm32f4xx_hal_uart.c.obj
                0x00000000080023e6                HAL_UARTEx_RxEventCallback
 .text.UART_Receive_IT
                0x00000000080023e8       0xb4 CMakeFiles/BMI_088_SPI_Clion.elf.dir/Drivers/STM32F4xx_HAL_Driver/Src/stm32f4xx_hal_uart.c.obj
 .text.HAL_UART_IRQHandler
                0x000000000800249c      0x1f8 CMakeFiles/BMI_088_SPI_Clion.elf.dir/Drivers/STM32F4xx_HAL_Driver/Src/stm32f4xx_hal_uart.c.obj
                0x000000000800249c                HAL_UART_IRQHandler
 .text.BMI088_GPIO_init
                0x0000000008002694        0x2 CMakeFiles/BMI_088_SPI_Clion.elf.dir/component/BMI088/BMI088Middleware.c.obj
                0x0000000008002694                BMI088_GPIO_init
 .text.BMI088_com_init
                0x0000000008002696        0x2 CMakeFiles/BMI_088_SPI_Clion.elf.dir/component/BMI088/BMI088Middleware.c.obj
                0x0000000008002696                BMI088_com_init
 .text.BMI088_delay_us
                0x0000000008002698       0x38 CMakeFiles/BMI_088_SPI_Clion.elf.dir/component/BMI088/BMI088Middleware.c.obj
                0x0000000008002698                BMI088_delay_us
 .text.BMI088_delay_ms
                0x00000000080026d0       0x18 CMakeFiles/BMI_088_SPI_Clion.elf.dir/component/BMI088/BMI088Middleware.c.obj
                0x00000000080026d0                BMI088_delay_ms
 .text.BMI088_ACCEL_NS_L
                0x00000000080026e8       0x14 CMakeFiles/BMI_088_SPI_Clion.elf.dir/component/BMI088/BMI088Middleware.c.obj
                0x00000000080026e8                BMI088_ACCEL_NS_L
 .text.BMI088_ACCEL_NS_H
                0x00000000080026fc       0x14 CMakeFiles/BMI_088_SPI_Clion.elf.dir/component/BMI088/BMI088Middleware.c.obj
                0x00000000080026fc                BMI088_ACCEL_NS_H
 .text.BMI088_GYRO_NS_L
                0x0000000008002710       0x14 CMakeFiles/BMI_088_SPI_Clion.elf.dir/component/BMI088/BMI088Middleware.c.obj
                0x0000000008002710                BMI088_GYRO_NS_L
 .text.BMI088_GYRO_NS_H
                0x0000000008002724       0x14 CMakeFiles/BMI_088_SPI_Clion.elf.dir/component/BMI088/BMI088Middleware.c.obj
                0x0000000008002724                BMI088_GYRO_NS_H
 .text.BMI088_read_write_byte
                0x0000000008002738       0x2c CMakeFiles/BMI_088_SPI_Clion.elf.dir/component/BMI088/BMI088Middleware.c.obj
                0x0000000008002738                BMI088_read_write_byte
 .text.BMI088_write_single_reg
                0x0000000008002764       0x10 CMakeFiles/BMI_088_SPI_Clion.elf.dir/component/BMI088/BMI088driver.c.obj
 .text.BMI088_read_single_reg
                0x0000000008002774       0x16 CMakeFiles/BMI_088_SPI_Clion.elf.dir/component/BMI088/BMI088driver.c.obj
 .text.BMI088_read_muli_reg
                0x000000000800278a       0x24 CMakeFiles/BMI_088_SPI_Clion.elf.dir/component/BMI088/BMI088driver.c.obj
 *fill*         0x00000000080027ae        0x2 
 .text.bmi088_accel_init
                0x00000000080027b0      0x10c CMakeFiles/BMI_088_SPI_Clion.elf.dir/component/BMI088/BMI088driver.c.obj
                0x00000000080027b0                bmi088_accel_init
 .text.bmi088_gyro_init
                0x00000000080028bc       0xec CMakeFiles/BMI_088_SPI_Clion.elf.dir/component/BMI088/BMI088driver.c.obj
                0x00000000080028bc                bmi088_gyro_init
 .text.BMI088_init
                0x00000000080029a8       0x1a CMakeFiles/BMI_088_SPI_Clion.elf.dir/component/BMI088/BMI088driver.c.obj
                0x00000000080029a8                BMI088_init
 *fill*         0x00000000080029c2        0x2 
 .text.BMI088_read
                0x00000000080029c4      0x164 CMakeFiles/BMI_088_SPI_Clion.elf.dir/component/BMI088/BMI088driver.c.obj
                0x00000000080029c4                BMI088_read
 .text.__libc_init_array
                0x0000000008002b28       0x48 /home/szy/gcc-arm-none-eabi-7-2017-q4-major/bin/../lib/gcc/arm-none-eabi/7.2.1/../../../../arm-none-eabi/lib/thumb/v7e-m/fpv4-sp/hard/libg.a(lib_a-init.o)
                0x0000000008002b28                __libc_init_array
 .text.memset   0x0000000008002b70       0x94 /home/szy/gcc-arm-none-eabi-7-2017-q4-major/bin/../lib/gcc/arm-none-eabi/7.2.1/../../../../arm-none-eabi/lib/thumb/v7e-m/fpv4-sp/hard/libg.a(lib_a-memset.o)
                0x0000000008002b70                memset
 .text.startup.register_fini
                0x0000000008002c04       0x14 /home/szy/gcc-arm-none-eabi-7-2017-q4-major/bin/../lib/gcc/arm-none-eabi/7.2.1/../../../../arm-none-eabi/lib/thumb/v7e-m/fpv4-sp/hard/libg.a(lib_a-__call_atexit.o)
 .text.atexit   0x0000000008002c18        0xc /home/szy/gcc-arm-none-eabi-7-2017-q4-major/bin/../lib/gcc/arm-none-eabi/7.2.1/../../../../arm-none-eabi/lib/thumb/v7e-m/fpv4-sp/hard/libg.a(lib_a-atexit.o)
                0x0000000008002c18                atexit
 .text.__libc_fini_array
                0x0000000008002c24       0x34 /home/szy/gcc-arm-none-eabi-7-2017-q4-major/bin/../lib/gcc/arm-none-eabi/7.2.1/../../../../arm-none-eabi/lib/thumb/v7e-m/fpv4-sp/hard/libg.a(lib_a-fini.o)
                0x0000000008002c24                __libc_fini_array
 .text.__retarget_lock_acquire_recursive
                0x0000000008002c58        0x4 /home/szy/gcc-arm-none-eabi-7-2017-q4-major/bin/../lib/gcc/arm-none-eabi/7.2.1/../../../../arm-none-eabi/lib/thumb/v7e-m/fpv4-sp/hard/libg.a(lib_a-lock.o)
                0x0000000008002c58                __retarget_lock_acquire_recursive
 .text.__retarget_lock_release_recursive
                0x0000000008002c5c        0x4 /home/szy/gcc-arm-none-eabi-7-2017-q4-major/bin/../lib/gcc/arm-none-eabi/7.2.1/../../../../arm-none-eabi/lib/thumb/v7e-m/fpv4-sp/hard/libg.a(lib_a-lock.o)
                0x0000000008002c5c                __retarget_lock_release_recursive
 .text.__register_exitproc
                0x0000000008002c60       0xc0 /home/szy/gcc-arm-none-eabi-7-2017-q4-major/bin/../lib/gcc/arm-none-eabi/7.2.1/../../../../arm-none-eabi/lib/thumb/v7e-m/fpv4-sp/hard/libg.a(lib_a-__atexit.o)
                0x0000000008002c60                __register_exitproc
 *(.glue_7)
 .glue_7        0x0000000008002d20        0x0 linker stubs
 *(.glue_7t)
 .glue_7t       0x0000000008002d20        0x0 linker stubs
 *(.eh_frame)
 .eh_frame      0x0000000008002d20        0x0 /home/szy/gcc-arm-none-eabi-7-2017-q4-major/bin/../lib/gcc/arm-none-eabi/7.2.1/thumb/v7e-m/fpv4-sp/hard/crtbegin.o
 *(.init)
 .init          0x0000000008002d20        0x4 /home/szy/gcc-arm-none-eabi-7-2017-q4-major/bin/../lib/gcc/arm-none-eabi/7.2.1/thumb/v7e-m/fpv4-sp/hard/crti.o
                0x0000000008002d20                _init
 .init          0x0000000008002d24        0x8 /home/szy/gcc-arm-none-eabi-7-2017-q4-major/bin/../lib/gcc/arm-none-eabi/7.2.1/thumb/v7e-m/fpv4-sp/hard/crtn.o
 *(.fini)
 .fini          0x0000000008002d2c        0x4 /home/szy/gcc-arm-none-eabi-7-2017-q4-major/bin/../lib/gcc/arm-none-eabi/7.2.1/thumb/v7e-m/fpv4-sp/hard/crti.o
                0x0000000008002d2c                _fini
 .fini          0x0000000008002d30        0x8 /home/szy/gcc-arm-none-eabi-7-2017-q4-major/bin/../lib/gcc/arm-none-eabi/7.2.1/thumb/v7e-m/fpv4-sp/hard/crtn.o
                0x0000000008002d38                . = ALIGN (0x4)
                0x0000000008002d38                _etext = .

.vfp11_veneer   0x0000000008002d38        0x0
 .vfp11_veneer  0x0000000008002d38        0x0 linker stubs

.v4_bx          0x0000000008002d38        0x0
 .v4_bx         0x0000000008002d38        0x0 linker stubs

.iplt           0x0000000008002d38        0x0
 .iplt          0x0000000008002d38        0x0 /home/szy/gcc-arm-none-eabi-7-2017-q4-major/bin/../lib/gcc/arm-none-eabi/7.2.1/thumb/v7e-m/fpv4-sp/hard/crtbegin.o

.rodata         0x0000000008002d38       0x4c
                0x0000000008002d38                . = ALIGN (0x4)
 *(.rodata)
 *(.rodata*)
 .rodata.AHBPrescTable
                0x0000000008002d38       0x10 CMakeFiles/BMI_088_SPI_Clion.elf.dir/Core/Src/system_stm32f4xx.c.obj
                0x0000000008002d38                AHBPrescTable
 .rodata.APBPrescTable
                0x0000000008002d48        0x8 CMakeFiles/BMI_088_SPI_Clion.elf.dir/Core/Src/system_stm32f4xx.c.obj
                0x0000000008002d48                APBPrescTable
 .rodata.flagBitshiftOffset.8305
                0x0000000008002d50        0x8 CMakeFiles/BMI_088_SPI_Clion.elf.dir/Drivers/STM32F4xx_HAL_Driver/Src/stm32f4xx_hal_dma.c.obj
 .rodata.write_BMI088_accel_reg_data_error
                0x0000000008002d58       0x12 CMakeFiles/BMI_088_SPI_Clion.elf.dir/component/BMI088/BMI088driver.c.obj
 *fill*         0x0000000008002d6a        0x2 
 .rodata.write_BMI088_gyro_reg_data_error
                0x0000000008002d6c       0x12 CMakeFiles/BMI_088_SPI_Clion.elf.dir/component/BMI088/BMI088driver.c.obj
 *fill*         0x0000000008002d7e        0x2 
 .rodata._global_impure_ptr
                0x0000000008002d80        0x4 /home/szy/gcc-arm-none-eabi-7-2017-q4-major/bin/../lib/gcc/arm-none-eabi/7.2.1/../../../../arm-none-eabi/lib/thumb/v7e-m/fpv4-sp/hard/libg.a(lib_a-impure.o)
                0x0000000008002d80                _global_impure_ptr
                0x0000000008002d84                . = ALIGN (0x4)

.ARM.extab      0x0000000008002d84        0x0
                0x0000000008002d84                . = ALIGN (0x4)
 *(.ARM.extab* .gnu.linkonce.armextab.*)
                0x0000000008002d84                . = ALIGN (0x4)

.ARM            0x0000000008002d84        0x8
                0x0000000008002d84                . = ALIGN (0x4)
                0x0000000008002d84                __exidx_start = .
 *(.ARM.exidx*)
 .ARM.exidx     0x0000000008002d84        0x8 /home/szy/gcc-arm-none-eabi-7-2017-q4-major/bin/../lib/gcc/arm-none-eabi/7.2.1/thumb/v7e-m/fpv4-sp/hard/libgcc.a(_udivmoddi4.o)
                0x0000000008002d8c                __exidx_end = .
                0x0000000008002d8c                . = ALIGN (0x4)

.rel.dyn        0x0000000008002d8c        0x0
 .rel.iplt      0x0000000008002d8c        0x0 /home/szy/gcc-arm-none-eabi-7-2017-q4-major/bin/../lib/gcc/arm-none-eabi/7.2.1/thumb/v7e-m/fpv4-sp/hard/crtbegin.o

.preinit_array  0x0000000008002d8c        0x0
                0x0000000008002d8c                . = ALIGN (0x4)
                0x0000000008002d8c                PROVIDE (__preinit_array_start, .)
 *(.preinit_array*)
                0x0000000008002d8c                PROVIDE (__preinit_array_end, .)
                0x0000000008002d8c                . = ALIGN (0x4)

.init_array     0x0000000008002d8c        0x8
                0x0000000008002d8c                . = ALIGN (0x4)
                0x0000000008002d8c                PROVIDE (__init_array_start, .)
 *(SORT_BY_NAME(.init_array.*))
 .init_array.00000
                0x0000000008002d8c        0x4 /home/szy/gcc-arm-none-eabi-7-2017-q4-major/bin/../lib/gcc/arm-none-eabi/7.2.1/../../../../arm-none-eabi/lib/thumb/v7e-m/fpv4-sp/hard/libg.a(lib_a-__call_atexit.o)
 *(.init_array*)
 .init_array    0x0000000008002d90        0x4 /home/szy/gcc-arm-none-eabi-7-2017-q4-major/bin/../lib/gcc/arm-none-eabi/7.2.1/thumb/v7e-m/fpv4-sp/hard/crtbegin.o
                0x0000000008002d94                PROVIDE (__init_array_end, .)
                0x0000000008002d94                . = ALIGN (0x4)

.fini_array     0x0000000008002d94        0x4
                0x0000000008002d94                . = ALIGN (0x4)
                0x0000000008002d94                PROVIDE (__fini_array_start, .)
 *(SORT_BY_NAME(.fini_array.*))
 *(.fini_array*)
 .fini_array    0x0000000008002d94        0x4 /home/szy/gcc-arm-none-eabi-7-2017-q4-major/bin/../lib/gcc/arm-none-eabi/7.2.1/thumb/v7e-m/fpv4-sp/hard/crtbegin.o
                0x0000000008002d98                PROVIDE (__fini_array_end, .)
                0x0000000008002d98                . = ALIGN (0x4)
                0x0000000008002d98                _sidata = LOADADDR (.data)

.data           0x0000000020000000      0x444 load address 0x0000000008002d98
                0x0000000020000000                . = ALIGN (0x4)
                0x0000000020000000                _sdata = .
 *(.data)
 *(.data*)
 .data.SystemCoreClock
                0x0000000020000000        0x4 CMakeFiles/BMI_088_SPI_Clion.elf.dir/Core/Src/system_stm32f4xx.c.obj
                0x0000000020000000                SystemCoreClock
 .data.uwTickFreq
                0x0000000020000004        0x1 CMakeFiles/BMI_088_SPI_Clion.elf.dir/Drivers/STM32F4xx_HAL_Driver/Src/stm32f4xx_hal.c.obj
                0x0000000020000004                uwTickFreq
 *fill*         0x0000000020000005        0x3 
 .data.uwTickPrio
                0x0000000020000008        0x4 CMakeFiles/BMI_088_SPI_Clion.elf.dir/Drivers/STM32F4xx_HAL_Driver/Src/stm32f4xx_hal.c.obj
                0x0000000020000008                uwTickPrio
 .data.BMI088_ACCEL_SEN
                0x000000002000000c        0x4 CMakeFiles/BMI_088_SPI_Clion.elf.dir/component/BMI088/BMI088driver.c.obj
                0x000000002000000c                BMI088_ACCEL_SEN
 .data.BMI088_GYRO_SEN
                0x0000000020000010        0x4 CMakeFiles/BMI_088_SPI_Clion.elf.dir/component/BMI088/BMI088driver.c.obj
                0x0000000020000010                BMI088_GYRO_SEN
 *fill*         0x0000000020000014        0x4 
 .data.impure_data
                0x0000000020000018      0x428 /home/szy/gcc-arm-none-eabi-7-2017-q4-major/bin/../lib/gcc/arm-none-eabi/7.2.1/../../../../arm-none-eabi/lib/thumb/v7e-m/fpv4-sp/hard/libg.a(lib_a-impure.o)
 .data.__atexit_recursive_mutex
                0x0000000020000440        0x4 /home/szy/gcc-arm-none-eabi-7-2017-q4-major/bin/../lib/gcc/arm-none-eabi/7.2.1/../../../../arm-none-eabi/lib/thumb/v7e-m/fpv4-sp/hard/libg.a(lib_a-__call_atexit.o)
                0x0000000020000440                __atexit_recursive_mutex
 *(.RamFunc)
 *(.RamFunc*)
                0x0000000020000444                . = ALIGN (0x4)
                0x0000000020000444                _edata = .

.igot.plt       0x0000000020000444        0x0 load address 0x00000000080031dc
 .igot.plt      0x0000000020000444        0x0 /home/szy/gcc-arm-none-eabi-7-2017-q4-major/bin/../lib/gcc/arm-none-eabi/7.2.1/thumb/v7e-m/fpv4-sp/hard/crtbegin.o
                0x0000000020000444                . = ALIGN (0x4)

.bss            0x0000000020000444      0x264 load address 0x00000000080031dc
                0x0000000020000444                _sbss = .
                0x0000000020000444                __bss_start__ = _sbss
 *(.bss)
 .bss           0x0000000020000444       0x1c /home/szy/gcc-arm-none-eabi-7-2017-q4-major/bin/../lib/gcc/arm-none-eabi/7.2.1/thumb/v7e-m/fpv4-sp/hard/crtbegin.o
 *(.bss*)
 .bss.accel     0x0000000020000460        0xc CMakeFiles/BMI_088_SPI_Clion.elf.dir/Core/Src/main.c.obj
                0x0000000020000460                accel
 .bss.gyro      0x000000002000046c        0xc CMakeFiles/BMI_088_SPI_Clion.elf.dir/Core/Src/main.c.obj
                0x000000002000046c                gyro
 .bss.temp      0x0000000020000478        0x4 CMakeFiles/BMI_088_SPI_Clion.elf.dir/Core/Src/main.c.obj
                0x0000000020000478                temp
 .bss.hdma_spi1_rx
                0x000000002000047c       0x60 CMakeFiles/BMI_088_SPI_Clion.elf.dir/Core/Src/spi.c.obj
                0x000000002000047c                hdma_spi1_rx
 .bss.hdma_spi1_tx
                0x00000000200004dc       0x60 CMakeFiles/BMI_088_SPI_Clion.elf.dir/Core/Src/spi.c.obj
                0x00000000200004dc                hdma_spi1_tx
 .bss.hspi1     0x000000002000053c       0x58 CMakeFiles/BMI_088_SPI_Clion.elf.dir/Core/Src/spi.c.obj
                0x000000002000053c                hspi1
 .bss.htim10    0x0000000020000594       0x48 CMakeFiles/BMI_088_SPI_Clion.elf.dir/Core/Src/tim.c.obj
                0x0000000020000594                htim10
 .bss.hdma_usart1_tx
                0x00000000200005dc       0x60 CMakeFiles/BMI_088_SPI_Clion.elf.dir/Core/Src/usart.c.obj
                0x00000000200005dc                hdma_usart1_tx
 .bss.huart1    0x000000002000063c       0x44 CMakeFiles/BMI_088_SPI_Clion.elf.dir/Core/Src/usart.c.obj
                0x000000002000063c                huart1
 .bss.uwTick    0x0000000020000680        0x4 CMakeFiles/BMI_088_SPI_Clion.elf.dir/Drivers/STM32F4xx_HAL_Driver/Src/stm32f4xx_hal.c.obj
                0x0000000020000680                uwTick
 *(COMMON)
 COMMON         0x0000000020000684       0x21 /home/szy/gcc-arm-none-eabi-7-2017-q4-major/bin/../lib/gcc/arm-none-eabi/7.2.1/../../../../arm-none-eabi/lib/thumb/v7e-m/fpv4-sp/hard/libg.a(lib_a-lock.o)
                0x0000000020000684                __lock___atexit_recursive_mutex
                0x0000000020000688                __lock___arc4random_mutex
                0x000000002000068c                __lock___env_recursive_mutex
                0x0000000020000690                __lock___sinit_recursive_mutex
                0x0000000020000694                __lock___malloc_recursive_mutex
                0x0000000020000698                __lock___at_quick_exit_mutex
                0x000000002000069c                __lock___dd_hash_mutex
                0x00000000200006a0                __lock___tz_mutex
                0x00000000200006a4                __lock___sfp_recursive_mutex
                0x00000000200006a8                . = ALIGN (0x4)
 *fill*         0x00000000200006a5        0x3 
                0x00000000200006a8                _ebss = .
                0x00000000200006a8                __bss_end__ = _ebss

._user_heap_stack
                0x00000000200006a8      0x600 load address 0x00000000080031dc
                0x00000000200006a8                . = ALIGN (0x8)
                [!provide]                        PROVIDE (end, .)
                0x00000000200006a8                PROVIDE (_end, .)
                0x00000000200008a8                . = (. + _Min_Heap_Size)
 *fill*         0x00000000200006a8      0x200 
                0x0000000020000ca8                . = (. + _Min_Stack_Size)
 *fill*         0x00000000200008a8      0x400 
                0x0000000020000ca8                . = ALIGN (0x8)

/DISCARD/
 libc.a(*)
 libm.a(*)
 libgcc.a(*)

.ARM.attributes
                0x0000000000000000       0x30
 *(.ARM.attributes)
 .ARM.attributes
                0x0000000000000000       0x22 /home/szy/gcc-arm-none-eabi-7-2017-q4-major/bin/../lib/gcc/arm-none-eabi/7.2.1/thumb/v7e-m/fpv4-sp/hard/crti.o
 .ARM.attributes
                0x0000000000000022       0x34 /home/szy/gcc-arm-none-eabi-7-2017-q4-major/bin/../lib/gcc/arm-none-eabi/7.2.1/thumb/v7e-m/fpv4-sp/hard/crtbegin.o
 .ARM.attributes
                0x0000000000000056       0x39 CMakeFiles/BMI_088_SPI_Clion.elf.dir/Core/Src/dma.c.obj
 .ARM.attributes
                0x000000000000008f       0x39 CMakeFiles/BMI_088_SPI_Clion.elf.dir/Core/Src/gpio.c.obj
 .ARM.attributes
                0x00000000000000c8       0x39 CMakeFiles/BMI_088_SPI_Clion.elf.dir/Core/Src/main.c.obj
 .ARM.attributes
                0x0000000000000101       0x39 CMakeFiles/BMI_088_SPI_Clion.elf.dir/Core/Src/spi.c.obj
 .ARM.attributes
                0x000000000000013a       0x39 CMakeFiles/BMI_088_SPI_Clion.elf.dir/Core/Src/stm32f4xx_hal_msp.c.obj
 .ARM.attributes
                0x0000000000000173       0x39 CMakeFiles/BMI_088_SPI_Clion.elf.dir/Core/Src/stm32f4xx_it.c.obj
 .ARM.attributes
                0x00000000000001ac       0x39 CMakeFiles/BMI_088_SPI_Clion.elf.dir/Core/Src/system_stm32f4xx.c.obj
 .ARM.attributes
                0x00000000000001e5       0x39 CMakeFiles/BMI_088_SPI_Clion.elf.dir/Core/Src/tim.c.obj
 .ARM.attributes
                0x000000000000021e       0x39 CMakeFiles/BMI_088_SPI_Clion.elf.dir/Core/Src/usart.c.obj
 .ARM.attributes
                0x0000000000000257       0x21 CMakeFiles/BMI_088_SPI_Clion.elf.dir/Core/Startup/startup_stm32f407ighx.s.obj
 .ARM.attributes
                0x0000000000000278       0x39 CMakeFiles/BMI_088_SPI_Clion.elf.dir/Drivers/STM32F4xx_HAL_Driver/Src/stm32f4xx_hal.c.obj
 .ARM.attributes
                0x00000000000002b1       0x39 CMakeFiles/BMI_088_SPI_Clion.elf.dir/Drivers/STM32F4xx_HAL_Driver/Src/stm32f4xx_hal_cortex.c.obj
 .ARM.attributes
                0x00000000000002ea       0x39 CMakeFiles/BMI_088_SPI_Clion.elf.dir/Drivers/STM32F4xx_HAL_Driver/Src/stm32f4xx_hal_dma.c.obj
 .ARM.attributes
                0x0000000000000323       0x39 CMakeFiles/BMI_088_SPI_Clion.elf.dir/Drivers/STM32F4xx_HAL_Driver/Src/stm32f4xx_hal_gpio.c.obj
 .ARM.attributes
                0x000000000000035c       0x39 CMakeFiles/BMI_088_SPI_Clion.elf.dir/Drivers/STM32F4xx_HAL_Driver/Src/stm32f4xx_hal_rcc.c.obj
 .ARM.attributes
                0x0000000000000395       0x39 CMakeFiles/BMI_088_SPI_Clion.elf.dir/Drivers/STM32F4xx_HAL_Driver/Src/stm32f4xx_hal_spi.c.obj
 .ARM.attributes
                0x00000000000003ce       0x39 CMakeFiles/BMI_088_SPI_Clion.elf.dir/Drivers/STM32F4xx_HAL_Driver/Src/stm32f4xx_hal_tim.c.obj
 .ARM.attributes
                0x0000000000000407       0x39 CMakeFiles/BMI_088_SPI_Clion.elf.dir/Drivers/STM32F4xx_HAL_Driver/Src/stm32f4xx_hal_uart.c.obj
 .ARM.attributes
                0x0000000000000440       0x39 CMakeFiles/BMI_088_SPI_Clion.elf.dir/component/BMI088/BMI088Middleware.c.obj
 .ARM.attributes
                0x0000000000000479       0x39 CMakeFiles/BMI_088_SPI_Clion.elf.dir/component/BMI088/BMI088driver.c.obj
 .ARM.attributes
                0x00000000000004b2       0x22 /home/szy/gcc-arm-none-eabi-7-2017-q4-major/bin/../lib/gcc/arm-none-eabi/7.2.1/thumb/v7e-m/fpv4-sp/hard/libgcc.a(_aeabi_uldivmod.o)
 .ARM.attributes
                0x00000000000004d4       0x34 /home/szy/gcc-arm-none-eabi-7-2017-q4-major/bin/../lib/gcc/arm-none-eabi/7.2.1/thumb/v7e-m/fpv4-sp/hard/libgcc.a(_udivmoddi4.o)
 .ARM.attributes
                0x0000000000000508       0x22 /home/szy/gcc-arm-none-eabi-7-2017-q4-major/bin/../lib/gcc/arm-none-eabi/7.2.1/thumb/v7e-m/fpv4-sp/hard/libgcc.a(_dvmd_tls.o)
 .ARM.attributes
                0x000000000000052a       0x34 /home/szy/gcc-arm-none-eabi-7-2017-q4-major/bin/../lib/gcc/arm-none-eabi/7.2.1/../../../../arm-none-eabi/lib/thumb/v7e-m/fpv4-sp/hard/libg.a(lib_a-impure.o)
 .ARM.attributes
                0x000000000000055e       0x34 /home/szy/gcc-arm-none-eabi-7-2017-q4-major/bin/../lib/gcc/arm-none-eabi/7.2.1/../../../../arm-none-eabi/lib/thumb/v7e-m/fpv4-sp/hard/libg.a(lib_a-init.o)
 .ARM.attributes
                0x0000000000000592       0x34 /home/szy/gcc-arm-none-eabi-7-2017-q4-major/bin/../lib/gcc/arm-none-eabi/7.2.1/../../../../arm-none-eabi/lib/thumb/v7e-m/fpv4-sp/hard/libg.a(lib_a-memset.o)
 .ARM.attributes
                0x00000000000005c6       0x34 /home/szy/gcc-arm-none-eabi-7-2017-q4-major/bin/../lib/gcc/arm-none-eabi/7.2.1/../../../../arm-none-eabi/lib/thumb/v7e-m/fpv4-sp/hard/libg.a(lib_a-__call_atexit.o)
 .ARM.attributes
                0x00000000000005fa       0x34 /home/szy/gcc-arm-none-eabi-7-2017-q4-major/bin/../lib/gcc/arm-none-eabi/7.2.1/../../../../arm-none-eabi/lib/thumb/v7e-m/fpv4-sp/hard/libg.a(lib_a-atexit.o)
 .ARM.attributes
                0x000000000000062e       0x34 /home/szy/gcc-arm-none-eabi-7-2017-q4-major/bin/../lib/gcc/arm-none-eabi/7.2.1/../../../../arm-none-eabi/lib/thumb/v7e-m/fpv4-sp/hard/libg.a(lib_a-fini.o)
 .ARM.attributes
                0x0000000000000662       0x34 /home/szy/gcc-arm-none-eabi-7-2017-q4-major/bin/../lib/gcc/arm-none-eabi/7.2.1/../../../../arm-none-eabi/lib/thumb/v7e-m/fpv4-sp/hard/libg.a(lib_a-lock.o)
 .ARM.attributes
                0x0000000000000696       0x34 /home/szy/gcc-arm-none-eabi-7-2017-q4-major/bin/../lib/gcc/arm-none-eabi/7.2.1/../../../../arm-none-eabi/lib/thumb/v7e-m/fpv4-sp/hard/libg.a(lib_a-__atexit.o)
 .ARM.attributes
                0x00000000000006ca       0x22 /home/szy/gcc-arm-none-eabi-7-2017-q4-major/bin/../lib/gcc/arm-none-eabi/7.2.1/thumb/v7e-m/fpv4-sp/hard/crtn.o
OUTPUT(BMI_088_SPI_Clion.elf elf32-littlearm)

.debug_info     0x0000000000000000    0x107ff
 .debug_info    0x0000000000000000      0x61e CMakeFiles/BMI_088_SPI_Clion.elf.dir/Core/Src/dma.c.obj
 .debug_info    0x000000000000061e      0x5c2 CMakeFiles/BMI_088_SPI_Clion.elf.dir/Core/Src/gpio.c.obj
 .debug_info    0x0000000000000be0     0x120b CMakeFiles/BMI_088_SPI_Clion.elf.dir/Core/Src/main.c.obj
 .debug_info    0x0000000000001deb      0xb26 CMakeFiles/BMI_088_SPI_Clion.elf.dir/Core/Src/spi.c.obj
 .debug_info    0x0000000000002911      0x35e CMakeFiles/BMI_088_SPI_Clion.elf.dir/Core/Src/stm32f4xx_hal_msp.c.obj
 .debug_info    0x0000000000002c6f      0x75a CMakeFiles/BMI_088_SPI_Clion.elf.dir/Core/Src/stm32f4xx_it.c.obj
 .debug_info    0x00000000000033c9      0x555 CMakeFiles/BMI_088_SPI_Clion.elf.dir/Core/Src/system_stm32f4xx.c.obj
 .debug_info    0x000000000000391e      0xbd5 CMakeFiles/BMI_088_SPI_Clion.elf.dir/Core/Src/tim.c.obj
 .debug_info    0x00000000000044f3      0xcd2 CMakeFiles/BMI_088_SPI_Clion.elf.dir/Core/Src/usart.c.obj
 .debug_info    0x00000000000051c5       0x22 CMakeFiles/BMI_088_SPI_Clion.elf.dir/Core/Startup/startup_stm32f407ighx.s.obj
 .debug_info    0x00000000000051e7      0x9ed CMakeFiles/BMI_088_SPI_Clion.elf.dir/Drivers/STM32F4xx_HAL_Driver/Src/stm32f4xx_hal.c.obj
 .debug_info    0x0000000000005bd4      0xf88 CMakeFiles/BMI_088_SPI_Clion.elf.dir/Drivers/STM32F4xx_HAL_Driver/Src/stm32f4xx_hal_cortex.c.obj
 .debug_info    0x0000000000006b5c      0xaa9 CMakeFiles/BMI_088_SPI_Clion.elf.dir/Drivers/STM32F4xx_HAL_Driver/Src/stm32f4xx_hal_dma.c.obj
 .debug_info    0x0000000000007605      0x7cc CMakeFiles/BMI_088_SPI_Clion.elf.dir/Drivers/STM32F4xx_HAL_Driver/Src/stm32f4xx_hal_gpio.c.obj
 .debug_info    0x0000000000007dd1      0xa90 CMakeFiles/BMI_088_SPI_Clion.elf.dir/Drivers/STM32F4xx_HAL_Driver/Src/stm32f4xx_hal_rcc.c.obj
 .debug_info    0x0000000000008861     0x1c48 CMakeFiles/BMI_088_SPI_Clion.elf.dir/Drivers/STM32F4xx_HAL_Driver/Src/stm32f4xx_hal_spi.c.obj
 .debug_info    0x000000000000a4a9     0x359a CMakeFiles/BMI_088_SPI_Clion.elf.dir/Drivers/STM32F4xx_HAL_Driver/Src/stm32f4xx_hal_tim.c.obj
 .debug_info    0x000000000000da43     0x1a81 CMakeFiles/BMI_088_SPI_Clion.elf.dir/Drivers/STM32F4xx_HAL_Driver/Src/stm32f4xx_hal_uart.c.obj
 .debug_info    0x000000000000f4c4      0x95e CMakeFiles/BMI_088_SPI_Clion.elf.dir/component/BMI088/BMI088Middleware.c.obj
 .debug_info    0x000000000000fe22      0x9dd CMakeFiles/BMI_088_SPI_Clion.elf.dir/component/BMI088/BMI088driver.c.obj

.debug_abbrev   0x0000000000000000     0x2496
 .debug_abbrev  0x0000000000000000      0x13d CMakeFiles/BMI_088_SPI_Clion.elf.dir/Core/Src/dma.c.obj
 .debug_abbrev  0x000000000000013d      0x15f CMakeFiles/BMI_088_SPI_Clion.elf.dir/Core/Src/gpio.c.obj
 .debug_abbrev  0x000000000000029c      0x219 CMakeFiles/BMI_088_SPI_Clion.elf.dir/Core/Src/main.c.obj
 .debug_abbrev  0x00000000000004b5      0x1cc CMakeFiles/BMI_088_SPI_Clion.elf.dir/Core/Src/spi.c.obj
 .debug_abbrev  0x0000000000000681      0x106 CMakeFiles/BMI_088_SPI_Clion.elf.dir/Core/Src/stm32f4xx_hal_msp.c.obj
 .debug_abbrev  0x0000000000000787      0x175 CMakeFiles/BMI_088_SPI_Clion.elf.dir/Core/Src/stm32f4xx_it.c.obj
 .debug_abbrev  0x00000000000008fc      0x128 CMakeFiles/BMI_088_SPI_Clion.elf.dir/Core/Src/system_stm32f4xx.c.obj
 .debug_abbrev  0x0000000000000a24      0x1ef CMakeFiles/BMI_088_SPI_Clion.elf.dir/Core/Src/tim.c.obj
 .debug_abbrev  0x0000000000000c13      0x1e0 CMakeFiles/BMI_088_SPI_Clion.elf.dir/Core/Src/usart.c.obj
 .debug_abbrev  0x0000000000000df3       0x12 CMakeFiles/BMI_088_SPI_Clion.elf.dir/Core/Startup/startup_stm32f407ighx.s.obj
 .debug_abbrev  0x0000000000000e05      0x1ea CMakeFiles/BMI_088_SPI_Clion.elf.dir/Drivers/STM32F4xx_HAL_Driver/Src/stm32f4xx_hal.c.obj
 .debug_abbrev  0x0000000000000fef      0x325 CMakeFiles/BMI_088_SPI_Clion.elf.dir/Drivers/STM32F4xx_HAL_Driver/Src/stm32f4xx_hal_cortex.c.obj
 .debug_abbrev  0x0000000000001314      0x28d CMakeFiles/BMI_088_SPI_Clion.elf.dir/Drivers/STM32F4xx_HAL_Driver/Src/stm32f4xx_hal_dma.c.obj
 .debug_abbrev  0x00000000000015a1      0x1e4 CMakeFiles/BMI_088_SPI_Clion.elf.dir/Drivers/STM32F4xx_HAL_Driver/Src/stm32f4xx_hal_gpio.c.obj
 .debug_abbrev  0x0000000000001785      0x270 CMakeFiles/BMI_088_SPI_Clion.elf.dir/Drivers/STM32F4xx_HAL_Driver/Src/stm32f4xx_hal_rcc.c.obj
 .debug_abbrev  0x00000000000019f5      0x246 CMakeFiles/BMI_088_SPI_Clion.elf.dir/Drivers/STM32F4xx_HAL_Driver/Src/stm32f4xx_hal_spi.c.obj
 .debug_abbrev  0x0000000000001c3b      0x223 CMakeFiles/BMI_088_SPI_Clion.elf.dir/Drivers/STM32F4xx_HAL_Driver/Src/stm32f4xx_hal_tim.c.obj
 .debug_abbrev  0x0000000000001e5e      0x294 CMakeFiles/BMI_088_SPI_Clion.elf.dir/Drivers/STM32F4xx_HAL_Driver/Src/stm32f4xx_hal_uart.c.obj
 .debug_abbrev  0x00000000000020f2      0x1e8 CMakeFiles/BMI_088_SPI_Clion.elf.dir/component/BMI088/BMI088Middleware.c.obj
 .debug_abbrev  0x00000000000022da      0x1bc CMakeFiles/BMI_088_SPI_Clion.elf.dir/component/BMI088/BMI088driver.c.obj

.debug_aranges  0x0000000000000000      0xd50
 .debug_aranges
                0x0000000000000000       0x20 CMakeFiles/BMI_088_SPI_Clion.elf.dir/Core/Src/dma.c.obj
 .debug_aranges
                0x0000000000000020       0x20 CMakeFiles/BMI_088_SPI_Clion.elf.dir/Core/Src/gpio.c.obj
 .debug_aranges
                0x0000000000000040       0x30 CMakeFiles/BMI_088_SPI_Clion.elf.dir/Core/Src/main.c.obj
 .debug_aranges
                0x0000000000000070       0x30 CMakeFiles/BMI_088_SPI_Clion.elf.dir/Core/Src/spi.c.obj
 .debug_aranges
                0x00000000000000a0       0x20 CMakeFiles/BMI_088_SPI_Clion.elf.dir/Core/Src/stm32f4xx_hal_msp.c.obj
 .debug_aranges
                0x00000000000000c0       0x80 CMakeFiles/BMI_088_SPI_Clion.elf.dir/Core/Src/stm32f4xx_it.c.obj
 .debug_aranges
                0x0000000000000140       0x28 CMakeFiles/BMI_088_SPI_Clion.elf.dir/Core/Src/system_stm32f4xx.c.obj
 .debug_aranges
                0x0000000000000168       0x38 CMakeFiles/BMI_088_SPI_Clion.elf.dir/Core/Src/tim.c.obj
 .debug_aranges
                0x00000000000001a0       0x30 CMakeFiles/BMI_088_SPI_Clion.elf.dir/Core/Src/usart.c.obj
 .debug_aranges
                0x00000000000001d0       0x28 CMakeFiles/BMI_088_SPI_Clion.elf.dir/Core/Startup/startup_stm32f407ighx.s.obj
 .debug_aranges
                0x00000000000001f8       0xf0 CMakeFiles/BMI_088_SPI_Clion.elf.dir/Drivers/STM32F4xx_HAL_Driver/Src/stm32f4xx_hal.c.obj
 .debug_aranges
                0x00000000000002e8       0xa8 CMakeFiles/BMI_088_SPI_Clion.elf.dir/Drivers/STM32F4xx_HAL_Driver/Src/stm32f4xx_hal_cortex.c.obj
 .debug_aranges
                0x0000000000000390       0x90 CMakeFiles/BMI_088_SPI_Clion.elf.dir/Drivers/STM32F4xx_HAL_Driver/Src/stm32f4xx_hal_dma.c.obj
 .debug_aranges
                0x0000000000000420       0x58 CMakeFiles/BMI_088_SPI_Clion.elf.dir/Drivers/STM32F4xx_HAL_Driver/Src/stm32f4xx_hal_gpio.c.obj
 .debug_aranges
                0x0000000000000478       0x88 CMakeFiles/BMI_088_SPI_Clion.elf.dir/Drivers/STM32F4xx_HAL_Driver/Src/stm32f4xx_hal_rcc.c.obj
 .debug_aranges
                0x0000000000000500      0x1d0 CMakeFiles/BMI_088_SPI_Clion.elf.dir/Drivers/STM32F4xx_HAL_Driver/Src/stm32f4xx_hal_spi.c.obj
 .debug_aranges
                0x00000000000006d0      0x3d0 CMakeFiles/BMI_088_SPI_Clion.elf.dir/Drivers/STM32F4xx_HAL_Driver/Src/stm32f4xx_hal_tim.c.obj
 .debug_aranges
                0x0000000000000aa0      0x200 CMakeFiles/BMI_088_SPI_Clion.elf.dir/Drivers/STM32F4xx_HAL_Driver/Src/stm32f4xx_hal_uart.c.obj
 .debug_aranges
                0x0000000000000ca0       0x60 CMakeFiles/BMI_088_SPI_Clion.elf.dir/component/BMI088/BMI088Middleware.c.obj
 .debug_aranges
                0x0000000000000d00       0x50 CMakeFiles/BMI_088_SPI_Clion.elf.dir/component/BMI088/BMI088driver.c.obj

.debug_ranges   0x0000000000000000      0xc90
 .debug_ranges  0x0000000000000000       0x10 CMakeFiles/BMI_088_SPI_Clion.elf.dir/Core/Src/dma.c.obj
 .debug_ranges  0x0000000000000010       0x10 CMakeFiles/BMI_088_SPI_Clion.elf.dir/Core/Src/gpio.c.obj
 .debug_ranges  0x0000000000000020       0x20 CMakeFiles/BMI_088_SPI_Clion.elf.dir/Core/Src/main.c.obj
 .debug_ranges  0x0000000000000040       0x20 CMakeFiles/BMI_088_SPI_Clion.elf.dir/Core/Src/spi.c.obj
 .debug_ranges  0x0000000000000060       0x10 CMakeFiles/BMI_088_SPI_Clion.elf.dir/Core/Src/stm32f4xx_hal_msp.c.obj
 .debug_ranges  0x0000000000000070       0x70 CMakeFiles/BMI_088_SPI_Clion.elf.dir/Core/Src/stm32f4xx_it.c.obj
 .debug_ranges  0x00000000000000e0       0x18 CMakeFiles/BMI_088_SPI_Clion.elf.dir/Core/Src/system_stm32f4xx.c.obj
 .debug_ranges  0x00000000000000f8       0x28 CMakeFiles/BMI_088_SPI_Clion.elf.dir/Core/Src/tim.c.obj
 .debug_ranges  0x0000000000000120       0x20 CMakeFiles/BMI_088_SPI_Clion.elf.dir/Core/Src/usart.c.obj
 .debug_ranges  0x0000000000000140       0x20 CMakeFiles/BMI_088_SPI_Clion.elf.dir/Core/Startup/startup_stm32f407ighx.s.obj
 .debug_ranges  0x0000000000000160       0xe0 CMakeFiles/BMI_088_SPI_Clion.elf.dir/Drivers/STM32F4xx_HAL_Driver/Src/stm32f4xx_hal.c.obj
 .debug_ranges  0x0000000000000240       0xf8 CMakeFiles/BMI_088_SPI_Clion.elf.dir/Drivers/STM32F4xx_HAL_Driver/Src/stm32f4xx_hal_cortex.c.obj
 .debug_ranges  0x0000000000000338       0x80 CMakeFiles/BMI_088_SPI_Clion.elf.dir/Drivers/STM32F4xx_HAL_Driver/Src/stm32f4xx_hal_dma.c.obj
 .debug_ranges  0x00000000000003b8       0x48 CMakeFiles/BMI_088_SPI_Clion.elf.dir/Drivers/STM32F4xx_HAL_Driver/Src/stm32f4xx_hal_gpio.c.obj
 .debug_ranges  0x0000000000000400       0x90 CMakeFiles/BMI_088_SPI_Clion.elf.dir/Drivers/STM32F4xx_HAL_Driver/Src/stm32f4xx_hal_rcc.c.obj
 .debug_ranges  0x0000000000000490      0x1c0 CMakeFiles/BMI_088_SPI_Clion.elf.dir/Drivers/STM32F4xx_HAL_Driver/Src/stm32f4xx_hal_spi.c.obj
 .debug_ranges  0x0000000000000650      0x3c0 CMakeFiles/BMI_088_SPI_Clion.elf.dir/Drivers/STM32F4xx_HAL_Driver/Src/stm32f4xx_hal_tim.c.obj
 .debug_ranges  0x0000000000000a10      0x1f0 CMakeFiles/BMI_088_SPI_Clion.elf.dir/Drivers/STM32F4xx_HAL_Driver/Src/stm32f4xx_hal_uart.c.obj
 .debug_ranges  0x0000000000000c00       0x50 CMakeFiles/BMI_088_SPI_Clion.elf.dir/component/BMI088/BMI088Middleware.c.obj
 .debug_ranges  0x0000000000000c50       0x40 CMakeFiles/BMI_088_SPI_Clion.elf.dir/component/BMI088/BMI088driver.c.obj

.debug_line     0x0000000000000000     0x7440
 .debug_line    0x0000000000000000      0x256 CMakeFiles/BMI_088_SPI_Clion.elf.dir/Core/Src/dma.c.obj
 .debug_line    0x0000000000000256      0x26a CMakeFiles/BMI_088_SPI_Clion.elf.dir/Core/Src/gpio.c.obj
 .debug_line    0x00000000000004c0      0x422 CMakeFiles/BMI_088_SPI_Clion.elf.dir/Core/Src/main.c.obj
 .debug_line    0x00000000000008e2      0x344 CMakeFiles/BMI_088_SPI_Clion.elf.dir/Core/Src/spi.c.obj
 .debug_line    0x0000000000000c26      0x246 CMakeFiles/BMI_088_SPI_Clion.elf.dir/Core/Src/stm32f4xx_hal_msp.c.obj
 .debug_line    0x0000000000000e6c      0x351 CMakeFiles/BMI_088_SPI_Clion.elf.dir/Core/Src/stm32f4xx_it.c.obj
 .debug_line    0x00000000000011bd      0x270 CMakeFiles/BMI_088_SPI_Clion.elf.dir/Core/Src/system_stm32f4xx.c.obj
 .debug_line    0x000000000000142d      0x332 CMakeFiles/BMI_088_SPI_Clion.elf.dir/Core/Src/tim.c.obj
 .debug_line    0x000000000000175f      0x349 CMakeFiles/BMI_088_SPI_Clion.elf.dir/Core/Src/usart.c.obj
 .debug_line    0x0000000000001aa8       0xac CMakeFiles/BMI_088_SPI_Clion.elf.dir/Core/Startup/startup_stm32f407ighx.s.obj
 .debug_line    0x0000000000001b54      0x48e CMakeFiles/BMI_088_SPI_Clion.elf.dir/Drivers/STM32F4xx_HAL_Driver/Src/stm32f4xx_hal.c.obj
 .debug_line    0x0000000000001fe2      0x4d8 CMakeFiles/BMI_088_SPI_Clion.elf.dir/Drivers/STM32F4xx_HAL_Driver/Src/stm32f4xx_hal_cortex.c.obj
 .debug_line    0x00000000000024ba      0x5b3 CMakeFiles/BMI_088_SPI_Clion.elf.dir/Drivers/STM32F4xx_HAL_Driver/Src/stm32f4xx_hal_dma.c.obj
 .debug_line    0x0000000000002a6d      0x40a CMakeFiles/BMI_088_SPI_Clion.elf.dir/Drivers/STM32F4xx_HAL_Driver/Src/stm32f4xx_hal_gpio.c.obj
 .debug_line    0x0000000000002e77      0x54b CMakeFiles/BMI_088_SPI_Clion.elf.dir/Drivers/STM32F4xx_HAL_Driver/Src/stm32f4xx_hal_rcc.c.obj
 .debug_line    0x00000000000033c2      0xd17 CMakeFiles/BMI_088_SPI_Clion.elf.dir/Drivers/STM32F4xx_HAL_Driver/Src/stm32f4xx_hal_spi.c.obj
 .debug_line    0x00000000000040d9     0x1f5a CMakeFiles/BMI_088_SPI_Clion.elf.dir/Drivers/STM32F4xx_HAL_Driver/Src/stm32f4xx_hal_tim.c.obj
 .debug_line    0x0000000000006033      0xd7c CMakeFiles/BMI_088_SPI_Clion.elf.dir/Drivers/STM32F4xx_HAL_Driver/Src/stm32f4xx_hal_uart.c.obj
 .debug_line    0x0000000000006daf      0x342 CMakeFiles/BMI_088_SPI_Clion.elf.dir/component/BMI088/BMI088Middleware.c.obj
 .debug_line    0x00000000000070f1      0x34f CMakeFiles/BMI_088_SPI_Clion.elf.dir/component/BMI088/BMI088driver.c.obj

.debug_str      0x0000000000000000     0x4432
 .debug_str     0x0000000000000000      0x8b2 CMakeFiles/BMI_088_SPI_Clion.elf.dir/Core/Src/dma.c.obj
                                        0x904 (size before relaxing)
 .debug_str     0x00000000000008b2       0xf3 CMakeFiles/BMI_088_SPI_Clion.elf.dir/Core/Src/gpio.c.obj
                                        0x4ad (size before relaxing)
 .debug_str     0x00000000000009a5      0xa59 CMakeFiles/BMI_088_SPI_Clion.elf.dir/Core/Src/main.c.obj
                                        0xf36 (size before relaxing)
 .debug_str     0x00000000000013fe       0xb5 CMakeFiles/BMI_088_SPI_Clion.elf.dir/Core/Src/spi.c.obj
                                        0x95a (size before relaxing)
 .debug_str     0x00000000000014b3       0x50 CMakeFiles/BMI_088_SPI_Clion.elf.dir/Core/Src/stm32f4xx_hal_msp.c.obj
                                        0x3fc (size before relaxing)
 .debug_str     0x0000000000001503      0x16b CMakeFiles/BMI_088_SPI_Clion.elf.dir/Core/Src/stm32f4xx_it.c.obj
                                        0x86a (size before relaxing)
 .debug_str     0x000000000000166e       0xd3 CMakeFiles/BMI_088_SPI_Clion.elf.dir/Core/Src/system_stm32f4xx.c.obj
                                        0x478 (size before relaxing)
 .debug_str     0x0000000000001741      0x131 CMakeFiles/BMI_088_SPI_Clion.elf.dir/Core/Src/tim.c.obj
                                        0xad1 (size before relaxing)
 .debug_str     0x0000000000001872       0x89 CMakeFiles/BMI_088_SPI_Clion.elf.dir/Core/Src/usart.c.obj
                                        0xe80 (size before relaxing)
 .debug_str     0x00000000000018fb       0x5b CMakeFiles/BMI_088_SPI_Clion.elf.dir/Core/Startup/startup_stm32f407ighx.s.obj
                                         0x94 (size before relaxing)
 .debug_str     0x0000000000001956      0x2f0 CMakeFiles/BMI_088_SPI_Clion.elf.dir/Drivers/STM32F4xx_HAL_Driver/Src/stm32f4xx_hal.c.obj
                                        0xc0a (size before relaxing)
 .debug_str     0x0000000000001c46      0x451 CMakeFiles/BMI_088_SPI_Clion.elf.dir/Drivers/STM32F4xx_HAL_Driver/Src/stm32f4xx_hal_cortex.c.obj
                                        0xd49 (size before relaxing)
 .debug_str     0x0000000000002097      0x2fb CMakeFiles/BMI_088_SPI_Clion.elf.dir/Drivers/STM32F4xx_HAL_Driver/Src/stm32f4xx_hal_dma.c.obj
                                        0x895 (size before relaxing)
 .debug_str     0x0000000000002392      0x147 CMakeFiles/BMI_088_SPI_Clion.elf.dir/Drivers/STM32F4xx_HAL_Driver/Src/stm32f4xx_hal_gpio.c.obj
                                        0x60f (size before relaxing)
 .debug_str     0x00000000000024d9      0x1b7 CMakeFiles/BMI_088_SPI_Clion.elf.dir/Drivers/STM32F4xx_HAL_Driver/Src/stm32f4xx_hal_rcc.c.obj
                                        0x7ed (size before relaxing)
 .debug_str     0x0000000000002690      0x551 CMakeFiles/BMI_088_SPI_Clion.elf.dir/Drivers/STM32F4xx_HAL_Driver/Src/stm32f4xx_hal_spi.c.obj
                                        0xd19 (size before relaxing)
 .debug_str     0x0000000000002be1      0xe69 CMakeFiles/BMI_088_SPI_Clion.elf.dir/Drivers/STM32F4xx_HAL_Driver/Src/stm32f4xx_hal_tim.c.obj
                                       0x17f3 (size before relaxing)
 .debug_str     0x0000000000003a4a      0x5e6 CMakeFiles/BMI_088_SPI_Clion.elf.dir/Drivers/STM32F4xx_HAL_Driver/Src/stm32f4xx_hal_uart.c.obj
                                        0xe53 (size before relaxing)
 .debug_str     0x0000000000004030       0xff CMakeFiles/BMI_088_SPI_Clion.elf.dir/component/BMI088/BMI088Middleware.c.obj
                                        0x8a1 (size before relaxing)
 .debug_str     0x000000000000412f      0x303 CMakeFiles/BMI_088_SPI_Clion.elf.dir/component/BMI088/BMI088driver.c.obj
                                        0x696 (size before relaxing)

.comment        0x0000000000000000       0x7e
 .comment       0x0000000000000000       0x7e CMakeFiles/BMI_088_SPI_Clion.elf.dir/Core/Src/dma.c.obj
                                         0x7f (size before relaxing)
 .comment       0x000000000000007e       0x7f CMakeFiles/BMI_088_SPI_Clion.elf.dir/Core/Src/gpio.c.obj
 .comment       0x000000000000007e       0x7f CMakeFiles/BMI_088_SPI_Clion.elf.dir/Core/Src/main.c.obj
 .comment       0x000000000000007e       0x7f CMakeFiles/BMI_088_SPI_Clion.elf.dir/Core/Src/spi.c.obj
 .comment       0x000000000000007e       0x7f CMakeFiles/BMI_088_SPI_Clion.elf.dir/Core/Src/stm32f4xx_hal_msp.c.obj
 .comment       0x000000000000007e       0x7f CMakeFiles/BMI_088_SPI_Clion.elf.dir/Core/Src/stm32f4xx_it.c.obj
 .comment       0x000000000000007e       0x7f CMakeFiles/BMI_088_SPI_Clion.elf.dir/Core/Src/system_stm32f4xx.c.obj
 .comment       0x000000000000007e       0x7f CMakeFiles/BMI_088_SPI_Clion.elf.dir/Core/Src/tim.c.obj
 .comment       0x000000000000007e       0x7f CMakeFiles/BMI_088_SPI_Clion.elf.dir/Core/Src/usart.c.obj
 .comment       0x000000000000007e       0x7f CMakeFiles/BMI_088_SPI_Clion.elf.dir/Drivers/STM32F4xx_HAL_Driver/Src/stm32f4xx_hal.c.obj
 .comment       0x000000000000007e       0x7f CMakeFiles/BMI_088_SPI_Clion.elf.dir/Drivers/STM32F4xx_HAL_Driver/Src/stm32f4xx_hal_cortex.c.obj
 .comment       0x000000000000007e       0x7f CMakeFiles/BMI_088_SPI_Clion.elf.dir/Drivers/STM32F4xx_HAL_Driver/Src/stm32f4xx_hal_dma.c.obj
 .comment       0x000000000000007e       0x7f CMakeFiles/BMI_088_SPI_Clion.elf.dir/Drivers/STM32F4xx_HAL_Driver/Src/stm32f4xx_hal_gpio.c.obj
 .comment       0x000000000000007e       0x7f CMakeFiles/BMI_088_SPI_Clion.elf.dir/Drivers/STM32F4xx_HAL_Driver/Src/stm32f4xx_hal_rcc.c.obj
 .comment       0x000000000000007e       0x7f CMakeFiles/BMI_088_SPI_Clion.elf.dir/Drivers/STM32F4xx_HAL_Driver/Src/stm32f4xx_hal_spi.c.obj
 .comment       0x000000000000007e       0x7f CMakeFiles/BMI_088_SPI_Clion.elf.dir/Drivers/STM32F4xx_HAL_Driver/Src/stm32f4xx_hal_tim.c.obj
 .comment       0x000000000000007e       0x7f CMakeFiles/BMI_088_SPI_Clion.elf.dir/Drivers/STM32F4xx_HAL_Driver/Src/stm32f4xx_hal_uart.c.obj
 .comment       0x000000000000007e       0x7f CMakeFiles/BMI_088_SPI_Clion.elf.dir/component/BMI088/BMI088Middleware.c.obj
 .comment       0x000000000000007e       0x7f CMakeFiles/BMI_088_SPI_Clion.elf.dir/component/BMI088/BMI088driver.c.obj

.debug_frame    0x0000000000000000     0x2584
 .debug_frame   0x0000000000000000       0x30 CMakeFiles/BMI_088_SPI_Clion.elf.dir/Core/Src/dma.c.obj
 .debug_frame   0x0000000000000030       0x38 CMakeFiles/BMI_088_SPI_Clion.elf.dir/Core/Src/gpio.c.obj
 .debug_frame   0x0000000000000068       0x58 CMakeFiles/BMI_088_SPI_Clion.elf.dir/Core/Src/main.c.obj
 .debug_frame   0x00000000000000c0       0x68 CMakeFiles/BMI_088_SPI_Clion.elf.dir/Core/Src/spi.c.obj
 .debug_frame   0x0000000000000128       0x28 CMakeFiles/BMI_088_SPI_Clion.elf.dir/Core/Src/stm32f4xx_hal_msp.c.obj
 .debug_frame   0x0000000000000150      0x108 CMakeFiles/BMI_088_SPI_Clion.elf.dir/Core/Src/stm32f4xx_it.c.obj
 .debug_frame   0x0000000000000258       0x30 CMakeFiles/BMI_088_SPI_Clion.elf.dir/Core/Src/system_stm32f4xx.c.obj
 .debug_frame   0x0000000000000288       0x78 CMakeFiles/BMI_088_SPI_Clion.elf.dir/Core/Src/tim.c.obj
 .debug_frame   0x0000000000000300       0x64 CMakeFiles/BMI_088_SPI_Clion.elf.dir/Core/Src/usart.c.obj
 .debug_frame   0x0000000000000364      0x1ec CMakeFiles/BMI_088_SPI_Clion.elf.dir/Drivers/STM32F4xx_HAL_Driver/Src/stm32f4xx_hal.c.obj
 .debug_frame   0x0000000000000550      0x15c CMakeFiles/BMI_088_SPI_Clion.elf.dir/Drivers/STM32F4xx_HAL_Driver/Src/stm32f4xx_hal_cortex.c.obj
 .debug_frame   0x00000000000006ac      0x188 CMakeFiles/BMI_088_SPI_Clion.elf.dir/Drivers/STM32F4xx_HAL_Driver/Src/stm32f4xx_hal_dma.c.obj
 .debug_frame   0x0000000000000834       0xd8 CMakeFiles/BMI_088_SPI_Clion.elf.dir/Drivers/STM32F4xx_HAL_Driver/Src/stm32f4xx_hal_gpio.c.obj
 .debug_frame   0x000000000000090c      0x184 CMakeFiles/BMI_088_SPI_Clion.elf.dir/Drivers/STM32F4xx_HAL_Driver/Src/stm32f4xx_hal_rcc.c.obj
 .debug_frame   0x0000000000000a90      0x5a0 CMakeFiles/BMI_088_SPI_Clion.elf.dir/Drivers/STM32F4xx_HAL_Driver/Src/stm32f4xx_hal_spi.c.obj
 .debug_frame   0x0000000000001030      0xb78 CMakeFiles/BMI_088_SPI_Clion.elf.dir/Drivers/STM32F4xx_HAL_Driver/Src/stm32f4xx_hal_tim.c.obj
 .debug_frame   0x0000000000001ba8      0x5c4 CMakeFiles/BMI_088_SPI_Clion.elf.dir/Drivers/STM32F4xx_HAL_Driver/Src/stm32f4xx_hal_uart.c.obj
 .debug_frame   0x000000000000216c       0xe0 CMakeFiles/BMI_088_SPI_Clion.elf.dir/component/BMI088/BMI088Middleware.c.obj
 .debug_frame   0x000000000000224c       0xe0 CMakeFiles/BMI_088_SPI_Clion.elf.dir/component/BMI088/BMI088driver.c.obj
 .debug_frame   0x000000000000232c       0x2c /home/szy/gcc-arm-none-eabi-7-2017-q4-major/bin/../lib/gcc/arm-none-eabi/7.2.1/thumb/v7e-m/fpv4-sp/hard/libgcc.a(_aeabi_uldivmod.o)
 .debug_frame   0x0000000000002358       0x34 /home/szy/gcc-arm-none-eabi-7-2017-q4-major/bin/../lib/gcc/arm-none-eabi/7.2.1/thumb/v7e-m/fpv4-sp/hard/libgcc.a(_udivmoddi4.o)
 .debug_frame   0x000000000000238c       0x2c /home/szy/gcc-arm-none-eabi-7-2017-q4-major/bin/../lib/gcc/arm-none-eabi/7.2.1/../../../../arm-none-eabi/lib/thumb/v7e-m/fpv4-sp/hard/libg.a(lib_a-init.o)
 .debug_frame   0x00000000000023b8       0x38 /home/szy/gcc-arm-none-eabi-7-2017-q4-major/bin/../lib/gcc/arm-none-eabi/7.2.1/../../../../arm-none-eabi/lib/thumb/v7e-m/fpv4-sp/hard/libg.a(lib_a-memset.o)
 .debug_frame   0x00000000000023f0       0x5c /home/szy/gcc-arm-none-eabi-7-2017-q4-major/bin/../lib/gcc/arm-none-eabi/7.2.1/../../../../arm-none-eabi/lib/thumb/v7e-m/fpv4-sp/hard/libg.a(lib_a-__call_atexit.o)
 .debug_frame   0x000000000000244c       0x20 /home/szy/gcc-arm-none-eabi-7-2017-q4-major/bin/../lib/gcc/arm-none-eabi/7.2.1/../../../../arm-none-eabi/lib/thumb/v7e-m/fpv4-sp/hard/libg.a(lib_a-atexit.o)
 .debug_frame   0x000000000000246c       0x34 /home/szy/gcc-arm-none-eabi-7-2017-q4-major/bin/../lib/gcc/arm-none-eabi/7.2.1/../../../../arm-none-eabi/lib/thumb/v7e-m/fpv4-sp/hard/libg.a(lib_a-fini.o)
 .debug_frame   0x00000000000024a0       0xb0 /home/szy/gcc-arm-none-eabi-7-2017-q4-major/bin/../lib/gcc/arm-none-eabi/7.2.1/../../../../arm-none-eabi/lib/thumb/v7e-m/fpv4-sp/hard/libg.a(lib_a-lock.o)
 .debug_frame   0x0000000000002550       0x34 /home/szy/gcc-arm-none-eabi-7-2017-q4-major/bin/../lib/gcc/arm-none-eabi/7.2.1/../../../../arm-none-eabi/lib/thumb/v7e-m/fpv4-sp/hard/libg.a(lib_a-__atexit.o)

.debug_loc      0x0000000000000000     0x9caf
 .debug_loc     0x0000000000000000       0x63 CMakeFiles/BMI_088_SPI_Clion.elf.dir/Core/Src/spi.c.obj
 .debug_loc     0x0000000000000063      0x13e CMakeFiles/BMI_088_SPI_Clion.elf.dir/Core/Src/system_stm32f4xx.c.obj
 .debug_loc     0x00000000000001a1       0x3a CMakeFiles/BMI_088_SPI_Clion.elf.dir/Core/Src/tim.c.obj
 .debug_loc     0x00000000000001db       0x63 CMakeFiles/BMI_088_SPI_Clion.elf.dir/Core/Src/usart.c.obj
 .debug_loc     0x000000000000023e      0x11b CMakeFiles/BMI_088_SPI_Clion.elf.dir/Drivers/STM32F4xx_HAL_Driver/Src/stm32f4xx_hal.c.obj
 .debug_loc     0x0000000000000359      0x5ce CMakeFiles/BMI_088_SPI_Clion.elf.dir/Drivers/STM32F4xx_HAL_Driver/Src/stm32f4xx_hal_cortex.c.obj
 .debug_loc     0x0000000000000927      0xb4e CMakeFiles/BMI_088_SPI_Clion.elf.dir/Drivers/STM32F4xx_HAL_Driver/Src/stm32f4xx_hal_dma.c.obj
 .debug_loc     0x0000000000001475      0x475 CMakeFiles/BMI_088_SPI_Clion.elf.dir/Drivers/STM32F4xx_HAL_Driver/Src/stm32f4xx_hal_gpio.c.obj
 .debug_loc     0x00000000000018ea      0x40f CMakeFiles/BMI_088_SPI_Clion.elf.dir/Drivers/STM32F4xx_HAL_Driver/Src/stm32f4xx_hal_rcc.c.obj
 .debug_loc     0x0000000000001cf9     0x1a84 CMakeFiles/BMI_088_SPI_Clion.elf.dir/Drivers/STM32F4xx_HAL_Driver/Src/stm32f4xx_hal_spi.c.obj
 .debug_loc     0x000000000000377d     0x4670 CMakeFiles/BMI_088_SPI_Clion.elf.dir/Drivers/STM32F4xx_HAL_Driver/Src/stm32f4xx_hal_tim.c.obj
 .debug_loc     0x0000000000007ded     0x1ac3 CMakeFiles/BMI_088_SPI_Clion.elf.dir/Drivers/STM32F4xx_HAL_Driver/Src/stm32f4xx_hal_uart.c.obj
 .debug_loc     0x00000000000098b0      0x146 CMakeFiles/BMI_088_SPI_Clion.elf.dir/component/BMI088/BMI088Middleware.c.obj
 .debug_loc     0x00000000000099f6      0x2b9 CMakeFiles/BMI_088_SPI_Clion.elf.dir/component/BMI088/BMI088driver.c.obj
